06-17 16:23:17.010   779   856 V WindowManagerShell: Transition doesn't have explicit remote, search filters for match for {id=13 t=OPEN f=0x0 trk=0 r=[0@Point(0, 0)] c=[{WCT{android.window.IWindowContainerToken$Stub$Proxy@e3357e6} m=OPEN f=NONE leash=Surface(name=Task=81)/@0x5b8141a sb=Rect(0, 0 - 1080, 2400) eb=Rect(0, 0 - 1080, 2400) d=0 taskParent=-1},{WCT{android.window.IWindowContainerToken$Stub$Proxy@288b127} m=TO_BACK f=SHOW_WALLPAPER leash=Surface(name=Task=1)/@0x4e7f928 sb=Rect(0, 0 - 1080, 2400) eb=Rect(0, 0 - 1080, 2400) d=0 taskParent=-1}]}
06-17 16:23:17.010   779   856 V WindowManagerShell:  Checking filter Pair{{types=[] flags=0x0] notFlags=0x0 checks=[{atype=undefined independent=true modes=[OPEN,TO_FRONT] flags=IN_TASK_WITH_EMBEDDED_ACTIVITY mustBeTask=false order=ANY topActivity=ComponentInfo{com.google.android.apps.nexuslauncher/com.google.android.apps.nexuslauncher.NexusLauncherActivity} launchCookie=null},{atype=undefined independent=true modes=[CLOSE,TO_BACK] flags=IN_TASK_WITH_EMBEDDED_ACTIVITY mustBeTask=false order=ANY topActivity=null launchCookie=null}]} RemoteTransition { remoteTransition = android.window.IRemoteTransition$Stub$Proxy@7de4a97, appThread = android.app.IApplicationThread$Stub$Proxy@c29f484, debugName = OverlaySwipeBack }}
06-17 16:23:17.010   779   856 V WindowManagerShell:  Checking filter Pair{{types=[] flags=0x0] notFlags=0x0 checks=[{atype=dream independent=true modes=[OPEN,TO_FRONT] flags=NONE mustBeTask=false order=ANY topActivity=null launchCookie=null},{atype=home independent=true modes=[CLOSE,TO_BACK] flags=NONE mustBeTask=false order=ANY topActivity=null launchCookie=null}]} RemoteTransition { remoteTransition = android.window.IRemoteTransition$Stub$Proxy@875846d, appThread = android.app.IApplicationThread$Stub$Proxy@1b0c8a2, debugName = LauncherToDream }}
06-17 16:23:17.010   779   856 V WindowManagerShell:  Checking filter Pair{{types=[] flags=0x0] notFlags=0x100 checks=[{atype=home independent=true modes=[OPEN,TO_FRONT] flags=NONE mustBeTask=false order=TOP topActivity=ComponentInfo{com.google.android.apps.nexuslauncher/com.google.android.apps.nexuslauncher.NexusLauncherActivity} launchCookie=null},{atype=standard independent=true modes=[CLOSE,TO_BACK] flags=NONE mustBeTask=false order=ANY topActivity=null launchCookie=null}]} RemoteTransition { remoteTransition = android.window.IRemoteTransition$Stub$Proxy@4b2f933, appThread = android.app.IApplicationThread$Stub$Proxy@893d4f0, debugName = QuickstepLaunchHome }}
06-17 16:23:17.010   779   856 V WindowManagerShell:  Delegate animation for (#13) to null
06-17 16:23:17.010   779   856 V WindowManagerShell:  try handler com.android.wm.shell.transition.DefaultTransitionHandler@372fa69
06-17 16:23:17.010   779   856 V WindowManagerShell: start default transition animation, info = {id=13 t=OPEN f=0x0 trk=0 r=[0@Point(0, 0)] c=[{WCT{android.window.IWindowContainerToken$Stub$Proxy@e3357e6} m=OPEN f=NONE leash=Surface(name=Task=81)/@0x5b8141a sb=Rect(0, 0 - 1080, 2400) eb=Rect(0, 0 - 1080, 2400) d=0 taskParent=-1},{WCT{android.window.IWindowContainerToken$Stub$Proxy@288b127} m=TO_BACK f=SHOW_WALLPAPER leash=Surface(name=Task=1)/@0x4e7f928 sb=Rect(0, 0 - 1080, 2400) eb=Rect(0, 0 - 1080, 2400) d=0 taskParent=-1}]}
06-17 16:23:17.010   779   856 V WindowManagerShell: loadAnimation: anim=android.view.animation.AnimationSet@5577fd4 animAttr=0x13 type=OPEN isEntrance=false
06-17 16:23:17.011   779   856 V WindowManagerShell: loadAnimation: anim=android.view.animation.AnimationSet@12c357d animAttr=0x12 type=OPEN isEntrance=true
06-17 16:23:17.011   779   856 V WindowManagerShell:  animated by com.android.wm.shell.transition.DefaultTransitionHandler@372fa69
06-17 16:23:17.013   546   565 V WindowManager: Sent Transition (#13) createdAt=06-17 16:23:16.771 via request=TransitionRequestInfo { type = OPEN, triggerTask = TaskInfo{userId=0 taskId=81 displayId=0 isRunning=true baseIntent=Intent { flg=0x10000000 cmp=com.coded.capstone/.MainActivity } baseActivity=ComponentInfo{com.coded.capstone/com.coded.capstone.MainActivity} topActivity=ComponentInfo{com.coded.capstone/com.coded.capstone.MainActivity} origActivity=null realActivity=ComponentInfo{com.coded.capstone/com.coded.capstone.MainActivity} numActivities=1 lastActiveTime=1080264 supportsMultiWindow=true resizeMode=1 isResizeable=true minWidth=-1 minHeight=-1 defaultMinSize=220 token=WCT{RemoteToken{c3367b1 Task{d2a3e0d #81 type=standard A=10207:com.coded.capstone}}} topActivityType=1 pictureInPictureParams=null shouldDockBigOverlays=false launchIntoPipHostTaskId=-1 lastParentTaskIdBeforePip=-1 displayCutoutSafeInsets=null topActivityInfo=ActivityInfo{f614496 com.coded.capstone.MainActivity} launchCookies=[] positionInParent=Point(0, 0) parentTaskId=-1 isFocused=false isVisible=false isVisibleRequested=false isSleeping=false locusId=null displayAreaFeatureId=1 isTopActivityTransparent=false appCompatTaskInfo=AppCompatTaskInfo { topActivityInSizeCompat=false topActivityEligibleForLetterboxEducation= falseisLetterboxEducationEnabled= true isLetterboxDoubleTapEnabled= false topActivityEligibleForUserAspectRatioButton= false topActivityBoundsLetterboxed= false isFromLetterboxDoubleTap= false topActivityLetterboxVerticalPosition= -1 topActivityLetterboxHorizontalPosition= -1 topActivityLetterboxWidth=1080 topActivityLetterboxHeight=2400 isUserFullscreenOverrideEnabled=false isSystemFullscreenOverrideEnabled=false cameraCompatTaskInfo=CameraCompatTaskInfo { cameraCompatControlState=hidden freeformCameraCompatMode=inactive}}}, pipTask = null, remoteTransition = null, displayChange = null, flags = 0, debugId = 13 }
06-17 16:23:17.013   546   565 V WindowManager:     startWCT=WindowContainerTransaction { changes = {} hops = [] errorCallbackToken=null taskFragmentOrganizer=null }
06-17 16:23:17.013   546   565 V WindowManager:     info={id=13 t=OPEN f=0x0 trk=0 r=[0@Point(0, 0)] c=[
06-17 16:23:17.013   546   565 V WindowManager:         {WCT{RemoteToken{c3367b1 Task{d2a3e0d #81 type=standard A=10207:com.coded.capstone}}} m=OPEN f=NONE leash=Surface(name=Task=81)/@0x9ca833b sb=Rect(0, 0 - 1080, 2400) eb=Rect(0, 0 - 1080, 2400) d=0 taskParent=-1},
06-17 16:23:17.013   546   565 V WindowManager:         {WCT{RemoteToken{85f03f4 Task{3425b92 #1 type=home}}} m=TO_BACK f=SHOW_WALLPAPER leash=Surface(name=Task=1)/@0x95afd77 sb=Rect(0, 0 - 1080, 2400) eb=Rect(0, 0 - 1080, 2400) d=0 taskParent=-1}
06-17 16:23:17.013   546   565 V WindowManager:     ]}
06-17 16:23:17.018   546  1756 W UserManagerService: Requested status bar icon for non-badged user 0
06-17 16:23:17.029  2002  2127 I Finsky  : [57] SCH: Scheduling phonesky job Id: 12-1, CT: 1750166596524, Constraints: [{ L: 15000, D: 86400000, C: CHARGING_NONE, I: IDLE_NONE, N: NET_ANY, B: BATTERY_ANY }]
06-17 16:23:17.037  1291  1296 I ogle.android.as: Background concurrent mark compact GC freed 1636KB AllocSpace bytes, 0(0B) LOS objects, 49% free, 6620KB/12MB, paused 304us,72.280ms total 1.325s
06-17 16:23:17.040  1291  1298 W ogle.android.as: ApkAssets: Deleting an ApkAssets object '<empty> and /data/app/~~zD4r9133Lz0d6OH0O7mcSg==/com.coded.capstone-rtc-rnQNrohSg4DUOx8m-w==/base.apk' with 1 weak references
06-17 16:23:17.052  2002  2127 I Finsky  : [57] SCH: Scheduling 1 system job(s)
06-17 16:23:17.053  2002  2127 I Finsky  : [57] SCH: Scheduling system job Id: 9398, L: 14472, D: 65184216, C: false, I: false, N: 1
06-17 16:23:17.065  1043  1427 D EGL_emulation: app_time_stats: avg=5965.29ms min=5.61ms max=41187.80ms count=7
06-17 16:23:17.074   384   384 E SurfaceFlinger: Out of order buffers detected for RequestedLayerState{com.google.android.apps.nexuslauncher/com.google.android.apps.nexuslauncher.NexusLauncherActivity#87 parentId=83} producedId=4 frameNumber=334 -> producedId=4 frameNumber=33
06-17 16:23:17.100   779   904 D EGL_emulation: app_time_stats: avg=17026.49ms min=17026.49ms max=17026.49ms count=1
06-17 16:23:17.123  2002  2069 I Finsky  : [51] SCH: Scheduling phonesky job Id: 12-1, CT: 1750166596495, Constraints: [{ L: 15000, D: 86400000, C: CHARGING_NONE, I: IDLE_NONE, N: NET_ANY, B: BATTERY_ANY }]
06-17 16:23:17.124  2002  2066 I Finsky  : [49] [ContentSync] finished, scheduled=true
06-17 16:23:17.128  2002  2127 I Finsky  : [57] SCH: Scheduling 1 system job(s)
06-17 16:23:17.128  2002  2127 I Finsky  : [57] SCH: Scheduling system job Id: 9398, L: 14367, D: 65184140, C: false, I: false, N: 1
06-17 16:23:17.137  2002  2065 I Finsky  : [48] [ContentSync] finished, scheduled=true
06-17 16:23:17.151  1073  1384 I NullBinder: NullBinder for android.net.action.RECOMMEND_NETWORKS triggering remote TransactionTooLargeException due to Service without Chimera impl, calling uid: 1000, calling pid: 0
06-17 16:23:17.151  1073  1384 W .gms.persistent: Large reply transaction of 1056768 bytes, interface descriptor , code 1
06-17 16:23:17.158   546   687 W IPCThreadState: Sending oneway calls to frozen process.
06-17 16:23:17.163   546   687 W IPCThreadState: Sending oneway calls to frozen process.
06-17 16:23:17.179  1342  1884 I BugleRcsEngine: handleMessage processing message:[NOTIFY_UPTIME_IGNORE_STATE_CHANGED] with [non-null]:RcsEngineImpl reference [CONTEXT log_prefix="RcsEngineImpl[DUAL_REG]:[6150eaf9-eb07]>Handler" thread_id=63 ]
06-17 16:23:17.194  1342  1739 I BugleRcsEngine: Connected state: [1], networkType: [WIFI] [CONTEXT thread_id=58 ]
06-17 16:23:17.249  1342  1884 I BugleRcsEngine: No RCS Configuration was found in Bugle for simID: redacted-pii:sim_id[chars:20,last3:897] [CONTEXT log_prefix="ProvisioningEngineDataRetriever" thread_id=63 ]
06-17 16:23:17.306   779   784 I ndroid.systemui: Background concurrent mark compact GC freed 1977KB AllocSpace bytes, 6(232KB) LOS objects, 50% free, 17MB/34MB, paused 487us,7.365ms total 1.512s
06-17 16:23:17.306   779   786 W ndroid.systemui: ApkAssets: Deleting an ApkAssets object '<empty> and /data/app/~~zD4r9133Lz0d6OH0O7mcSg==/com.coded.capstone-rtc-rnQNrohSg4DUOx8m-w==/base.apk' with 1 weak references
06-17 16:23:17.307   779   786 W System  : A resource failed to call release. 
06-17 16:23:17.307   779   786 W System  : A resource failed to call release. 
06-17 16:23:17.307   779   786 W System  : A resource failed to call release. 
06-17 16:23:17.307   779   786 W System  : A resource failed to call release. 
06-17 16:23:17.309   779   856 V WindowManagerShell: Transition animation finished (aborted=false), notifying core (#13) android.os.BinderProxy@a28785e@0
06-17 16:23:17.312   779   856 V WindowManagerShell: Track 0 became idle
06-17 16:23:17.313   779   856 V WindowManagerShell: All active transition animations finished
06-17 16:23:17.313   546  1170 W UserManagerService: Requested status bar icon for non-badged user 0
06-17 16:23:17.314   546  2374 W UserManagerService: Requested status bar icon for non-badged user 0
06-17 16:23:17.315   546   565 V WindowManager: Finish Transition (#13): created at 06-17 16:23:16.771 collect-started=0.065ms request-sent=22.289ms started=47.787ms ready=119.361ms sent=228.873ms finished=539.586ms
06-17 16:23:17.317  1043  1043 D VRI[NexusLauncherActivity]: visibilityChanged oldVisibility=true newVisibility=false
06-17 16:23:17.327  1043  1043 D NexusLauncherModelDelegate: notifySmartspaceEvent: SmartspaceTargetEvent{mSmartspaceTarget=null, mSmartspaceActionId='null', mEventType=7}
06-17 16:23:17.420  1490  2646 I Icing   : IndexChimeraService.getServiceInterface callingPackage=com.google.android.gms componentName=null serviceId=30
06-17 16:23:17.524  1073  1077 I .gms.persistent: Background concurrent mark compact GC freed 2973KB AllocSpace bytes, 2(36KB) LOS objects, 49% free, 12MB/25MB, paused 280us,12.508ms total 1.822s
06-17 16:23:17.530  1490  4383 I Icing   : Usage reports ok 1, Failed Usage reports 0, indexed 0, rejected 0
06-17 16:23:17.570  4314  4314 D nativeloader: Configuring clns-7 for other apk /data/app/~~Gwa6LKAgUD0wiIaVqDEU3A==/com.coded.capstone-DpNVqzoMhIiPDvyDnv0K7A==/base.apk. target_sdk_version=35, uses_libraries=, library_path=/data/app/~~Gwa6LKAgUD0wiIaVqDEU3A==/com.coded.capstone-DpNVqzoMhIiPDvyDnv0K7A==/lib/arm64:/data/app/~~Gwa6LKAgUD0wiIaVqDEU3A==/com.coded.capstone-DpNVqzoMhIiPDvyDnv0K7A==/base.apk!/lib/arm64-v8a, permitted_path=/data:/mnt/expand:/data/user/0/com.coded.capstone
06-17 16:23:17.573  4314  4314 D CompatChangeReporter: Compat change id reported: 202956589; UID 10207; state: ENABLED
06-17 16:23:17.585  4314  4314 V GraphicsEnvironment: Currently set values for:
06-17 16:23:17.586  4314  4314 V GraphicsEnvironment:   angle_gl_driver_selection_pkgs=[]
06-17 16:23:17.586  4314  4314 V GraphicsEnvironment:   angle_gl_driver_selection_values=[]
06-17 16:23:17.586  4314  4314 V GraphicsEnvironment: Global.Settings values are invalid: number of packages: 0, number of values: 0
06-17 16:23:17.586  4314  4314 V GraphicsEnvironment: Neither updatable production driver nor prerelease driver is supported.
06-17 16:23:17.587   546   575 W MagnificationConnectionManager: requestConnection duplicated request: connect=false, mConnectionState=DISCONNECTED
06-17 16:23:17.590   546   546 W IPCThreadState: Sending oneway calls to frozen process.
06-17 16:23:17.591   546   546 W IPCThreadState: Sending oneway calls to frozen process.
06-17 16:23:17.612  1490  4383 I Icing   : Usage reports ok 0, Failed Usage reports 0, indexed 0, rejected 0
06-17 16:23:17.614  4314  4314 D CompatChangeReporter: Compat change id reported: 279646685; UID 10207; state: ENABLED
06-17 16:23:17.628  1490  4383 I Icing   : Indexing com.google.android.gms-apps from com.google.android.gms
06-17 16:23:17.672   546   575 W MagnificationConnectionManager: requestConnection duplicated request: connect=false, mConnectionState=DISCONNECTED
06-17 16:23:17.675   546   546 W IPCThreadState: Sending oneway calls to frozen process.
06-17 16:23:17.675   546   546 W IPCThreadState: Sending oneway calls to frozen process.
06-17 16:23:17.677  4314  4314 D CompatChangeReporter: Compat change id reported: 309578419; UID 10207; state: ENABLED
06-17 16:23:17.708  4314  4314 W HWUI    : Unknown dataspace 0
06-17 16:23:17.715  1043  1112 D PackageUpdatedTask: Package updated: mOp=UPDATE packages=[com.coded.capstone]
06-17 16:23:17.717  1291  1291 I AiAiEcho: AppFetcherImpl onPackageChanged com.coded.capstone.
06-17 16:23:17.719  1291  4246 I AiAiEcho: AppIndexer Package:[com.coded.capstone] UserProfile:[0] Enabled:[true].
06-17 16:23:17.720  1291  4246 I AiAiEcho: AppFetcherImplV2 updateApps package:[com.coded.capstone], userId:[0], reason:[package is updated.].
06-17 16:23:17.721  4314  4314 D GeofenceReceiver: Received broadcast: android.intent.action.MY_PACKAGE_REPLACED
06-17 16:23:17.721  4314  4314 D GeofenceReceiver: Device booted or app updated, starting geofence service
06-17 16:23:17.722   546  3104 D CompatChangeReporter: Compat change id reported: 311208749; UID 10207; state: ENABLED
06-17 16:23:17.722   546  3104 I ActivityManager: Background started FGS: Allowed [callingPackage: com.coded.capstone; callingUid: 10207; uidState: TOP ; uidBFSL: [BFSL]; intent: Intent { cmp=com.coded.capstone/.MapAndGeofencing.GeofenceService }; code:PROC_STATE_TOP; tempAllowListReason:<cc94b82 android.intent.action.MY_PACKAGE_REPLACED/u0,reasonCode:PACKAGE_REPLACED,duration:20000,callingUid:1000>; targetSdkVersion:35; callerTargetSdkVersion:35; startForegroundCount:0; bindFromPackage:null: isBindService:false]
06-17 16:23:17.722   546  3104 D CompatChangeReporter: Compat change id reported: 311208629; UID 10207; state: ENABLED
06-17 16:23:17.777  1043  1043 D StatsLog: LAUNCHER_ALLAPPS_COUNT
06-17 16:23:17.790  1490  4383 I Icing   : Indexing done com.google.android.gms-apps
06-17 16:23:17.808   546   556 I system_server: Background concurrent mark compact GC freed 15MB AllocSpace bytes, 25(748KB) LOS objects, 44% free, 29MB/53MB, paused 644us,21.830ms total 2.087s
06-17 16:23:17.813   546   558 W system_server: ApkAssets: Deleting an ApkAssets object '<empty> and /data/app/~~zD4r9133Lz0d6OH0O7mcSg==/com.coded.capstone-rtc-rnQNrohSg4DUOx8m-w==/base.apk' with 1 weak references
06-17 16:23:17.854   546   558 W System  : A resource failed to call HardwareBuffer.close. 
06-17 16:23:17.860   546   558 W system_server: ApkAssets: Deleting an ApkAssets object '<empty> and /product/app/PrebuiltGmail/PrebuiltGmail.apk' with 1 weak references
06-17 16:23:17.861   546   558 W system_server: ApkAssets: Deleting an ApkAssets object '<empty> and /product/app/Drive/Drive.apk' with 1 weak references
06-17 16:23:17.861   546   558 W system_server: ApkAssets: Deleting an ApkAssets object '<empty> and /product/app/CalendarGooglePrebuilt/CalendarGooglePrebuilt.apk' with 1 weak references
06-17 16:23:17.861   546   558 W system_server: ApkAssets: Deleting an ApkAssets object '<empty> and /data/app/~~LEm5G5p-ydahWL_drNzQ9A==/com.google.android.gms-wRLJ_jGHtnxbcyEzZurLxA==/base.apk' with 1 weak references
06-17 16:23:17.862   546   558 W system_server: ApkAssets: Deleting an ApkAssets object '<empty> and /data/app/~~LEm5G5p-ydahWL_drNzQ9A==/com.google.android.gms-wRLJ_jGHtnxbcyEzZurLxA==/split_AdsDynamite_installtime.apk' with 1 weak references
06-17 16:23:17.862   546   558 W system_server: ApkAssets: Deleting an ApkAssets object '<empty> and /data/app/~~LEm5G5p-ydahWL_drNzQ9A==/com.google.android.gms-wRLJ_jGHtnxbcyEzZurLxA==/split_CronetDynamite_installtime.apk' with 1 weak references
06-17 16:23:17.862   546   558 W system_server: ApkAssets: Deleting an ApkAssets object '<empty> and /data/app/~~LEm5G5p-ydahWL_drNzQ9A==/com.google.android.gms-wRLJ_jGHtnxbcyEzZurLxA==/split_DynamiteLoader_installtime.apk' with 1 weak references
06-17 16:23:17.862   546   558 W system_server: ApkAssets: Deleting an ApkAssets object '<empty> and /data/app/~~LEm5G5p-ydahWL_drNzQ9A==/com.google.android.gms-wRLJ_jGHtnxbcyEzZurLxA==/split_DynamiteModulesA_installtime.apk' with 1 weak references
06-17 16:23:17.862   546   558 W system_server: ApkAssets: Deleting an ApkAssets object '<empty> and /data/app/~~LEm5G5p-ydahWL_drNzQ9A==/com.google.android.gms-wRLJ_jGHtnxbcyEzZurLxA==/split_DynamiteModulesC_installtime.apk' with 1 weak references
06-17 16:23:17.868   546   558 W system_server: ApkAssets: Deleting an ApkAssets object '<empty> and /data/app/~~LEm5G5p-ydahWL_drNzQ9A==/com.google.android.gms-wRLJ_jGHtnxbcyEzZurLxA==/split_GoogleCertificates_installtime.apk' with 1 weak references
06-17 16:23:17.868   546   558 W system_server: ApkAssets: Deleting an ApkAssets object '<empty> and /data/app/~~LEm5G5p-ydahWL_drNzQ9A==/com.google.android.gms-wRLJ_jGHtnxbcyEzZurLxA==/split_MapsDynamite_installtime.apk' with 1 weak references
06-17 16:23:17.869   546   558 W system_server: ApkAssets: Deleting an ApkAssets object '<empty> and /data/app/~~LEm5G5p-ydahWL_drNzQ9A==/com.google.android.gms-wRLJ_jGHtnxbcyEzZurLxA==/split_MeasurementDynamite_installtime.apk' with 1 weak references
06-17 16:23:17.869   546   558 W system_server: ApkAssets: Deleting an ApkAssets object '<empty> and /data/app/~~LEm5G5p-ydahWL_drNzQ9A==/com.google.android.gms-wRLJ_jGHtnxbcyEzZurLxA==/split_all_locale_splits.apk' with 1 weak references
06-17 16:23:17.869   546   558 W system_server: ApkAssets: Deleting an ApkAssets object '<empty> and /data/app/~~LEm5G5p-ydahWL_drNzQ9A==/com.google.android.gms-wRLJ_jGHtnxbcyEzZurLxA==/split_config.en.apk' with 1 weak references
06-17 16:23:17.869   546   558 W system_server: ApkAssets: Deleting an ApkAssets object '<empty> and /data/app/~~LEm5G5p-ydahWL_drNzQ9A==/com.google.android.gms-wRLJ_jGHtnxbcyEzZurLxA==/split_config.xxhdpi.apk' with 1 weak references
06-17 16:23:17.869   546   558 W System  : A resource failed to call close. 
06-17 16:23:17.869   546   558 W system_server: ApkAssets: Deleting an ApkAssets object '<empty> and /system/priv-app/InputDevices/InputDevices.apk' with 1 weak references
06-17 16:23:17.869   546   558 W system_server: ApkAssets: Deleting an ApkAssets object '<empty> and /product/app/LatinIMEGooglePrebuilt/LatinIMEGooglePrebuilt.apk' with 1 weak references
06-17 16:23:17.870   546   558 W system_server: ApkAssets: Deleting an ApkAssets object '<empty> and /product/app/GoogleTTS/GoogleTTS.apk' with 1 weak references
06-17 16:23:17.870   546   558 W system_server: ApkAssets: Deleting an ApkAssets object '<empty> and /system_ext/app/AccessibilityMenu/AccessibilityMenu.apk' with 1 weak references
06-17 16:23:17.870   546   558 W System  : A resource failed to call release. 
06-17 16:23:17.984   546  3104 D CoreBackPreview: Window{5d44201 u0 com.coded.capstone/com.coded.capstone.MainActivity}: Setting back callback OnBackInvokedCallbackInfo{mCallback=android.window.IOnBackInvokedCallback$Stub$Proxy@f4bcf18, mPriority=0, mIsAnimationCallback=false}
06-17 16:23:17.990  1291  1916 I AiAiTextClassifier: [VisualCortexAdapter]: provideRegistration: Registered Prominent Screen Entities for updates.
06-17 16:23:18.052  1291  1916 I AiAiTextClassifier: [VisualCortexAdapter]: provideRegistration: Registered Prominent Screen Entities for updates.
06-17 16:23:18.058  4314  4314 W .coded.capstone: Accessing hidden method Ljava/lang/invoke/MethodHandles$Lookup;-><init>(Ljava/lang/Class;I)V (unsupported, reflection, allowed)
06-17 16:23:18.105  1291  1916 I AiAiTextClassifier: [VisualCortexAdapter]: provideRegistration: Registered Prominent Screen Entities for updates.
06-17 16:23:18.195  1291  1916 I AiAiTextClassifier: [VisualCortexAdapter]: provideRegistration: Registered Prominent Screen Entities for updates.
06-17 16:23:18.216  1291  1916 I AiAiTextClassifier: [VisualCortexAdapter]: provideRegistration: Registered Prominent Screen Entities for updates.
06-17 16:23:18.257  1291  1916 I AiAiTextClassifier: [VisualCortexAdapter]: provideRegistration: Registered Prominent Screen Entities for updates.
06-17 16:23:18.302  1291  1916 I AiAiTextClassifier: [VisualCortexAdapter]: provideRegistration: Registered Prominent Screen Entities for updates.
06-17 16:23:18.355  1291  1916 I AiAiTextClassifier: [VisualCortexAdapter]: provideRegistration: Registered Prominent Screen Entities for updates.
06-17 16:23:18.364  4314  4388 I EGL_emulation: Opening libGLESv1_CM_emulation.so
06-17 16:23:18.365  4314  4388 I EGL_emulation: Opening libGLESv2_emulation.so
06-17 16:23:18.386  4314  4388 W HWUI    : Failed to choose config with EGL_SWAP_BEHAVIOR_PRESERVED, retrying without...
06-17 16:23:18.394  4314  4388 W HWUI    : Failed to initialize 101010-2 format, error = EGL_SUCCESS
06-17 16:23:18.396  1291  1916 I AiAiTextClassifier: [VisualCortexAdapter]: provideRegistration: Registered Prominent Screen Entities for updates.
06-17 16:23:18.423   126   126 I hwservicemanager: getTransport: Cannot find entry android.hardware.graphics.mapper@4.0::IMapper/default in either framework or device VINTF manifest.
06-17 16:23:18.428  4314  4388 I Gralloc4: mapper 4.x is not supported
06-17 16:23:18.463   546   565 W ziparchive: Unable to open '/data/app/~~Gwa6LKAgUD0wiIaVqDEU3A==/com.coded.capstone-DpNVqzoMhIiPDvyDnv0K7A==/base.dm': No such file or directory
06-17 16:23:18.464   546   565 I ActivityTaskManager: Displayed com.coded.capstone/.MainActivity for user 0: +1s719ms
06-17 16:23:18.466  4314  4314 D GeofenceService: GeofenceService onCreate
06-17 16:23:18.472   546  1756 D CompatChangeReporter: Compat change id reported: 296558535; UID 10207; state: ENABLED
06-17 16:23:18.474   546  1756 D CompatChangeReporter: Compat change id reported: 317799821; UID 10207; state: ENABLED
06-17 16:23:18.474   546  1756 D CompatChangeReporter: Compat change id reported: 313677553; UID 10207; state: ENABLED
06-17 16:23:18.479  4314  4314 D AndroidRuntime: Shutting down VM
--------- beginning of crash
06-17 16:23:18.481  4314  4314 E AndroidRuntime: FATAL EXCEPTION: main
06-17 16:23:18.481  4314  4314 E AndroidRuntime: Process: com.coded.capstone, PID: 4314
06-17 16:23:18.481  4314  4314 E AndroidRuntime: java.lang.RuntimeException: Unable to create service com.coded.capstone.MapAndGeofencing.GeofenceService: java.lang.SecurityException: Starting FGS with type location callerApp=ProcessRecord{ba53548 4314:com.coded.capstone/u0a207} targetSDK=35 requires permissions: all of the permissions allOf=true [android.permission.FOREGROUND_SERVICE_LOCATION] any of the permissions allOf=false [android.permission.ACCESS_COARSE_LOCATION, android.permission.ACCESS_FINE_LOCATION]  and the app must be in the eligible state/exemptions to access the foreground only permission
06-17 16:23:18.481  4314  4314 E AndroidRuntime: 	at android.app.ActivityThread.handleCreateService(ActivityThread.java:4990)
06-17 16:23:18.481  4314  4314 E AndroidRuntime: 	at android.app.ActivityThread.-$$Nest$mhandleCreateService(Unknown Source:0)
06-17 16:23:18.481  4314  4314 E AndroidRuntime: 	at android.app.ActivityThread$H.handleMessage(ActivityThread.java:2444)
06-17 16:23:18.481  4314  4314 E AndroidRuntime: 	at android.os.Handler.dispatchMessage(Handler.java:107)
06-17 16:23:18.481  4314  4314 E AndroidRuntime: 	at android.os.Looper.loopOnce(Looper.java:232)
06-17 16:23:18.481  4314  4314 E AndroidRuntime: 	at android.os.Looper.loop(Looper.java:317)
06-17 16:23:18.481  4314  4314 E AndroidRuntime: 	at android.app.ActivityThread.main(ActivityThread.java:8705)
06-17 16:23:18.481  4314  4314 E AndroidRuntime: 	at java.lang.reflect.Method.invoke(Native Method)
06-17 16:23:18.481  4314  4314 E AndroidRuntime: 	at com.android.internal.os.RuntimeInit$MethodAndArgsCaller.run(RuntimeInit.java:580)
06-17 16:23:18.481  4314  4314 E AndroidRuntime: 	at com.android.internal.os.ZygoteInit.main(ZygoteInit.java:886)
06-17 16:23:18.481  4314  4314 E AndroidRuntime: Caused by: java.lang.SecurityException: Starting FGS with type location callerApp=ProcessRecord{ba53548 4314:com.coded.capstone/u0a207} targetSDK=35 requires permissions: all of the permissions allOf=true [android.permission.FOREGROUND_SERVICE_LOCATION] any of the permissions allOf=false [android.permission.ACCESS_COARSE_LOCATION, android.permission.ACCESS_FINE_LOCATION]  and the app must be in the eligible state/exemptions to access the foreground only permission
06-17 16:23:18.481  4314  4314 E AndroidRuntime: 	at android.os.Parcel.createExceptionOrNull(Parcel.java:3242)
06-17 16:23:18.481  4314  4314 E AndroidRuntime: 	at android.os.Parcel.createException(Parcel.java:3226)
06-17 16:23:18.481  4314  4314 E AndroidRuntime: 	at android.os.Parcel.readException(Parcel.java:3209)
06-17 16:23:18.481  4314  4314 E AndroidRuntime: 	at android.os.Parcel.readException(Parcel.java:3151)
06-17 16:23:18.481  4314  4314 E AndroidRuntime: 	at android.app.IActivityManager$Stub$Proxy.setServiceForeground(IActivityManager.java:7193)
06-17 16:23:18.481  4314  4314 E AndroidRuntime: 	at android.app.Service.startForeground(Service.java:776)
06-17 16:23:18.481  4314  4314 E AndroidRuntime: 	at com.coded.capstone.MapAndGeofencing.GeofenceService.onCreate(GeofenceService.kt:32)
06-17 16:23:18.481  4314  4314 E AndroidRuntime: 	at android.app.ActivityThread.handleCreateService(ActivityThread.java:4977)
06-17 16:23:18.481  4314  4314 E AndroidRuntime: 	... 9 more
06-17 16:23:18.481  4314  4314 E AndroidRuntime: Caused by: android.os.RemoteException: Remote stack trace:
06-17 16:23:18.481  4314  4314 E AndroidRuntime: 	at com.android.server.am.ActiveServices.validateForegroundServiceType(ActiveServices.java:2905)
06-17 16:23:18.481  4314  4314 E AndroidRuntime: 	at com.android.server.am.ActiveServices.setServiceForegroundInnerLocked(ActiveServices.java:2589)
06-17 16:23:18.481  4314  4314 E AndroidRuntime: 	at com.android.server.am.ActiveServices.setServiceForegroundLocked(ActiveServices.java:1843)
06-17 16:23:18.481  4314  4314 E AndroidRuntime: 	at com.android.server.am.ActivityManagerService.setServiceForeground(ActivityManagerService.java:14092)
06-17 16:23:18.481  4314  4314 E AndroidRuntime: 	at android.app.IActivityManager$Stub.onTransact(IActivityManager.java:3594)
06-17 16:23:18.481  4314  4314 E AndroidRuntime: 
06-17 16:23:18.499   546  1756 W ActivityTaskManager:   Force finishing activity com.coded.capstone/.MainActivity
06-17 16:23:18.501   779   856 V WindowManagerShell: Transition requested (#14): android.os.BinderProxy@4cdb7ca TransitionRequestInfo { type = CLOSE, triggerTask = null, pipTask = null, remoteTransition = null, displayChange = null, flags = 16, debugId = 14 }
06-17 16:23:18.502  4314  4384 I HWUI    : Davey! duration=850ms; Flags=1, FrameTimelineVsyncId=22202, IntendedVsync=1081096325267, Vsync=1081196325263, InputEventId=0, HandleInputStart=1081201992888, AnimationStart=1081201995804, PerformTraversalsStart=1081202070513, DrawStart=1081906158846, FrameDeadline=1081112991933, FrameInterval=1081201784763, FrameStartTime=16666666, SyncQueued=1081916112346, SyncStart=1081916239388, IssueDrawCommandsStart=1081916543096, SwapBuffers=1081927727305, FrameCompleted=1081946460680, DequeueBufferDuration=2375, QueueBufferDuration=187500, GpuCompleted=1081946460680, SwapBuffersCompleted=1081932369596, DisplayPresentTime=72904454231359566, CommandSubmissionCompleted=1081927727305, 
06-17 16:23:18.504  1043  1043 D VRI[NexusLauncherActivity]: visibilityChanged oldVisibility=false newVisibility=true
06-17 16:23:18.508   384   384 I BpBinder: onLastStrongRef automatically unlinking death recipients: 
06-17 16:23:18.512  1043  1043 D NexusLauncherModelDelegate: notifySmartspaceEvent: SmartspaceTargetEvent{mSmartspaceTarget=null, mSmartspaceActionId='null', mEventType=6}
06-17 16:23:18.518  4314  4314 I Process : Sending signal. PID: 4314 SIG: 9
06-17 16:23:18.544  1043  1043 I TopTaskTracker: onTaskMovedToFront: (moved taskInfo to front) taskId=77, baseIntent=Intent { act=android.intent.action.MAIN cat=[android.intent.category.HOME] flg=0x10000100 cmp=com.google.android.apps.nexuslauncher/.NexusLauncherActivity }
06-17 16:23:18.559  1043  1052 E FrameEvents: addRelease: Did not find frame.
06-17 16:23:18.569   546  1773 I WindowManager: WIN DEATH: Window{5d44201 u0 com.coded.capstone/com.coded.capstone.MainActivity}
06-17 16:23:18.569   546  1773 W InputManager-JNI: Input channel object '5d44201 com.coded.capstone/com.coded.capstone.MainActivity (client)' was disposed without first being removed with the input manager!
06-17 16:23:18.571   546  2557 I ActivityManager: Process com.coded.capstone (pid 4314) has died: fg  TOP 
06-17 16:23:18.572   546  2557 W ActivityManager: Scheduling restart of crashed service com.coded.capstone/.MapAndGeofencing.GeofenceService in 1688ms for start-requested
06-17 16:23:18.573   389   389 I adbd    : Remote process closed the socket (on MSG_PEEK)
06-17 16:23:18.585   546   566 D DisplayManagerService: Drop pending events for gone uid 10207
06-17 16:23:18.589   320   320 I Zygote  : Process 4314 exited due to signal 9 (Killed)
06-17 16:23:18.593   779   890 V WindowManagerShell: onTransitionReady(transaction=2345052144427)
06-17 16:23:18.594   779   856 V WindowManagerShell: onTransitionReady (#14) android.os.BinderProxy@4cdb7ca: {id=14 t=CLOSE f=0x10 trk=0 r=[0@Point(0, 0)] c=[{WCT{android.window.IWindowContainerToken$Stub$Proxy@26a3217} m=TO_FRONT f=SHOW_WALLPAPER|MOVE_TO_TOP leash=Surface(name=Task=1)/@0x9d2fd3b sb=Rect(0, 0 - 1080, 2400) eb=Rect(0, 0 - 1080, 2400) d=0 taskParent=-1},{WCT{android.window.IWindowContainerToken$Stub$Proxy@7448604} m=CLOSE f=NONE leash=Surface(name=Task=81)/@0xe9ffc58 sb=Rect(0, 0 - 1080, 2400) eb=Rect(0, 0 - 1080, 2400) d=0 taskParent=-1},{null m=TO_FRONT f=IS_WALLPAPER leash=Surface(name=WallpaperWindowToken{988872b token=android.os.Binder@b7c737a})/@0xd1171b1 sb=Rect(0, 0 - 1080, 2400) eb=Rect(0, 0 - 1080, 2400) d=0}]}
06-17 16:23:18.600   779   856 V WindowManagerShell: Playing animation for (#14) android.os.BinderProxy@4cdb7ca@0
06-17 16:23:18.600   779   856 V WindowManagerShell:  try handler com.android.wm.shell.transition.DefaultMixedHandler@79313ec
06-17 16:23:18.600   779   856 V WindowManagerShell:  try handler com.android.wm.shell.keyguard.KeyguardTransitionHandler@e3993b5
06-17 16:23:18.600   779   856 V WindowManagerShell:  try handler com.android.wm.shell.pip.PipTransition@c833a4a
06-17 16:23:18.600   779   856 V WindowManagerShell:  try handler com.android.wm.shell.activityembedding.ActivityEmbeddingController@ede8dbb
06-17 16:23:18.600   779   856 V WindowManagerShell:  try handler com.android.wm.shell.recents.RecentsTransitionHandler@d9382d8
06-17 16:23:18.600   779   856 V ShellRecents: RecentsTransitionHandler.startAnimation: no controller found
06-17 16:23:18.600   779   856 V WindowManagerShell:  try handler com.android.wm.shell.splitscreen.StageCoordinator@4bcb631
06-17 16:23:18.600   779   856 V WindowManagerShell:  try handler com.android.wm.shell.transition.RemoteTransitionHandler@ec2b116
06-17 16:23:18.600   779   856 V WindowManagerShell: Transition doesn't have explicit remote, search filters for match for {id=14 t=CLOSE f=0x10 trk=0 r=[0@Point(0, 0)] c=[{WCT{android.window.IWindowContainerToken$Stub$Proxy@26a3217} m=TO_FRONT f=SHOW_WALLPAPER|MOVE_TO_TOP leash=Surface(name=Task=1)/@0x9d2fd3b sb=Rect(0, 0 - 1080, 2400) eb=Rect(0, 0 - 1080, 2400) d=0 taskParent=-1},{WCT{android.window.IWindowContainerToken$Stub$Proxy@7448604} m=CLOSE f=NONE leash=Surface(name=Task=81)/@0xe9ffc58 sb=Rect(0, 0 - 1080, 2400) eb=Rect(0, 0 - 1080, 2400) d=0 taskParent=-1},{null m=TO_FRONT f=IS_WALLPAPER leash=Surface(name=WallpaperWindowToken{988872b token=android.os.Binder@b7c737a})/@0xd1171b1 sb=Rect(0, 0 - 1080, 2400) eb=Rect(0, 0 - 1080, 2400) d=0}]}
06-17 16:23:18.601   779   856 V WindowManagerShell:  Checking filter Pair{{types=[] flags=0x0] notFlags=0x0 checks=[{atype=undefined independent=true modes=[OPEN,TO_FRONT] flags=IN_TASK_WITH_EMBEDDED_ACTIVITY mustBeTask=false order=ANY topActivity=ComponentInfo{com.google.android.apps.nexuslauncher/com.google.android.apps.nexuslauncher.NexusLauncherActivity} launchCookie=null},{atype=undefined independent=true modes=[CLOSE,TO_BACK] flags=IN_TASK_WITH_EMBEDDED_ACTIVITY mustBeTask=false order=ANY topActivity=null launchCookie=null}]} RemoteTransition { remoteTransition = android.window.IRemoteTransition$Stub$Proxy@7de4a97, appThread = android.app.IApplicationThread$Stub$Proxy@c29f484, debugName = OverlaySwipeBack }}
06-17 16:23:18.602   779   856 V WindowManagerShell:  Checking filter Pair{{types=[] flags=0x0] notFlags=0x0 checks=[{atype=dream independent=true modes=[OPEN,TO_FRONT] flags=NONE mustBeTask=false order=ANY topActivity=null launchCookie=null},{atype=home independent=true modes=[CLOSE,TO_BACK] flags=NONE mustBeTask=false order=ANY topActivity=null launchCookie=null}]} RemoteTransition { remoteTransition = android.window.IRemoteTransition$Stub$Proxy@875846d, appThread = android.app.IApplicationThread$Stub$Proxy@1b0c8a2, debugName = LauncherToDream }}
06-17 16:23:18.602   779   856 V WindowManagerShell:  Checking filter Pair{{types=[] flags=0x0] notFlags=0x100 checks=[{atype=home independent=true modes=[OPEN,TO_FRONT] flags=NONE mustBeTask=false order=TOP topActivity=ComponentInfo{com.google.android.apps.nexuslauncher/com.google.android.apps.nexuslauncher.NexusLauncherActivity} launchCookie=null},{atype=standard independent=true modes=[CLOSE,TO_BACK] flags=NONE mustBeTask=false order=ANY topActivity=null launchCookie=null}]} RemoteTransition { remoteTransition = android.window.IRemoteTransition$Stub$Proxy@4b2f933, appThread = android.app.IApplicationThread$Stub$Proxy@893d4f0, debugName = QuickstepLaunchHome }}
06-17 16:23:18.602   779   856 D RemoteTransitionHandler: Found filterPair{{types=[] flags=0x0] notFlags=0x100 checks=[{atype=home independent=true modes=[OPEN,TO_FRONT] flags=NONE mustBeTask=false order=TOP topActivity=ComponentInfo{com.google.android.apps.nexuslauncher/com.google.android.apps.nexuslauncher.NexusLauncherActivity} launchCookie=null},{atype=standard independent=true modes=[CLOSE,TO_BACK] flags=NONE mustBeTask=false order=ANY topActivity=null launchCookie=null}]} RemoteTransition { remoteTransition = android.window.IRemoteTransition$Stub$Proxy@4b2f933, appThread = android.app.IApplicationThread$Stub$Proxy@893d4f0, debugName = QuickstepLaunchHome }}
06-17 16:23:18.603   779   856 V WindowManagerShell:  Delegate animation for (#14) to RemoteTransition { remoteTransition = android.window.IRemoteTransition$Stub$Proxy@4b2f933, appThread = android.app.IApplicationThread$Stub$Proxy@893d4f0, debugName = QuickstepLaunchHome }
06-17 16:23:18.607   546   568 W ActivityManager: setHasOverlayUi called on unknown pid: 4314
06-17 16:23:18.607   779   856 V WindowManagerShell:  animated by com.android.wm.shell.transition.RemoteTransitionHandler@ec2b116
06-17 16:23:18.615   546   565 V WindowManager: Sent Transition (#14) createdAt=06-17 16:23:18.499 via request=TransitionRequestInfo { type = CLOSE, triggerTask = null, pipTask = null, remoteTransition = null, displayChange = null, flags = 16, debugId = 14 }
06-17 16:23:18.617   546   565 V WindowManager:     startWCT=WindowContainerTransaction { changes = {} hops = [] errorCallbackToken=null taskFragmentOrganizer=null }
06-17 16:23:18.617   546   565 V WindowManager:     info={id=14 t=CLOSE f=0x10 trk=0 r=[0@Point(0, 0)] c=[
06-17 16:23:18.617   546   565 V WindowManager:         {WCT{RemoteToken{85f03f4 Task{3425b92 #1 type=home}}} m=TO_FRONT f=SHOW_WALLPAPER|MOVE_TO_TOP leash=Surface(name=Task=1)/@0x95afd77 sb=Rect(0, 0 - 1080, 2400) eb=Rect(0, 0 - 1080, 2400) d=0 taskParent=-1},
06-17 16:23:18.617   546   565 V WindowManager:         {WCT{RemoteToken{c3367b1 Task{d2a3e0d #81 type=standard A=10207:com.coded.capstone}}} m=CLOSE f=NONE leash=Surface(name=Task=81)/@0x9ca833b sb=Rect(0, 0 - 1080, 2400) eb=Rect(0, 0 - 1080, 2400) d=0 taskParent=-1},
06-17 16:23:18.617   546   565 V WindowManager:         {null m=TO_FRONT f=IS_WALLPAPER leash=Surface(name=WallpaperWindowToken{988872b token=android.os.Binder@b7c737a})/@0x95d4be6 sb=Rect(0, 0 - 1080, 2400) eb=Rect(0, 0 - 1080, 2400) d=0}
06-17 16:23:18.617   546   565 V WindowManager:     ]}
06-17 16:23:18.620  1043  1043 D StateManager: createAtomicAnimation - fromState: Background, toState: Normal, partial trace:
06-17 16:23:18.620  1043  1043 D StateManager: 	at com.android.quickstep.util.StaggeredWorkspaceAnim.prepareToAnimate(go/retraceme 2855a437b73635ce9cad76b9289087e631bbb67fc90008a0da13d343a00e5041:22)
06-17 16:23:18.620  1043  1043 D StateManager: 	at com.android.quickstep.util.StaggeredWorkspaceAnim.<init>(go/retraceme 2855a437b73635ce9cad76b9289087e631bbb67fc90008a0da13d343a00e5041:4)
06-17 16:23:18.620  1043  1043 D StateManager: 	at com.android.quickstep.util.StaggeredWorkspaceAnim.<init>(go/retraceme 2855a437b73635ce9cad76b9289087e631bbb67fc90008a0da13d343a00e5041:1)
06-17 16:23:18.622  1043  1043 D StatsLog: LAUNCHER_ONRESUME
06-17 16:23:18.626   546   653 I ImeTracker: com.google.android.apps.nexuslauncher:6142b11e: onRequestHide at ORIGIN_SERVER reason HIDE_SAME_WINDOW_FOCUSED_WITHOUT_EDITOR fromUser false
06-17 16:23:18.626   546   653 I ImeTracker: com.google.android.apps.nexuslauncher:6142b11e: onCancelled at PHASE_SERVER_SHOULD_HIDE
06-17 16:23:18.633   779   856 D WindowManagerShell: setLauncherKeepClearAreaHeight: visible=true, height=527
06-17 16:23:18.634   779   904 D EGL_emulation: app_time_stats: avg=160.11ms min=1.31ms max=1406.06ms count=9
06-17 16:23:18.640  1302  1302 I GoogleInputMethodService: GoogleInputMethodService.onFinishInput():3157 
06-17 16:23:18.641   384   384 E SurfaceFlinger: Out of order buffers detected for RequestedLayerState{com.google.android.apps.nexuslauncher/com.google.android.apps.nexuslauncher.NexusLauncherActivity#87 parentId=83} producedId=5 frameNumber=334 -> producedId=5 frameNumber=2
06-17 16:23:18.654   546  1341 W AppSearchIcing: icing-search-engine.cc:321: Error: 5, Message: Document (com.google.android.googlequicksearchbox$OneSearchZeroStateGoogleSuggestions/default, zp) not found.
06-17 16:23:18.655  1302  1302 I GoogleInputMethodService: GoogleInputMethodService.updateDeviceLockedStatus():2248 repeatCheckTimes = 0, locked = false
06-17 16:23:18.655  1302  1302 I GoogleInputMethodService: GoogleInputMethodService.onStartInput():1986 onStartInput(EditorInfo{EditorInfo{packageName=com.google.android.apps.nexuslauncher, inputType=0, inputTypeString=NULL, enableLearning=false, autoCorrection=false, autoComplete=false, imeOptions=0, privateImeOptions=null, actionName=UNSPECIFIED, actionLabel=null, initialSelStart=-1, initialSelEnd=-1, initialCapsMode=0, label=null, fieldId=0, fieldName=null, extras=null, hintText=null, hintLocales=[]}}, false)
06-17 16:23:18.656  1302  1302 I GoogleInputMethodService: GoogleInputMethodService.updateDeviceLockedStatus():2248 repeatCheckTimes = 1, locked = false
06-17 16:23:18.657  1302  1302 I AndroidIME: InputBundleManager.loadActiveInputBundleId():450 loadActiveInputBundleId: und-Latn-x-password, password_floating_hard_qwerty
06-17 16:23:18.660   546  1756 W PackageConfigPersister: App-specific configuration not found for packageName: com.google.android.apps.nexuslauncher and userId: 0
06-17 16:23:18.665  1043  1112 D QuickstepModelDelegate: notifyAppTargetEvent action=1 launchLocation=workspace/0/[-1,-1]/[1,1]
06-17 16:23:18.667  1291  1540 I AiAiEcho: Predicting[0]:  [CONTEXT sampling_count=5 ]
06-17 16:23:18.668  1291  1540 I AiAiEcho: EchoTargets: 
06-17 16:23:18.668  1291  1540 I AiAiEcho: Filtered by AiAi flag check: 
06-17 16:23:18.668  1291  1540 I AiAiEcho: [CONTEXT ratelimit_period="10 SECONDS" ]
06-17 16:23:18.668  1291  1540 I AiAiEcho: Ranked targets strategy: SORT, count: 0, ranking metadata:  [CONTEXT ratelimit_period="10 SECONDS" ]
06-17 16:23:18.669  1291  1540 I AiAiEcho: #remoteViewsTwiddler: feature disabled.
06-17 16:23:18.670  1291  1540 I AiAiEcho: #postPredictionTargets: Sending updates to UISurface home with targets# 0 (types=[])
06-17 16:23:18.670   546   578 I libprocessgroup: Removed cgroup /sys/fs/cgroup/uid_10207/pid_4314
06-17 16:23:18.670   546  2557 W UserManagerService: Requested status bar icon for non-badged user 0
06-17 16:23:18.672  1043  1427 D EGL_emulation: app_time_stats: avg=49.83ms min=0.57ms max=1183.49ms count=26
06-17 16:23:18.674  1043  1465 D OneSearchSuggestProvider: AppSearch 0-state cache not available, fallback to AGA
06-17 16:23:18.674  1043  1465 D OneSearchSuggestProvider: java.util.concurrent.CompletionException: java.util.NoSuchElementException: No value present
06-17 16:23:18.674  1043  1465 D OneSearchSuggestProvider: 	at java.util.concurrent.CompletableFuture.encodeThrowable(CompletableFuture.java:308)
06-17 16:23:18.674  1043  1465 D OneSearchSuggestProvider: 	at java.util.concurrent.CompletableFuture.completeThrowable(CompletableFuture.java:323)
06-17 16:23:18.674  1043  1465 D OneSearchSuggestProvider: 	at java.util.concurrent.CompletableFuture$UniAccept.tryFire(CompletableFuture.java:684)
06-17 16:23:18.674  1043  1465 D OneSearchSuggestProvider: 	at java.util.concurrent.CompletableFuture.postComplete(CompletableFuture.java:486)
06-17 16:23:18.674  1043  1465 D OneSearchSuggestProvider: 	at java.util.concurrent.CompletableFuture.completeExceptionally(CompletableFuture.java:2138)
06-17 16:23:18.674  1043  1465 D OneSearchSuggestProvider: 	at com.google.android.apps.nexuslauncher.allapps.E0.onResult(go/retraceme 2855a437b73635ce9cad76b9289087e631bbb67fc90008a0da13d343a00e5041:67)
06-17 16:23:18.674  1043  1465 D OneSearchSuggestProvider: 	at android.app.appsearch.SearchSessionUtil$1.lambda$onResult$0(go/retraceme 64eee9e9f568ff45978879ad2ff83146f2618ee8a88278736fbdf5fae931976e:144)
06-17 16:23:18.674  1043  1465 D OneSearchSuggestProvider: 	at android.app.appsearch.SearchSessionUtil$1.$r8$lambda$CEk3q8sDAQVhU3rQwVueB8FAj_M(go/retraceme 64eee9e9f568ff45978879ad2ff83146f2618ee8a88278736fbdf5fae931976e:1)
06-17 16:23:18.674  1043  1465 D OneSearchSuggestProvider: 	at android.app.appsearch.SearchSessionUtil$1$$ExternalSyntheticLambda0.run(go/retraceme 64eee9e9f568ff45978879ad2ff83146f2618ee8a88278736fbdf5fae931976e:22)
06-17 16:23:18.674  1043  1465 D OneSearchSuggestProvider: 	at android.os.Handler.handleCallback(Handler.java:959)
06-17 16:23:18.674  1043  1465 D OneSearchSuggestProvider: 	at android.os.Handler.dispatchMessage(Handler.java:100)
06-17 16:23:18.674  1043  1465 D OneSearchSuggestProvider: 	at android.os.Looper.loopOnce(Looper.java:232)
06-17 16:23:18.674  1043  1465 D OneSearchSuggestProvider: 	at android.os.Looper.loop(Looper.java:317)
06-17 16:23:18.674  1043  1465 D OneSearchSuggestProvider: 	at android.os.HandlerThread.run(HandlerThread.java:85)
06-17 16:23:18.674  1043  1465 D OneSearchSuggestProvider: Caused by: java.util.NoSuchElementException: No value present
06-17 16:23:18.674  1043  1465 D OneSearchSuggestProvider: 	at java.util.Optional.get(Optional.java:143)
06-17 16:23:18.674  1043  1465 D OneSearchSuggestProvider: 	at com.google.android.apps.nexuslauncher.allapps.E0.onResult(go/retraceme 2855a437b73635ce9cad76b9289087e631bbb67fc90008a0da13d343a00e5041:28)
06-17 16:23:18.674  1043  1465 D OneSearchSuggestProvider: 	... 8 more
06-17 16:23:18.674   384   384 E SurfaceFlinger: Out of order buffers detected for RequestedLayerState{com.google.android.apps.nexuslauncher/com.google.android.apps.nexuslauncher.NexusLauncherActivity#87 parentId=83} producedId=5 frameNumber=334 -> producedId=5 frameNumber=3
06-17 16:23:18.691   384   384 E SurfaceFlinger: Out of order buffers detected for RequestedLayerState{com.google.android.apps.nexuslauncher/com.google.android.apps.nexuslauncher.NexusLauncherActivity#87 parentId=83} producedId=5 frameNumber=334 -> producedId=5 frameNumber=4
06-17 16:23:18.720  1043  1465 D OneSearchSuggestProvider: Established or reuse existing binder channel authority=com.google.android.googlequicksearchbox
06-17 16:23:18.741   384   384 E SurfaceFlinger: Out of order buffers detected for RequestedLayerState{com.google.android.apps.nexuslauncher/com.google.android.apps.nexuslauncher.NexusLauncherActivity#87 parentId=83} producedId=5 frameNumber=334 -> producedId=5 frameNumber=5
06-17 16:23:18.758   384   384 E SurfaceFlinger: Out of order buffers detected for RequestedLayerState{com.google.android.apps.nexuslauncher/com.google.android.apps.nexuslauncher.NexusLauncherActivity#87 parentId=83} producedId=5 frameNumber=334 -> producedId=5 frameNumber=6
06-17 16:23:18.774   384   384 E SurfaceFlinger: Out of order buffers detected for RequestedLayerState{com.google.android.apps.nexuslauncher/com.google.android.apps.nexuslauncher.NexusLauncherActivity#87 parentId=83} producedId=5 frameNumber=334 -> producedId=5 frameNumber=7
06-17 16:23:18.785  1043  1043 D SearchTargetUtil: queryLength=0 size=15
06-17 16:23:18.785  1043  1043 D SearchTargetUtil: layoutType=short_icon_row resultType=131072 packageName=com.google.android.googlequicksearchbox extras=Bundle{suggestion_type=33,suggest_truncate_start=false,is_answer=false,is_entity=false,is_personal=false,suggest_raw_text=hersheypark heavy traffic monday,input_query=android.app.search.Query@c833a4a,group_id=web1082095,response_id=e9158a37-a051-464b-baf4-2e2c66c60c3a,support_query_builder=false,} searchAction=hersheypark heavy traffic monday searchActionExtras=Bundle{learn_more_url=https://support.google.com/websearch/answer/106230?hl=106230,suggestion_action_text=Report this,should_start_for_result=true,allow_pinning=true,skip_logging_in_target_handler=true,suggestion_action_rpc=2,}ParentID: null targetID: 1890466a-3bab-40b3-959c-580ca7c43d6d
06-17 16:23:18.785  1043  1043 D SearchTargetUtil: layoutType=short_icon_row resultType=131072 packageName=com.google.android.googlequicksearchbox extras=Bundle{suggestion_type=33,suggest_truncate_start=false,is_answer=false,is_entity=false,is_personal=false,suggest_raw_text=trey hendrickson contract talks bengals,input_query=android.app.search.Query@c833a4a,group_id=web1082095,response_id=e9158a37-a051-464b-baf4-2e2c66c60c3a,support_query_builder=false,} searchAction=trey hendrickson contract talks bengals searchActionExtras=Bundle{learn_more_url=https://support.google.com/websearch/answer/106230?hl=106230,suggestion_action_text=Report this,should_start_for_result=true,allow_pinning=true,skip_logging_in_target_handler=true,suggestion_action_rpc=2,}ParentID: null targetID: 4ddd9b22-71bf-42ae-93cf-5229b0edd804
06-17 16:23:18.785  1043  1043 D SearchTargetUtil: layoutType=short_icon_row resultType=131072 packageName=com.google.android.googlequicksearchbox extras=Bundle{suggestion_type=33,suggest_truncate_start=false,is_answer=false,is_entity=false,is_personal=false,suggest_raw_text=credit one bank class action settlement,input_query=android.app.search.Query@c833a4a,group_id=web1082095,response_id=e9158a37-a051-464b-baf4-2e2c66c60c3a,support_query_builder=false,} searchAction=credit one bank class action settlement searchActionExtras=Bundle{learn_more_url=https://support.google.com/websearch/answer/106230?hl=106230,suggestion_action_text=Report this,should_start_for_result=true,allow_pinning=true,skip_logging_in_target_handler=true,suggestion_action_rpc=2,}ParentID: null targetID: 59cc655c-4d41-44ca-a923-eca1202313b7
06-17 16:23:18.785  1043  1043 D SearchTargetUtil: layoutType=short_icon_row resultType=131072 packageName=com.google.android.googlequicksearchbox extras=Bundle{suggestion_type=33,suggest_truncate_start=false,is_answer=false,is_entity=false,is_personal=false,suggest_raw_text=coastal carolina baseball game,input_query=android.app.search.Query@c833a4a,group_id=web1082095,response_id=e9158a37-a051-464b-baf4-2e2c66c60c3a,support_query_builder=false,} searchAction=coastal carolina baseball game searchActionExtras=Bundle{learn_more_url=https://support.google.com/websearch/answer/106230?hl=106230,suggestion_action_text=Report this,should_start_for_result=true,allow_pinning=true,skip_logging_in_target_handler=true,suggestion_action_rpc=2,}ParentID: null targetID: c7bf6dd0-3511-46b5-985e-5d72e1378d98
