06-17 16:23:18.785  1043  1043 D SearchTargetUtil: layoutType=short_icon_row resultType=131072 packageName=com.google.android.googlequicksearchbox extras=Bundle{suggestion_type=33,suggest_truncate_start=false,is_answer=false,is_entity=false,is_personal=false,suggest_raw_text=capital one class action settlement,input_query=android.app.search.Query@c833a4a,group_id=web1082095,response_id=e9158a37-a051-464b-baf4-2e2c66c60c3a,support_query_builder=false,} searchAction=capital one class action settlement searchActionExtras=Bundle{learn_more_url=https://support.google.com/websearch/answer/106230?hl=106230,suggestion_action_text=Report this,should_start_for_result=true,allow_pinning=true,skip_logging_in_target_handler=true,suggestion_action_rpc=2,}ParentID: null targetID: c0d91f17-4526-4b9c-80f7-b388b3088fde
06-17 16:23:18.786  1043  1043 D SearchTargetUtil: layoutType=short_icon_row resultType=131072 packageName=com.google.android.googlequicksearchbox extras=Bundle{suggestion_type=33,suggest_truncate_start=false,is_answer=false,is_entity=false,is_personal=false,suggest_raw_text=lima peru earthquake today,input_query=android.app.search.Query@c833a4a,group_id=web1082095,response_id=e9158a37-a051-464b-baf4-2e2c66c60c3a,support_query_builder=false,} searchAction=lima peru earthquake today searchActionExtras=Bundle{learn_more_url=https://support.google.com/websearch/answer/106230?hl=106230,suggestion_action_text=Report this,should_start_for_result=true,allow_pinning=true,skip_logging_in_target_handler=true,suggestion_action_rpc=2,}ParentID: null targetID: 860602a2-9580-4e1d-8003-2cbc9fd921d2
06-17 16:23:18.786  1043  1043 D SearchTargetUtil: layoutType=short_icon_row resultType=131072 packageName=com.google.android.googlequicksearchbox extras=Bundle{suggestion_type=33,suggest_truncate_start=false,is_answer=false,is_entity=false,is_personal=false,suggest_raw_text=mortgage rates today,input_query=android.app.search.Query@c833a4a,group_id=web1082095,response_id=e9158a37-a051-464b-baf4-2e2c66c60c3a,support_query_builder=false,} searchAction=mortgage rates today searchActionExtras=Bundle{learn_more_url=https://support.google.com/websearch/answer/106230?hl=106230,suggestion_action_text=Report this,should_start_for_result=true,allow_pinning=true,skip_logging_in_target_handler=true,suggestion_action_rpc=2,}ParentID: null targetID: d4f38ebf-3ded-43a1-9079-4f50a987851c
06-17 16:23:18.787  1043  1043 D SearchTargetUtil: layoutType=extra_tall_icon_row resultType=131072 packageName=com.google.android.googlequicksearchbox extras=Bundle{bitmap_url=data:image/jpeg;base64,/9j/4AAQSkZJRgABAQAAAQABAAD/2wCEAAkGBwgHBgkIBwgKCgkLDRYPDQwMDRsUFRAWIB0iIiAdHx8kKDQsJCYxJx8fLT0tMTU3Ojo6Iys/RD84QzQ5OjcBCgoKDQwNGg8PGjclHyU3Nzc3Nzc3Nzc3Nzc3Nzc3Nzc3Nzc3Nzc3Nzc3Nzc3Nzc3Nzc3Nzc3Nzc3Nzc3Nzc3N//AABEIAHwAfAMBIgACEQEDEQH/xAAcAAACAwEBAQEAAAAAAAAAAAAEBQIDBgEABwj/xAA4EAACAQMDAgQFAgQEBwAAAAABAgMABBEFEiExQRNRYXEGIjKBkbHBFEJSoSMz0fEHFWJyguHw/8QAGgEAAwEBAQEAAAAAAAAAAAAAAgMEAQUABv/EACIRAAICAgMBAAIDAAAAAAAAAAABAhEDIQQSMUEigRMUUf/aAAwDAQACEQMRAD8A+eo2wY8jn1IqLHc7EqQuc4FWIArkHP04+9cO0psT6icnPQCuefRkOVUBhgZ4FTDZfaD1wPm7VKQKFAxnb1PepSAMoIzux1rLPF/iptfxGLcbfqzjA4+1VSzW8UYNw4UjoxI4P70M06W9vI7lcD+Ujk+1I3WS7mLuGYk9ucDyo4Yu3pPyOR/FpbY/k1PT4f8AJn8SQYOFQ7Sc89eKhea7byg/wsdyrZUqzEDae/APNLI9MzgkY926VP8A5c4bKbR+aYseNEj5Od+aOx6oIrlJFjIKsDjPcVqLT4p0xdNSJGmguPEG+N0JQ56sCOlZZtNcncwU+zYNDyWRQcxuPbmvSxYp+mLlZ47N/Jq1ldWTQw3sCrz9Lbmzgc9c+lL7DdDLGjBXMiHduXO3DEjHlWFeA/ynOO1FaZqUthdKzBpIhw0ZPb08jQ/1lGLUWNjz7ku6o+kypD4uzLKowDlM+XRgcCvJLCNjqsu3gMykYXnz7H3oK0uxdC3liiZIJFUb9+f9KMjPEotp8MHOQY/q5wQfsOlQNNaZ1E09ovub1JZhaLFI4K78s/O7PAJH2865KrGV8x72B5IJP98ivTeFdjnKyRrt8NgAfcH/AHrpSaYK0MMjLtH1DmhNMcUVuO+Oc9a7jEsitlRtIUjv6VLJPkeABg12ZywBI9z5GrBRAA4O4jeW6VArtR3LKAnfd1q0rw+QQ2R1obVD/gRoowZepH9NbFW6AyT6RchcM3k29h/hj6V/emMMIAwBVdpDyBTi1hGBxTJyrRzopydv0FS3J7UTHa5HTFHiIEYUDNFwQAAefrSu1jegjktD2oeSBl4PStUYFI5x60vurdORgZ9DRJguJlbi2UnkUvntSFJHNaO4hHNASxDYabGbQiUEwj4Uv9iG0cKSmWjBH1A9Qfv+tapirkFdsilfmYH6G8iOPSsBEWs72G4U4CON3t3/ALVs5ZAs++NAhcAYXnnz48x5eVTciC7Wvp0eHNuHV/BjFJFEha6UvEBhAuMKTg8HqB1q2Ge325ljEZbkKJxjH3agUkK7Nv8Al5yQ8YdfXr09q4t00Y2owx5EMcenGRU3UsM3GSSMHPGeld3ZBGVHvXoxGC5Y8EY5HeuNhmyFAJ7CqxRMvuyytg4wfSg7oA3HBBwoHFFsAcBVwcYoRkZ5nESNIeOEBY9PSjx+k/L1Aviwp4phamQ4IUkUHZWeoH51sXbJ/nGAPzT3T5L2Jl/idPYp38IZx+K2UG/CKM0vS21jJOWQ0Y8exMgU208afOMhWQ989qPewtOCXAFIp2VJqjHzyyjIRCTS6b+JGcxtitdqZhtwVtYEkcjqf9KzdxBqt05McZjBPBwMU6EWIyTSYomlySGGD5GqZAGU4o3UtNvoiFuVOeo6n9RStXKnawIo+ovtYPcxgqRitPplwRZQSrsy0Wxhtzk45znjnpWcnbOfanWkzyfwEEcaKpU43GPIPJ5PmaXnVxRVxHU2hhiOVgFASOTqEPU+RBrmyAk74/FccMXByD5cEVTOfD8RkdNpHKmMc48+lehnuIk2rK4zz9TL/YVLR0RIH+Y8HBOeelSTd0wQepFc2HAJ5VjwM1IFxKcFsjqBVIsut5BvRmiEgVwzL/UAelMdd1GPUIVaCWIRu7DwM7ZIiCcbhn5l2ng9Mj/pxSuJGlnVYuGc8D1NVx2ey7aJ2yd7ITnOSD/vRQ1ZHy6dKjiXUXji3WA3E3ZSC5+wq63voJjGttbBLhiVUwoVYYGTypJ4H7+Ro5dHWEb0wwPJz1q+109jIGhtY43BJEoO08+tapQJnDIE6bqdzd28zSu801qokD4y7xk4IJHXBIwT58mmMWoXF0tlGLaQSTShJDuXbHkgAjBy3XngYpHFYwi/xLtk2jLASEbj0x598/8AjTm5RWtNiHDgcENjntzQScW0NhGSTE+oanNJKywyyRQdlibaxHmzdcn0wPShpL2a1iimka7WOXIilEjYcjk4JPOPOuR2wknwiMAQBhyAT60ebB/DWOeGOZUztWTovrg0xNLTFOMntCkfEWoNGirqF0YnJKxzyMwcD/uz7eXpTz4kfTF+Hoke1t01dxHJD4S7ZGQ9WkCoAoI6ZPPbIwaXS6NHKvzbYkUcBRnFCrZLFaRyEszSKC2/6hnp/bA+1EpxAcJL0StIeS6846LzTnR8G0UBXPGWJBIAPfgUokXbcBT/AFYp/ZadLLCrwOoOwtt3EHAx+vNDlVxHcefSdl4+VSSgIGDnPTH9vzViXDFQUneMHnapA/eh2lJbIA8TuXGRj84qt8sxLMjHzHFSUdYXnaYi3Gc9RXBuD8N0/tXQB4ZPh554IPQ14ctx1/SngF9rkXVv4ecrIMHOcHdxTCxtkXVpUBB8KdthYZBIbv5ila5j+deccnA5x51bZXe2ZpAeGY815J06JOTXZWaxGmibEti0i54e3YEY9mIP60Pd3bk+HDZyh3OA8+FQfg5NRtb2SQDb9A/mrt5JHJHskIYZz96X+jE9aZLSdL2ykPIrSOeSSKaX+kywKNxTcRkAMDWetgFkBsx4b9tpJB9xTZrKSaEme4kkdBkJHlAPfByftiiUbM7UvAU6Y6TGS5CxRtliSu7Bx5Dnk4z+eelXpfaa1uvzTxkj6TDI34+XkUsAUuQGdAeoWQnI+9N1ffAqIfpAAA4wK1pfTFfwr/gLq9AaBJYLXq07HazjyVeoz5nHp6K9awHxxkCjU1Oe0kaGUna30nzpHql34spNbFb0BOWhOq775ExktIMVt5baG30VLuCVcwgpweSMlf8A3WHtGzqCOWC85BJ6Uyur4RxeEkmSAB6cGmZF4Lxe2FEJ9O9Fz3bnjz4qrxQhK7VYA8MMjIquJ2KrJuIweTjvVnjZ8m9d1TUddO9gmS6bs4IwOO/FVIzDAPTP4qZcgY64PevYB2hScn6gfOmmE5BgOSxVxjaOmQa9p0AnM0JIVuq47GuMS6hpM4A2+1C285tr/wCXIx61sCXleIf2E7xWM2PlKZzxmhbSO81C4SOC3mmaQZHt+1W6bIguHj3ZV1wCec1dZXV1YTvHZzeFMqlVcKDwfQ//AHFGq8I1b8H0fwvrUAwLHcQeDHMM9M9yPOiodE1WW2LQadcht2xnkugADnGAOtD6VqOtspaf4jaOYnndCqgduAUI8u/2ppFqOp6dabItf06WJGMgXww8jEsWPQDqSfzRKCDvJXwzF/omqWuXlsnG1yuVYHnHI/FKotUe1fEjMORw681s2+L9QRds8cMqAP8AOUKk7vT05Hnj81lnzq1+zMsaRk/4hVAoA64FeqKBkpFt9KLq6j2/Sw3mkd1guSORk0wvrpVeUoANw2Jjso70puJPlOOleihcmBKqtIwYnGOF/q9K7nCHIJB6c1AF/wCXPmcVZG7SE4ZWycbR+tZP0ZjWhjahQoPTI7DmiC6Dhgc+1DxMBGMgjsPU14tj
06-17 16:23:18.787  1043  1043 D SearchTargetUtil: layoutType=short_icon_row resultType=131072 packageName=com.google.android.googlequicksearchbox extras=Bundle{suggestion_type=33,suggest_truncate_start=false,is_answer=false,is_entity=false,is_personal=false,suggest_raw_text=va doctors,input_query=android.app.search.Query@c833a4a,group_id=web1082095,response_id=e9158a37-a051-464b-baf4-2e2c66c60c3a,support_query_builder=false,} searchAction=va doctors searchActionExtras=Bundle{learn_more_url=https://support.google.com/websearch/answer/106230?hl=106230,suggestion_action_text=Report this,should_start_for_result=true,allow_pinning=true,skip_logging_in_target_handler=true,suggestion_action_rpc=2,}ParentID: null targetID: 3e00ef6c-b6b6-411b-9b32-f8b1e4703fef
06-17 16:23:18.787  1043  1043 D SearchTargetUtil: layoutType=short_icon_row resultType=131072 packageName=com.google.android.googlequicksearchbox extras=Bundle{suggestion_type=33,suggest_truncate_start=false,is_answer=false,is_entity=false,is_personal=false,suggest_raw_text=dominican republic travel advisory,input_query=android.app.search.Query@c833a4a,group_id=web1082095,response_id=e9158a37-a051-464b-baf4-2e2c66c60c3a,support_query_builder=false,} searchAction=dominican republic travel advisory searchActionExtras=Bundle{learn_more_url=https://support.google.com/websearch/answer/106230?hl=106230,suggestion_action_text=Report this,should_start_for_result=true,allow_pinning=true,skip_logging_in_target_handler=true,suggestion_action_rpc=2,}ParentID: null targetID: 561bd108-40bd-476b-8660-579d7eb5b6cc
06-17 16:23:18.787  1043  1043 D SearchTargetUtil: layoutType=short_icon_row resultType=131072 packageName=com.google.android.googlequicksearchbox extras=Bundle{suggestion_type=33,suggest_truncate_start=false,is_answer=false,is_entity=false,is_personal=false,suggest_raw_text=hilton playa hyatt cancellation compensation,input_query=android.app.search.Query@c833a4a,group_id=web1082095,response_id=e9158a37-a051-464b-baf4-2e2c66c60c3a,support_query_builder=false,} searchAction=hilton playa hyatt cancellation compensation searchActionExtras=Bundle{learn_more_url=https://support.google.com/websearch/answer/106230?hl=106230,suggestion_action_text=Report this,should_start_for_result=true,allow_pinning=true,skip_logging_in_target_handler=true,suggestion_action_rpc=2,}ParentID: null targetID: 026faf1a-13ba-4f9d-a84b-42fd164bf701
06-17 16:23:18.787  1043  1043 D SearchTargetUtil: layoutType=short_icon_row resultType=131072 packageName=com.google.android.googlequicksearchbox extras=Bundle{suggestion_type=33,suggest_truncate_start=false,is_answer=false,is_entity=false,is_personal=false,suggest_raw_text=liam lawson penalty canadian grand prix,input_query=android.app.search.Query@c833a4a,group_id=web1082095,response_id=e9158a37-a051-464b-baf4-2e2c66c60c3a,support_query_builder=false,} searchAction=liam lawson penalty canadian grand prix searchActionExtras=Bundle{learn_more_url=https://support.google.com/websearch/answer/106230?hl=106230,suggestion_action_text=Report this,should_start_for_result=true,allow_pinning=true,skip_logging_in_target_handler=true,suggestion_action_rpc=2,}ParentID: null targetID: 32033d0b-0d67-4085-9bf4-e2c25cb648b2
06-17 16:23:18.787  1043  1043 D SearchTargetUtil: layoutType=short_icon_row resultType=131072 packageName=com.google.android.googlequicksearchbox extras=Bundle{suggestion_type=33,suggest_truncate_start=false,is_answer=false,is_entity=false,is_personal=false,suggest_raw_text=taiwan chip export ban huawei smic,input_query=android.app.search.Query@c833a4a,group_id=web1082095,response_id=e9158a37-a051-464b-baf4-2e2c66c60c3a,support_query_builder=false,} searchAction=taiwan chip export ban huawei smic searchActionExtras=Bundle{learn_more_url=https://support.google.com/websearch/answer/106230?hl=106230,suggestion_action_text=Report this,should_start_for_result=true,allow_pinning=true,skip_logging_in_target_handler=true,suggestion_action_rpc=2,}ParentID: null targetID: 97f14dcc-75f5-4cc9-9379-55eb138e9c42
06-17 16:23:18.787  1043  1043 D SearchTargetUtil: layoutType=short_icon_row resultType=131072 packageName=com.google.android.googlequicksearchbox extras=Bundle{suggestion_type=33,suggest_truncate_start=false,is_answer=false,is_entity=false,is_personal=false,suggest_raw_text=bonnaroo music festival canceled,input_query=android.app.search.Query@c833a4a,group_id=web1082095,response_id=e9158a37-a051-464b-baf4-2e2c66c60c3a,support_query_builder=false,} searchAction=bonnaroo music festival canceled searchActionExtras=Bundle{learn_more_url=https://support.google.com/websearch/answer/106230?hl=106230,suggestion_action_text=Report this,should_start_for_result=true,allow_pinning=true,skip_logging_in_target_handler=true,suggestion_action_rpc=2,}ParentID: null targetID: 2cbe2826-ce99-4780-b8af-bbcdeede00e4
06-17 16:23:18.787  1043  1043 D SearchTargetUtil: layoutType=short_icon_row resultType=131072 packageName=com.google.android.googlequicksearchbox extras=Bundle{suggestion_type=33,suggest_truncate_start=false,is_answer=false,is_entity=false,is_personal=false,suggest_raw_text=james beard media awards 2025,input_query=android.app.search.Query@c833a4a,group_id=web1082095,response_id=e9158a37-a051-464b-baf4-2e2c66c60c3a,support_query_builder=false,} searchAction=james beard media awards 2025 searchActionExtras=Bundle{learn_more_url=https://support.google.com/websearch/answer/106230?hl=106230,suggestion_action_text=Report this,should_start_for_result=true,allow_pinning=true,skip_logging_in_target_handler=true,suggestion_action_rpc=2,}ParentID: null targetID: 9370bccb-d44f-484b-98b5-fc3c0435d5a3
06-17 16:23:18.791   384   384 E SurfaceFlinger: Out of order buffers detected for RequestedLayerState{com.google.android.apps.nexuslauncher/com.google.android.apps.nexuslauncher.NexusLauncherActivity#87 parentId=83} producedId=5 frameNumber=334 -> producedId=5 frameNumber=8
06-17 16:23:18.808   384   384 E SurfaceFlinger: Out of order buffers detected for RequestedLayerState{com.google.android.apps.nexuslauncher/com.google.android.apps.nexuslauncher.NexusLauncherActivity#87 parentId=83} producedId=5 frameNumber=334 -> producedId=5 frameNumber=9
06-17 16:23:18.841   384   384 E SurfaceFlinger: Out of order buffers detected for RequestedLayerState{com.google.android.apps.nexuslauncher/com.google.android.apps.nexuslauncher.NexusLauncherActivity#87 parentId=83} producedId=5 frameNumber=334 -> producedId=5 frameNumber=10
06-17 16:23:18.864   779   882 W WindowOnBackDispatcher: sendCancelIfRunning: isInProgress=false callback=android.view.ViewRootImpl$$ExternalSyntheticLambda11@ec5ef09
06-17 16:23:18.864   546  3104 D CoreBackPreview: Window{7f0d082 u0 Splash Screen com.coded.capstone EXITING}: Setting back callback null
06-17 16:23:18.865   546  3104 W InputManager-JNI: Input channel object '7f0d082 Splash Screen com.coded.capstone (client)' was disposed without first being removed with the input manager!
06-17 16:23:18.874   384   384 E SurfaceFlinger: Out of order buffers detected for RequestedLayerState{com.google.android.apps.nexuslauncher/com.google.android.apps.nexuslauncher.NexusLauncherActivity#87 parentId=83} producedId=5 frameNumber=334 -> producedId=5 frameNumber=11
06-17 16:23:18.891   384   384 E SurfaceFlinger: Out of order buffers detected for RequestedLayerState{com.google.android.apps.nexuslauncher/com.google.android.apps.nexuslauncher.NexusLauncherActivity#87 parentId=83} producedId=5 frameNumber=334 -> producedId=5 frameNumber=12
06-17 16:23:18.908   384   384 E SurfaceFlinger: Out of order buffers detected for RequestedLayerState{com.google.android.apps.nexuslauncher/com.google.android.apps.nexuslauncher.NexusLauncherActivity#87 parentId=83} producedId=5 frameNumber=334 -> producedId=5 frameNumber=13
06-17 16:23:18.924   384   384 E SurfaceFlinger: Out of order buffers detected for RequestedLayerState{com.google.android.apps.nexuslauncher/com.google.android.apps.nexuslauncher.NexusLauncherActivity#87 parentId=83} producedId=5 frameNumber=334 -> producedId=5 frameNumber=14
06-17 16:23:18.931   384   520 W VsyncModulator: setTransactionSchedule: Unexpected EarlyEnd
06-17 16:23:18.941   384   384 E SurfaceFlinger: Out of order buffers detected for RequestedLayerState{com.google.android.apps.nexuslauncher/com.google.android.apps.nexuslauncher.NexusLauncherActivity#87 parentId=83} producedId=5 frameNumber=334 -> producedId=5 frameNumber=15
06-17 16:23:18.958   384   384 E SurfaceFlinger: Out of order buffers detected for RequestedLayerState{com.google.android.apps.nexuslauncher/com.google.android.apps.nexuslauncher.NexusLauncherActivity#87 parentId=83} producedId=5 frameNumber=334 -> producedId=5 frameNumber=16
06-17 16:23:18.975   384   384 E SurfaceFlinger: Out of order buffers detected for RequestedLayerState{com.google.android.apps.nexuslauncher/com.google.android.apps.nexuslauncher.NexusLauncherActivity#87 parentId=83} producedId=5 frameNumber=334 -> producedId=5 frameNumber=17
06-17 16:23:18.991   384   384 E SurfaceFlinger: Out of order buffers detected for RequestedLayerState{com.google.android.apps.nexuslauncher/com.google.android.apps.nexuslauncher.NexusLauncherActivity#87 parentId=83} producedId=5 frameNumber=334 -> producedId=5 frameNumber=18
06-17 16:23:18.999   546   568 W ActivityTaskManager: Activity top resumed state loss timeout for ActivityRecord{703340a u0 com.coded.capstone/.MainActivity t81 f} isExiting}
06-17 16:23:19.008   384   384 E SurfaceFlinger: Out of order buffers detected for RequestedLayerState{com.google.android.apps.nexuslauncher/com.google.android.apps.nexuslauncher.NexusLauncherActivity#87 parentId=83} producedId=5 frameNumber=334 -> producedId=5 frameNumber=19
06-17 16:23:19.024   384   384 E SurfaceFlinger: Out of order buffers detected for RequestedLayerState{com.google.android.apps.nexuslauncher/com.google.android.apps.nexuslauncher.NexusLauncherActivity#87 parentId=83} producedId=5 frameNumber=334 -> producedId=5 frameNumber=20
06-17 16:23:19.041   384   384 E SurfaceFlinger: Out of order buffers detected for RequestedLayerState{com.google.android.apps.nexuslauncher/com.google.android.apps.nexuslauncher.NexusLauncherActivity#87 parentId=83} producedId=5 frameNumber=334 -> producedId=5 frameNumber=21
06-17 16:23:19.058   384   384 E SurfaceFlinger: Out of order buffers detected for RequestedLayerState{com.google.android.apps.nexuslauncher/com.google.android.apps.nexuslauncher.NexusLauncherActivity#87 parentId=83} producedId=5 frameNumber=334 -> producedId=5 frameNumber=22
06-17 16:23:19.074   384   384 E SurfaceFlinger: Out of order buffers detected for RequestedLayerState{com.google.android.apps.nexuslauncher/com.google.android.apps.nexuslauncher.NexusLauncherActivity#87 parentId=83} producedId=5 frameNumber=334 -> producedId=5 frameNumber=23
06-17 16:23:19.091   384   384 E SurfaceFlinger: Out of order buffers detected for RequestedLayerState{com.google.android.apps.nexuslauncher/com.google.android.apps.nexuslauncher.NexusLauncherActivity#87 parentId=83} producedId=5 frameNumber=334 -> producedId=5 frameNumber=24
06-17 16:23:19.108   384   384 E SurfaceFlinger: Out of order buffers detected for RequestedLayerState{com.google.android.apps.nexuslauncher/com.google.android.apps.nexuslauncher.NexusLauncherActivity#87 parentId=83} producedId=5 frameNumber=334 -> producedId=5 frameNumber=25
06-17 16:23:19.124   384   384 E SurfaceFlinger: Out of order buffers detected for RequestedLayerState{com.google.android.apps.nexuslauncher/com.google.android.apps.nexuslauncher.NexusLauncherActivity#87 parentId=83} producedId=5 frameNumber=334 -> producedId=5 frameNumber=26
06-17 16:23:19.141   384   384 E SurfaceFlinger: Out of order buffers detected for RequestedLayerState{com.google.android.apps.nexuslauncher/com.google.android.apps.nexuslauncher.NexusLauncherActivity#87 parentId=83} producedId=5 frameNumber=334 -> producedId=5 frameNumber=27
06-17 16:23:19.158   384   384 E SurfaceFlinger: Out of order buffers detected for RequestedLayerState{com.google.android.apps.nexuslauncher/com.google.android.apps.nexuslauncher.NexusLauncherActivity#87 parentId=83} producedId=5 frameNumber=334 -> producedId=5 frameNumber=28
06-17 16:23:19.175   384   384 E SurfaceFlinger: Out of order buffers detected for RequestedLayerState{com.google.android.apps.nexuslauncher/com.google.android.apps.nexuslauncher.NexusLauncherActivity#87 parentId=83} producedId=5 frameNumber=334 -> producedId=5 frameNumber=29
06-17 16:23:19.191   384   384 E SurfaceFlinger: Out of order buffers detected for RequestedLayerState{com.google.android.apps.nexuslauncher/com.google.android.apps.nexuslauncher.NexusLauncherActivity#87 parentId=83} producedId=5 frameNumber=334 -> producedId=5 frameNumber=30
06-17 16:23:19.208   384   384 E SurfaceFlinger: Out of order buffers detected for RequestedLayerState{com.google.android.apps.nexuslauncher/com.google.android.apps.nexuslauncher.NexusLauncherActivity#87 parentId=83} producedId=5 frameNumber=334 -> producedId=5 frameNumber=31
06-17 16:23:19.224   384   384 E SurfaceFlinger: Out of order buffers detected for RequestedLayerState{com.google.android.apps.nexuslauncher/com.google.android.apps.nexuslauncher.NexusLauncherActivity#87 parentId=83} producedId=5 frameNumber=334 -> producedId=5 frameNumber=32
06-17 16:23:19.227  1043  1043 D SsBaseTemplateCard: No text view can be set up
06-17 16:23:19.227  1043  1043 D SsBaseTemplateCard: Passed-in item info is null
06-17 16:23:19.227  1043  1043 D SsBaseTemplateCard: Passed-in item info is null
06-17 16:23:19.227  1043  1043 D SsBaseTemplateCard: Passed-in item info is null
06-17 16:23:19.227  1043  1043 I SsBaseTemplateCard: Secondary card pane is null
06-17 16:23:19.229   779   856 V WindowManagerShell: Transition animation finished (aborted=false), notifying core (#14) android.os.BinderProxy@4cdb7ca@0
06-17 16:23:19.229   546   565 V WindowManager: Finish Transition (#14): created at 06-17 16:23:18.499 collect-started=0.027ms request-sent=0.062ms started=7.83ms ready=88.772ms sent=93.773ms finished=730.681ms
06-17 16:23:19.231   546  2557 E IPCThreadState: Binder transaction failure. id: 302211, BR_*: 29189, error: -22 (Invalid argument)
06-17 16:23:19.231   546  2557 W ActivityManager: pid 546 system sent binder code 7 with flags 1 to frozen apps and got error -32
06-17 16:23:19.232   546  2557 W WindowManager: Exception thrown during dispatchAppVisibility Window{5d44201 u0 com.coded.capstone/com.coded.capstone.MainActivity EXITING}
06-17 16:23:19.232   546  2557 W WindowManager: android.os.DeadObjectException
06-17 16:23:19.232   546  2557 W WindowManager: 	at android.os.BinderProxy.transactNative(Native Method)
06-17 16:23:19.232   546  2557 W WindowManager: 	at android.os.BinderProxy.transact(BinderProxy.java:586)
06-17 16:23:19.232   546  2557 W WindowManager: 	at android.view.IWindow$Stub$Proxy.dispatchAppVisibility(IWindow.java:553)
06-17 16:23:19.232   546  2557 W WindowManager: 	at com.android.server.wm.WindowState.sendAppVisibilityToClients(WindowState.java:3253)
06-17 16:23:19.232   546  2557 W WindowManager: 	at com.android.server.wm.WindowContainer.sendAppVisibilityToClients(WindowContainer.java:1289)
06-17 16:23:19.232   546  2557 W WindowManager: 	at com.android.server.wm.WindowToken.setClientVisible(WindowToken.java:403)
06-17 16:23:19.232   546  2557 W WindowManager: 	at com.android.server.wm.ActivityRecord.setClientVisible(ActivityRecord.java:7166)
06-17 16:23:19.232   546  2557 W WindowManager: 	at com.android.server.wm.ActivityRecord.postApplyAnimation(ActivityRecord.java:5881)
06-17 16:23:19.232   546  2557 W WindowManager: 	at com.android.server.wm.ActivityRecord.commitVisibility(ActivityRecord.java:5823)
06-17 16:23:19.232   546  2557 W WindowManager: 	at com.android.server.wm.Transition.finishTransition(Transition.java:1286)
06-17 16:23:19.232   546  2557 W WindowManager: 	at com.android.server.wm.TransitionController.finishTransition(TransitionController.java:937)
06-17 16:23:19.232   546  2557 W WindowManager: 	at com.android.server.wm.WindowOrganizerController.finishTransition(WindowOrganizerController.java:494)
06-17 16:23:19.232   546  2557 W WindowManager: 	at android.window.IWindowOrganizerController$Stub.onTransact(IWindowOrganizerController.java:289)
06-17 16:23:19.232   546  2557 W WindowManager: 	at com.android.server.wm.WindowOrganizerController.onTransact(WindowOrganizerController.java:204)
06-17 16:23:19.232   546  2557 W WindowManager: 	at android.os.Binder.execTransactInternal(Binder.java:1500)
06-17 16:23:19.232   546  2557 W WindowManager: 	at android.os.Binder.execTransact(Binder.java:1444)
06-17 16:23:19.234   546  2557 W Process : Unable to open /proc/4314/status
06-17 16:23:19.240  1043  1043 I TopTaskTracker: onTaskRemoved: taskId=81
06-17 16:23:19.241  1043  1043 I TopTaskTracker: onTaskRemoved: taskId=81
06-17 16:23:19.241   384   384 E SurfaceFlinger: Out of order buffers detected for RequestedLayerState{com.google.android.apps.nexuslauncher/com.google.android.apps.nexuslauncher.NexusLauncherActivity#87 parentId=83} producedId=5 frameNumber=334 -> producedId=5 frameNumber=33
06-17 16:23:19.244   779   856 V WindowManagerShell: Track 0 became idle
06-17 16:23:19.244   779   856 V WindowManagerShell: All active transition animations finished
06-17 16:23:19.245   546  2557 W UserManagerService: Requested status bar icon for non-badged user 0
06-17 16:23:19.246   546  2557 W UserManagerService: Requested status bar icon for non-badged user 0
06-17 16:23:19.258   384   384 E SurfaceFlinger: Out of order buffers detected for RequestedLayerState{com.google.android.apps.nexuslauncher/com.google.android.apps.nexuslauncher.NexusLauncherActivity#87 parentId=83} producedId=5 frameNumber=334 -> producedId=5 frameNumber=34
06-17 16:23:19.274   384   384 E BpTransactionCompletedListener: Failed to transact (-32)
06-17 16:23:20.265   546   576 V GrammaticalInflectionUtils: AttributionSource: android.content.AttributionSource@d0c17649 does not have READ_SYSTEM_GRAMMATICAL_GENDER permission.
06-17 16:23:20.287   320   320 D Zygote  : Forked child process 4398
06-17 16:23:20.289   546   577 I ActivityManager: Start proc 4398:com.coded.capstone/u0a207 for service {com.coded.capstone/com.coded.capstone.MapAndGeofencing.GeofenceService}
06-17 16:23:20.302  4398  4398 I .coded.capstone: Late-enabling -Xcheck:jni
06-17 16:23:20.322  4398  4398 I .coded.capstone: Using CollectorTypeCMC GC.
06-17 16:23:20.327  4398  4398 D nativeloader: Load libframework-connectivity-tiramisu-jni.so using APEX ns com_android_tethering for caller /apex/com.android.tethering/javalib/framework-connectivity-t.jar: ok
06-17 16:23:20.328   389   405 I adbd    : jdwp connection from 4398
06-17 16:23:20.339   546  1395 E TaskPersister: File error accessing recents directory (directory doesn't exist?).
06-17 16:23:20.362  4398  4398 D ApplicationLoaders: Returning zygote-cached class loader: /system/framework/org.apache.http.legacy.jar
06-17 16:23:20.362  4398  4398 W ziparchive: Unable to open '/data/app/~~Gwa6LKAgUD0wiIaVqDEU3A==/com.coded.capstone-DpNVqzoMhIiPDvyDnv0K7A==/base.dm': No such file or directory
06-17 16:23:20.363  4398  4398 W ziparchive: Unable to open '/data/app/~~Gwa6LKAgUD0wiIaVqDEU3A==/com.coded.capstone-DpNVqzoMhIiPDvyDnv0K7A==/base.dm': No such file or directory
06-17 16:23:20.502  4398  4398 D nativeloader: Configuring clns-7 for other apk /data/app/~~Gwa6LKAgUD0wiIaVqDEU3A==/com.coded.capstone-DpNVqzoMhIiPDvyDnv0K7A==/base.apk. target_sdk_version=35, uses_libraries=, library_path=/data/app/~~Gwa6LKAgUD0wiIaVqDEU3A==/com.coded.capstone-DpNVqzoMhIiPDvyDnv0K7A==/lib/arm64:/data/app/~~Gwa6LKAgUD0wiIaVqDEU3A==/com.coded.capstone-DpNVqzoMhIiPDvyDnv0K7A==/base.apk!/lib/arm64-v8a, permitted_path=/data:/mnt/expand:/data/user/0/com.coded.capstone
06-17 16:23:20.503  4398  4398 D CompatChangeReporter: Compat change id reported: 202956589; UID 10207; state: ENABLED
06-17 16:23:20.508  4398  4398 V GraphicsEnvironment: Currently set values for:
06-17 16:23:20.508  4398  4398 V GraphicsEnvironment:   angle_gl_driver_selection_pkgs=[]
06-17 16:23:20.508  4398  4398 V GraphicsEnvironment:   angle_gl_driver_selection_values=[]
06-17 16:23:20.508  4398  4398 V GraphicsEnvironment: Global.Settings values are invalid: number of packages: 0, number of values: 0
06-17 16:23:20.509  4398  4398 V GraphicsEnvironment: Neither updatable production driver nor prerelease driver is supported.
06-17 16:23:20.518  4398  4398 D CompatChangeReporter: Compat change id reported: 279646685; UID 10207; state: ENABLED
06-17 16:23:20.530  4398  4398 D GeofenceService: GeofenceService onCreate
06-17 16:23:20.540  4398  4398 D AndroidRuntime: Shutting down VM
06-17 16:23:20.541  4398  4398 E AndroidRuntime: FATAL EXCEPTION: main
06-17 16:23:20.541  4398  4398 E AndroidRuntime: Process: com.coded.capstone, PID: 4398
06-17 16:23:20.541  4398  4398 E AndroidRuntime: java.lang.RuntimeException: Unable to create service com.coded.capstone.MapAndGeofencing.GeofenceService: java.lang.SecurityException: Starting FGS with type location callerApp=ProcessRecord{8b750cb 4398:com.coded.capstone/u0a207} targetSDK=35 requires permissions: all of the permissions allOf=true [android.permission.FOREGROUND_SERVICE_LOCATION] any of the permissions allOf=false [android.permission.ACCESS_COARSE_LOCATION, android.permission.ACCESS_FINE_LOCATION]  and the app must be in the eligible state/exemptions to access the foreground only permission
06-17 16:23:20.541  4398  4398 E AndroidRuntime: 	at android.app.ActivityThread.handleCreateService(ActivityThread.java:4990)
06-17 16:23:20.541  4398  4398 E AndroidRuntime: 	at android.app.ActivityThread.-$$Nest$mhandleCreateService(Unknown Source:0)
06-17 16:23:20.541  4398  4398 E AndroidRuntime: 	at android.app.ActivityThread$H.handleMessage(ActivityThread.java:2444)
06-17 16:23:20.541  4398  4398 E AndroidRuntime: 	at android.os.Handler.dispatchMessage(Handler.java:107)
06-17 16:23:20.541  4398  4398 E AndroidRuntime: 	at android.os.Looper.loopOnce(Looper.java:232)
06-17 16:23:20.541  4398  4398 E AndroidRuntime: 	at android.os.Looper.loop(Looper.java:317)
06-17 16:23:20.541  4398  4398 E AndroidRuntime: 	at android.app.ActivityThread.main(ActivityThread.java:8705)
06-17 16:23:20.541  4398  4398 E AndroidRuntime: 	at java.lang.reflect.Method.invoke(Native Method)
06-17 16:23:20.541  4398  4398 E AndroidRuntime: 	at com.android.internal.os.RuntimeInit$MethodAndArgsCaller.run(RuntimeInit.java:580)
06-17 16:23:20.541  4398  4398 E AndroidRuntime: 	at com.android.internal.os.ZygoteInit.main(ZygoteInit.java:886)
06-17 16:23:20.541  4398  4398 E AndroidRuntime: Caused by: java.lang.SecurityException: Starting FGS with type location callerApp=ProcessRecord{8b750cb 4398:com.coded.capstone/u0a207} targetSDK=35 requires permissions: all of the permissions allOf=true [android.permission.FOREGROUND_SERVICE_LOCATION] any of the permissions allOf=false [android.permission.ACCESS_COARSE_LOCATION, android.permission.ACCESS_FINE_LOCATION]  and the app must be in the eligible state/exemptions to access the foreground only permission
06-17 16:23:20.541  4398  4398 E AndroidRuntime: 	at android.os.Parcel.createExceptionOrNull(Parcel.java:3242)
06-17 16:23:20.541  4398  4398 E AndroidRuntime: 	at android.os.Parcel.createException(Parcel.java:3226)
06-17 16:23:20.541  4398  4398 E AndroidRuntime: 	at android.os.Parcel.readException(Parcel.java:3209)
06-17 16:23:20.541  4398  4398 E AndroidRuntime: 	at android.os.Parcel.readException(Parcel.java:3151)
06-17 16:23:20.541  4398  4398 E AndroidRuntime: 	at android.app.IActivityManager$Stub$Proxy.setServiceForeground(IActivityManager.java:7193)
06-17 16:23:20.541  4398  4398 E AndroidRuntime: 	at android.app.Service.startForeground(Service.java:776)
06-17 16:23:20.541  4398  4398 E AndroidRuntime: 	at com.coded.capstone.MapAndGeofencing.GeofenceService.onCreate(GeofenceService.kt:32)
06-17 16:23:20.541  4398  4398 E AndroidRuntime: 	at android.app.ActivityThread.handleCreateService(ActivityThread.java:4977)
06-17 16:23:20.541  4398  4398 E AndroidRuntime: 	... 9 more
06-17 16:23:20.541  4398  4398 E AndroidRuntime: Caused by: android.os.RemoteException: Remote stack trace:
06-17 16:23:20.541  4398  4398 E AndroidRuntime: 	at com.android.server.am.ActiveServices.validateForegroundServiceType(ActiveServices.java:2905)
06-17 16:23:20.541  4398  4398 E AndroidRuntime: 	at com.android.server.am.ActiveServices.setServiceForegroundInnerLocked(ActiveServices.java:2589)
06-17 16:23:20.541  4398  4398 E AndroidRuntime: 	at com.android.server.am.ActiveServices.setServiceForegroundLocked(ActiveServices.java:1843)
06-17 16:23:20.541  4398  4398 E AndroidRuntime: 	at com.android.server.am.ActivityManagerService.setServiceForeground(ActivityManagerService.java:14092)
06-17 16:23:20.541  4398  4398 E AndroidRuntime: 	at android.app.IActivityManager$Stub.onTransact(IActivityManager.java:3594)
06-17 16:23:20.541  4398  4398 E AndroidRuntime: 
06-17 16:23:20.543  4398  4398 I Process : Sending signal. PID: 4398 SIG: 9
06-17 16:23:20.550   546  3104 I ActivityManager: Process com.coded.capstone (pid 4398) has died: fg  SVC 
06-17 16:23:20.550   546  3104 W ActivityManager: Scheduling restart of crashed service com.coded.capstone/.MapAndGeofencing.GeofenceService in 1800000ms for start-requested
06-17 16:23:20.551   546   566 D DisplayManagerService: Drop pending events for gone uid 10207
06-17 16:23:20.552   389   389 I adbd    : Remote process closed the socket (on MSG_PEEK)
06-17 16:23:20.553   320   320 I Zygote  : Process 4398 exited due to signal 9 (Killed)
06-17 16:23:20.556   546   578 I libprocessgroup: Removed cgroup /sys/fs/cgroup/uid_10207/pid_4398
06-17 16:23:22.126  2002  2009 W android.vending: Suspending all threads took: 8.574ms
06-17 16:23:26.792   546   637 D ActivityManager: freezing 2002 com.android.vending
06-17 16:23:26.796   546   637 D ActivityManager: freezing 2344 com.android.vending:background
06-17 16:23:26.960   546   687 D InetDiagMessage: Destroyed 0 sockets, proto=IPPROTO_TCP, family=AF_INET, states=14
06-17 16:23:26.962   546   687 D InetDiagMessage: Destroyed 2 sockets, proto=IPPROTO_TCP, family=AF_INET6, states=14
06-17 16:23:26.962   546   687 D InetDiagMessage: Destroyed live tcp sockets for uids={10141} in 2ms
