06-17 16:23:15.664  1244  1255 W .apps.wellbeing: ApkAssets: Deleting an ApkAssets object '<empty> and /system/priv-app/E2eeContactKeysProvider/E2eeContactKeysProvider.apk' with 1 weak references
06-17 16:23:15.664  1244  1255 W .apps.wellbeing: ApkAssets: Deleting an ApkAssets object '<empty> and /apex/com.android.tethering/priv-app/ServiceConnectivityResourcesGoogle@350820300/ServiceConnectivityResourcesGoogle.apk' with 1 weak references
06-17 16:23:15.664  1244  1255 W .apps.wellbeing: ApkAssets: Deleting an ApkAssets object '/vendor/overlay/goldfish_overlay_connectivity_google.apk' with 1 weak references
06-17 16:23:15.666  1302  1302 I GoogleInputMethodService: GoogleInputMethodService.updateDeviceLockedStatus():2248 repeatCheckTimes = 0, locked = false
06-17 16:23:15.666  1302  1302 I GoogleInputMethodService: GoogleInputMethodService.onStartInput():1986 onStartInput(EditorInfo{EditorInfo{packageName=com.google.android.apps.nexuslauncher, inputType=0, inputTypeString=NULL, enableLearning=false, autoCorrection=false, autoComplete=false, imeOptions=0, privateImeOptions=null, actionName=UNSPECIFIED, actionLabel=null, initialSelStart=-1, initialSelEnd=-1, initialCapsMode=0, label=null, fieldId=0, fieldName=null, extras=null, hintText=null, hintLocales=[]}}, false)
06-17 16:23:15.666  1244  1255 W .apps.wellbeing: ApkAssets: Deleting an ApkAssets object '<empty> and /system_ext/priv-app/GoogleFeedback/GoogleFeedback.apk' with 1 weak references
06-17 16:23:15.666  1244  1255 W .apps.wellbeing: ApkAssets: Deleting an ApkAssets object '<empty> and /system/app/GooglePrintRecommendationService/GooglePrintRecommendationService.apk' with 1 weak references
06-17 16:23:15.667  1244  1255 W .apps.wellbeing: ApkAssets: Deleting an ApkAssets object '<empty> and /product/app/Photos/Photos.apk' with 1 weak references
06-17 16:23:15.667  1244  1255 W .apps.wellbeing: ApkAssets: Deleting an ApkAssets object '<empty> and /product/app/CalendarGooglePrebuilt/CalendarGooglePrebuilt.apk' with 1 weak references
06-17 16:23:15.670  1043  1427 D EGL_emulation: app_time_stats: avg=15516.37ms min=15516.37ms max=15516.37ms count=1
06-17 16:23:15.671  1302  1302 I GoogleInputMethodService: GoogleInputMethodService.updateDeviceLockedStatus():2248 repeatCheckTimes = 1, locked = false
06-17 16:23:15.672  1302  1302 I AndroidIME: InputBundleManager.loadActiveInputBundleId():450 loadActiveInputBundleId: und-Latn-x-password, password_floating_hard_qwerty
06-17 16:23:15.673  1244  1255 W .apps.wellbeing: ApkAssets: Deleting an ApkAssets object '<empty> and /system/priv-app/ManagedProvisioning/ManagedProvisioning.apk' with 1 weak references
06-17 16:23:15.673  1244  1255 W .apps.wellbeing: ApkAssets: Deleting an ApkAssets object '<empty> and /system/priv-app/SoundPicker/SoundPicker.apk' with 1 weak references
06-17 16:23:15.674   384   384 E SurfaceFlinger: Out of order buffers detected for RequestedLayerState{com.google.android.apps.nexuslauncher/com.google.android.apps.nexuslauncher.NexusLauncherActivity#87 parentId=83} producedId=4 frameNumber=334 -> producedId=4 frameNumber=20
06-17 16:23:15.676   546   599 I ActivityManager: Force stopping com.coded.capstone appid=10207 user=0: pkg removed
06-17 16:23:15.676  1244  1255 W .apps.wellbeing: ApkAssets: Deleting an ApkAssets object '<empty> and /system/priv-app/DocumentsUIGoogle/DocumentsUIGoogle.apk' with 1 weak references
06-17 16:23:15.677  1244  1255 W .apps.wellbeing: ApkAssets: Deleting an ApkAssets object '<empty> and /product/app/PrebuiltGoogleTelemetryTvp/PrebuiltGoogleTelemetryTvp.apk' with 1 weak references
06-17 16:23:15.677  1244  1255 W .apps.wellbeing: ApkAssets: Deleting an ApkAssets object '<empty> and /system_ext/priv-app/MultiDisplayProvider/MultiDisplayProvider.apk' with 1 weak references
06-17 16:23:15.677  1244  1255 W .apps.wellbeing: ApkAssets: Deleting an ApkAssets object '<empty> and /system/priv-app/DeviceDiagnostics/DeviceDiagnostics.apk' with 1 weak references
06-17 16:23:15.677  1244  1255 W .apps.wellbeing: ApkAssets: Deleting an ApkAssets object '/product/overlay/DeviceDiagnostics__sdk_gphone64_arm64__auto_generated_rro_product.apk' with 1 weak references
06-17 16:23:15.677  1244  1255 W .apps.wellbeing: ApkAssets: Deleting an ApkAssets object '<empty> and /product/overlay/NotesRoleEnabled/NotesRoleEnabledOverlay.apk' with 1 weak references
06-17 16:23:15.677  1244  1255 W .apps.wellbeing: ApkAssets: Deleting an ApkAssets object '<empty> and /system/priv-app/LiveWallpapersPicker/LiveWallpapersPicker.apk' with 1 weak references
06-17 16:23:15.678  1244  1255 W .apps.wellbeing: ApkAssets: Deleting an ApkAssets object '<empty> and /product/app/PrebuiltGoogleAdservicesTvp/PrebuiltGoogleAdservicesTvp.apk' with 1 weak references
06-17 16:23:15.678  1244  1255 W .apps.wellbeing: ApkAssets: Deleting an ApkAssets object '<empty> and /apex/com.android.healthfitness/priv-app/HealthConnectControllerGoogle@350820300/HealthConnectControllerGoogle.apk' with 1 weak references
06-17 16:23:15.678  1244  1255 W .apps.wellbeing: ApkAssets: Deleting an ApkAssets object '<empty> and /product/priv-app/KidsSupervisionStub/KidsSupervisionStub.apk' with 1 weak references
06-17 16:23:15.678  1244  1255 W .apps.wellbeing: ApkAssets: Deleting an ApkAssets object '<empty> and /system_ext/priv-app/StorageManager/StorageManager.apk' with 1 weak references
06-17 16:23:15.678  1244  1255 W .apps.wellbeing: ApkAssets: Deleting an ApkAssets object '/product/overlay/StorageManager__sdk_gphone64_arm64__auto_generated_rro_product.apk' with 1 weak references
06-17 16:23:15.678  1244  1255 W .apps.wellbeing: ApkAssets: Deleting an ApkAssets object '<empty> and /system/app/BookmarkProvider/BookmarkProvider.apk' with 1 weak references
06-17 16:23:15.678  1244  1255 W .apps.wellbeing: ApkAssets: Deleting an ApkAssets object '<empty> and /system_ext/priv-app/SettingsGoogle/SettingsGoogle.apk' with 1 weak references
06-17 16:23:15.679  1244  1255 W .apps.wellbeing: ApkAssets: Deleting an ApkAssets object '/product/overlay/SettingsGoogle__sdk_gphone64_arm64__auto_generated_rro_product.apk' with 1 weak references
06-17 16:23:15.679  1244  1255 W .apps.wellbeing: ApkAssets: Deleting an ApkAssets object '<empty> and /product/priv-app/SettingsIntelligenceGooglePrebuilt/SettingsIntelligenceGooglePrebuilt.apk' with 1 weak references
06-17 16:23:15.679  1244  1255 W .apps.wellbeing: ApkAssets: Deleting an ApkAssets object '<empty> and /apex/com.android.uwb/priv-app/ServiceUwbResourcesGoogle@350820300/ServiceUwbResourcesGoogle.apk' with 1 weak references
06-17 16:23:15.679  1244  1255 W .apps.wellbeing: ApkAssets: Deleting an ApkAssets object '<empty> and /apex/com.android.wifi/priv-app/ServiceWifiResourcesGoogle@350820300/ServiceWifiResourcesGoogle.apk' with 1 weak references
06-17 16:23:15.679  1244  1255 W .apps.wellbeing: ApkAssets: Deleting an ApkAssets object '<empty> and /system_ext/priv-app/ThemePicker/ThemePicker.apk' with 1 weak references
06-17 16:23:15.680  1244  1255 W .apps.wellbeing: ApkAssets: Deleting an ApkAssets object '<empty> and /system_ext/priv-app/WallpaperPickerGoogleRelease/WallpaperPickerGoogleRelease.apk' with 1 weak references
06-17 16:23:15.680  1244  1255 W .apps.wellbeing: ApkAssets: Deleting an ApkAssets object '<empty> and /product/priv-app/OdadPrebuilt/OdadPrebuilt.apk' with 1 weak references
06-17 16:23:15.685   546  2374 W PackageConfigPersister: App-specific configuration not found for packageName: com.google.android.apps.nexuslauncher and userId: 0
06-17 16:23:15.687   546   599 W IPCThreadState: Sending oneway calls to frozen process.
06-17 16:23:15.687   546   599 W IPCThreadState: Sending oneway calls to frozen process.
06-17 16:23:15.687   546   599 W IPCThreadState: Sending oneway calls to frozen process.
06-17 16:23:15.687   546   599 W IPCThreadState: Sending oneway calls to frozen process.
06-17 16:23:15.691   384   384 E SurfaceFlinger: Out of order buffers detected for RequestedLayerState{com.google.android.apps.nexuslauncher/com.google.android.apps.nexuslauncher.NexusLauncherActivity#87 parentId=83} producedId=4 frameNumber=334 -> producedId=4 frameNumber=21
06-17 16:23:15.692   546   599 W IPCThreadState: Sending oneway calls to frozen process.
06-17 16:23:15.696   546   599 W IPCThreadState: Sending oneway calls to frozen process.
06-17 16:23:15.696  1244  1255 W .apps.wellbeing: ApkAssets: Deleting an ApkAssets object '<empty> and /system/priv-app/TeleService/TeleService.apk' with 1 weak references
06-17 16:23:15.696  1244  1255 W .apps.wellbeing: ApkAssets: Deleting an ApkAssets object '/vendor/overlay/TeleService__sdk_gphone64_arm64__auto_generated_rro_vendor.apk' with 1 weak references
06-17 16:23:15.697  1244  1255 W .apps.wellbeing: ApkAssets: Deleting an ApkAssets object '/product/overlay/TeleService__sdk_gphone64_arm64__auto_generated_rro_product.apk' with 1 weak references
06-17 16:23:15.697  1244  1255 W .apps.wellbeing: ApkAssets: Deleting an ApkAssets object '<empty> and /system/priv-app/Shell/Shell.apk' with 1 weak references
06-17 16:23:15.697  1244  1255 W .apps.wellbeing: ApkAssets: Deleting an ApkAssets object '<empty> and /system/priv-app/BlockedNumberProvider/BlockedNumberProvider.apk' with 1 weak references
06-17 16:23:15.698  1244  1255 W .apps.wellbeing: ApkAssets: Deleting an ApkAssets object '<empty> and /system/priv-app/UserDictionaryProvider/UserDictionaryProvider.apk' with 1 weak references
06-17 16:23:15.698  1244  1255 W .apps.wellbeing: ApkAssets: Deleting an ApkAssets object '<empty> and /system_ext/app/EmergencyInfoGoogleNoUi/EmergencyInfoGoogleNoUi.apk' with 1 weak references
06-17 16:23:15.698  1244  1255 W .apps.wellbeing: ApkAssets: Deleting an ApkAssets object '<empty> and /product/overlay/NavigationBarModeGestural/NavigationBarModeGesturalOverlay.apk' with 1 weak references
06-17 16:23:15.698  1244  1255 W .apps.wellbeing: ApkAssets: Deleting an ApkAssets object '<empty> and /system/priv-app/FusedLocation/FusedLocation.apk' with 1 weak references
06-17 16:23:15.698  1244  1255 W .apps.wellbeing: ApkAssets: Deleting an ApkAssets object '<empty> and /system_ext/priv-app/SystemUIGoogle/SystemUIGoogle.apk' with 1 weak references
06-17 16:23:15.698  1244  1255 W .apps.wellbeing: ApkAssets: Deleting an ApkAssets object '/vendor/overlay/SystemUIGoogle__sdk_gphone64_arm64__auto_generated_rro_vendor.apk' with 1 weak references
06-17 16:23:15.698  1244  1255 W .apps.wellbeing: ApkAssets: Deleting an ApkAssets object '/product/overlay/SystemUIGoogle__sdk_gphone64_arm64__auto_generated_rro_product.apk' with 1 weak references
06-17 16:23:15.702  1244  1255 W .apps.wellbeing: ApkAssets: Deleting an ApkAssets object '<empty> and /product/app/YouTubeMusicPrebuilt/YouTubeMusicPrebuilt.apk' with 1 weak references
06-17 16:23:15.703  1244  1255 W .apps.wellbeing: ApkAssets: Deleting an ApkAssets object '<empty> and /system/app/BluetoothMidiService/BluetoothMidiService.apk' with 1 weak references
06-17 16:23:15.703  1244  1255 W .apps.wellbeing: ApkAssets: Deleting an ApkAssets object '<empty> and /system/app/Traceur/Traceur.apk' with 1 weak references
06-17 16:23:15.704  1244  1255 W .apps.wellbeing: ApkAssets: Deleting an ApkAssets object '<empty> and /apex/com.android.cellbroadcast/priv-app/GoogleCellBroadcastApp@350820300/GoogleCellBroadcastApp.apk' with 1 weak references
06-17 16:23:15.705   546   599 W IPCThreadState: Sending oneway calls to frozen process.
06-17 16:23:15.707  1244  1255 W .apps.wellbeing: ApkAssets: Deleting an ApkAssets object '<empty> and /system/priv-app/ContactsProvider/ContactsProvider.apk' with 1 weak references
06-17 16:23:15.707   546   599 W IPCThreadState: Sending oneway calls to frozen process.
06-17 16:23:15.707   546   599 W IPCThreadState: Sending oneway calls to frozen process.
06-17 16:23:15.707   546   599 W IPCThreadState: Sending oneway calls to frozen process.
06-17 16:23:15.707   546   599 W IPCThreadState: Sending oneway calls to frozen process.
06-17 16:23:15.707   546   599 W IPCThreadState: Sending oneway calls to frozen process.
06-17 16:23:15.707   546   599 W IPCThreadState: Sending oneway calls to frozen process.
06-17 16:23:15.707   546   599 W IPCThreadState: Sending oneway calls to frozen process.
06-17 16:23:15.707  1244  1255 W .apps.wellbeing: ApkAssets: Deleting an ApkAssets object '/product/overlay/ContactsProvider__sdk_gphone64_arm64__auto_generated_rro_product.apk' with 1 weak references
06-17 16:23:15.708  1244  1255 W .apps.wellbeing: ApkAssets: Deleting an ApkAssets object '<empty> and /product/app/LatinIMEGooglePrebuilt/LatinIMEGooglePrebuilt.apk' with 1 weak references
06-17 16:23:15.708   384   384 E SurfaceFlinger: Out of order buffers detected for RequestedLayerState{com.google.android.apps.nexuslauncher/com.google.android.apps.nexuslauncher.NexusLauncherActivity#87 parentId=83} producedId=4 frameNumber=334 -> producedId=4 frameNumber=22
06-17 16:23:15.710  1244  1255 W .apps.wellbeing: ApkAssets: Deleting an ApkAssets object '<empty> and /product/priv-app/GoogleRestorePrebuilt-v526684/GoogleRestorePrebuilt-v526684.apk' with 1 weak references
06-17 16:23:15.724   384   384 E SurfaceFlinger: Out of order buffers detected for RequestedLayerState{com.google.android.apps.nexuslauncher/com.google.android.apps.nexuslauncher.NexusLauncherActivity#87 parentId=83} producedId=4 frameNumber=334 -> producedId=4 frameNumber=23
06-17 16:23:15.732   546   732 D ShortcutService: received package broadcast intent: Intent { act=android.intent.action.PACKAGE_REMOVED dat=package: flg=0x4000010 (has extras) }
06-17 16:23:15.741   384   384 E SurfaceFlinger: Out of order buffers detected for RequestedLayerState{com.google.android.apps.nexuslauncher/com.google.android.apps.nexuslauncher.NexusLauncherActivity#87 parentId=83} producedId=4 frameNumber=334 -> producedId=4 frameNumber=24
06-17 16:23:15.745   546   693 E AppOps  : attributionTag VCN not declared in manifest of android
06-17 16:23:15.752   546   546 D ActivityManager: sync unfroze 1592 com.android.keychain for 10
06-17 16:23:15.754   546   546 D ActivityManager: sync unfroze 941 com.android.settings for 10
06-17 16:23:15.754   546   546 D ActivityManager: sync unfroze 2487 com.google.android.settings.intelligence for 10
06-17 16:23:15.758   384   384 E SurfaceFlinger: Out of order buffers detected for RequestedLayerState{com.google.android.apps.nexuslauncher/com.google.android.apps.nexuslauncher.NexusLauncherActivity#87 parentId=83} producedId=4 frameNumber=334 -> producedId=4 frameNumber=25
06-17 16:23:15.765   546   546 I Telecom : CarModeTracker: Package com.coded.capstone is not tracked.: SSH.oR@AGY
06-17 16:23:15.765   546   546 I Telecom : InCallController: updateCarModeForConnections: car mode apps: : SSH.oR@AGY
06-17 16:23:15.765   546   546 I Telecom : InCallController: update carmode current:UserHandle{0} parent:null: SSH.oR@AGY
06-17 16:23:15.817  1043  1049 W s.nexuslauncher: ApkAssets: Deleting an ApkAssets object '<empty> and /data/app/~~zD4r9133Lz0d6OH0O7mcSg==/com.coded.capstone-rtc-rnQNrohSg4DUOx8m-w==/base.apk' with 1 weak references
06-17 16:23:15.818  1043  1049 W System  : A resource failed to call release. 
06-17 16:23:15.819   546   693 E AppOps  : attributionTag VCN not declared in manifest of android
06-17 16:23:15.819  1043  1049 W System  : A resource failed to call release. 
06-17 16:23:15.820  1043  1049 W System  : A resource failed to call release. 
06-17 16:23:15.821   938   938 E SmsApplication: com.google.android.apps.messaging lost android:read_cell_broadcasts:  (fixing)
06-17 16:23:15.822   546  1053 W AppOpService: Ignored setUidMode call for runtime permission app op: uid = 10142, code = READ_CELL_BROADCASTS, mode = allow, callingUid = 1001, oldMode = allow
06-17 16:23:15.824   938   938 E CellBroadcastUtils: getDefaultCellBroadcastReceiverPackageName: no package found
06-17 16:23:15.824   546  1053 W AppOpService: Ignored setUidMode call for runtime permission app op: uid = 1001, code = READ_SMS, mode = allow, callingUid = 1001, oldMode = allow
06-17 16:23:15.824   546  1053 W AppOpService: Ignored setUidMode call for runtime permission app op: uid = 1001, code = RECEIVE_SMS, mode = allow, callingUid = 1001, oldMode = allow
06-17 16:23:15.824   546  1053 W AppOpService: Ignored setUidMode call for runtime permission app op: uid = 1001, code = RECEIVE_WAP_PUSH, mode = allow, callingUid = 1001, oldMode = allow
06-17 16:23:15.829   546   599 W IPCThreadState: Sending oneway calls to frozen process.
06-17 16:23:15.829   546   599 W IPCThreadState: Sending oneway calls to frozen process.
06-17 16:23:15.829   546   599 W IPCThreadState: Sending oneway calls to frozen process.
06-17 16:23:15.829   546   599 W IPCThreadState: Sending oneway calls to frozen process.
06-17 16:23:15.829   546   599 W IPCThreadState: Sending oneway calls to frozen process.
06-17 16:23:15.829  1244  1244 D ActivityThread: Package [com.coded.capstone] reported as REPLACED, but missing application info. Assuming REMOVED.
06-17 16:23:15.830   546   663 W PackageConfigPersister: App-specific configuration not found for packageName: com.coded.capstone and userId: 0
06-17 16:23:15.830  2566  2566 D ActivityThread: Package [com.coded.capstone] reported as REPLACED, but missing application info. Assuming REMOVED.
06-17 16:23:15.830  1043  1043 D ActivityThread: Package [com.coded.capstone] reported as REPLACED, but missing application info. Assuming REMOVED.
06-17 16:23:15.830  1592  1592 D ActivityThread: Package [com.coded.capstone] reported as REPLACED, but missing application info. Assuming REMOVED.
06-17 16:23:15.833  1446  1446 D ActivityThread: Package [com.coded.capstone] reported as REPLACED, but missing application info. Assuming REMOVED.
06-17 16:23:15.838   546   599 W IPCThreadState: Sending oneway calls to frozen process.
06-17 16:23:15.838   546   599 W IPCThreadState: Sending oneway calls to frozen process.
06-17 16:23:15.838   546   599 W IPCThreadState: Sending oneway calls to frozen process.
06-17 16:23:15.838   546   599 W IPCThreadState: Sending oneway calls to frozen process.
06-17 16:23:15.838   546   599 W IPCThreadState: Sending oneway calls to frozen process.
06-17 16:23:15.838   546   599 W IPCThreadState: Sending oneway calls to frozen process.
06-17 16:23:15.839  1302  1302 D ActivityThread: Package [com.coded.capstone] reported as REPLACED, but missing application info. Assuming REMOVED.
06-17 16:23:15.839  2487  2487 D ActivityThread: Package [com.coded.capstone] reported as REPLACED, but missing application info. Assuming REMOVED.
06-17 16:23:15.841   941   941 D ActivityThread: Package [com.coded.capstone] reported as REPLACED, but missing application info. Assuming REMOVED.
06-17 16:23:15.844  1326  1326 D ActivityThread: Package [com.coded.capstone] reported as REPLACED, but missing application info. Assuming REMOVED.
06-17 16:23:15.844   546  2374 W AppOpService: Ignored setUidMode call for runtime permission app op: uid = 1001, code = SEND_SMS, mode = allow, callingUid = 1001, oldMode = allow
06-17 16:23:15.844   546  1053 W AppOpService: Ignored setUidMode call for runtime permission app op: uid = 1001, code = READ_CELL_BROADCASTS, mode = allow, callingUid = 1001, oldMode = allow
06-17 16:23:15.846   779   779 D ActivityThread: Package [com.coded.capstone] reported as REPLACED, but missing application info. Assuming REMOVED.
06-17 16:23:15.847  1073  1073 D ActivityThread: Package [com.coded.capstone] reported as REPLACED, but missing application info. Assuming REMOVED.
06-17 16:23:15.847  1281  1281 D ActivityThread: Package [com.coded.capstone] reported as REPLACED, but missing application info. Assuming REMOVED.
06-17 16:23:15.848   845   845 D ActivityThread: Package [com.coded.capstone] reported as REPLACED, but missing application info. Assuming REMOVED.
06-17 16:23:15.849  1366  1366 D ActivityThread: Package [com.coded.capstone] reported as REPLACED, but missing application info. Assuming REMOVED.
06-17 16:23:15.849  1342  1342 D ActivityThread: Package [com.coded.capstone] reported as REPLACED, but missing application info. Assuming REMOVED.
06-17 16:23:15.850   926   926 D ActivityThread: Package [com.coded.capstone] reported as REPLACED, but missing application info. Assuming REMOVED.
06-17 16:23:15.854  1291  1291 D ActivityThread: Package [com.coded.capstone] reported as REPLACED, but missing application info. Assuming REMOVED.
06-17 16:23:15.855   546   693 E AppOps  : attributionTag VCN not declared in manifest of android
06-17 16:23:15.856   546   546 V BackupManagerConstants: getFullBackupIntervalMilliseconds(...) returns 86400000
06-17 16:23:15.856   546   546 V BackupManagerConstants: getFullBackupRequiredNetworkType(...) returns 2
06-17 16:23:15.856   546   546 V BackupManagerConstants: getFullBackupRequireCharging(...) returns true
06-17 16:23:15.864   938   938 D CarrierSvcBindHelper: onPackageUpdateFinished: com.coded.capstone
06-17 16:23:15.865   546   576 D ActivityManager: sync unfroze 1146 com.google.android.permissioncontroller for 3
06-17 16:23:15.867   938   938 D CarrierSvcBindHelper: No carrier app for: 0
06-17 16:23:15.867   938   938 D CarrierSvcBindHelper: onPackageModified: com.coded.capstone
06-17 16:23:15.867   938   938 D CarrierSvcBindHelper: No carrier app for: 0
06-17 16:23:15.868   938   938 E SmsApplication: com.google.android.apps.messaging lost android:read_cell_broadcasts:  (fixing)
06-17 16:23:15.868   546  2374 W AppOpService: Ignored setUidMode call for runtime permission app op: uid = 10142, code = READ_CELL_BROADCASTS, mode = allow, callingUid = 1001, oldMode = allow
06-17 16:23:15.868   938   938 E CellBroadcastUtils: getDefaultCellBroadcastReceiverPackageName: no package found
06-17 16:23:15.868   546  2374 W AppOpService: Ignored setUidMode call for runtime permission app op: uid = 1001, code = READ_SMS, mode = allow, callingUid = 1001, oldMode = allow
06-17 16:23:15.868   546  2374 W AppOpService: Ignored setUidMode call for runtime permission app op: uid = 1001, code = RECEIVE_SMS, mode = allow, callingUid = 1001, oldMode = allow
06-17 16:23:15.868   546  2374 W AppOpService: Ignored setUidMode call for runtime permission app op: uid = 1001, code = RECEIVE_WAP_PUSH, mode = allow, callingUid = 1001, oldMode = allow
06-17 16:23:15.868   546  2374 W AppOpService: Ignored setUidMode call for runtime permission app op: uid = 1001, code = SEND_SMS, mode = allow, callingUid = 1001, oldMode = allow
06-17 16:23:15.868   546  2374 W AppOpService: Ignored setUidMode call for runtime permission app op: uid = 1001, code = READ_CELL_BROADCASTS, mode = allow, callingUid = 1001, oldMode = allow
06-17 16:23:15.870   938   938 E SmsApplication: com.google.android.apps.messaging lost android:read_cell_broadcasts:  (fixing)
06-17 16:23:15.870   546  2374 W AppOpService: Ignored setUidMode call for runtime permission app op: uid = 10142, code = READ_CELL_BROADCASTS, mode = allow, callingUid = 1001, oldMode = allow
06-17 16:23:15.871   938   938 E CellBroadcastUtils: getDefaultCellBroadcastReceiverPackageName: no package found
06-17 16:23:15.871   546  1053 W AppOpService: Ignored setUidMode call for runtime permission app op: uid = 1001, code = READ_SMS, mode = allow, callingUid = 1001, oldMode = allow
06-17 16:23:15.871   546  1053 W AppOpService: Ignored setUidMode call for runtime permission app op: uid = 1001, code = RECEIVE_SMS, mode = allow, callingUid = 1001, oldMode = allow
06-17 16:23:15.871   546  2374 W AppOpService: Ignored setUidMode call for runtime permission app op: uid = 1001, code = RECEIVE_WAP_PUSH, mode = allow, callingUid = 1001, oldMode = allow
06-17 16:23:15.871   546  2374 W AppOpService: Ignored setUidMode call for runtime permission app op: uid = 1001, code = SEND_SMS, mode = allow, callingUid = 1001, oldMode = allow
06-17 16:23:15.872   546  2374 W AppOpService: Ignored setUidMode call for runtime permission app op: uid = 1001, code = READ_CELL_BROADCASTS, mode = allow, callingUid = 1001, oldMode = allow
06-17 16:23:15.873  1146  1146 D ActivityThread: Package [com.coded.capstone] reported as REPLACED, but missing application info. Assuming REMOVED.
06-17 16:23:15.882  1146  1146 I SafetyLabelChangedBroadcastReceiver: received broadcast packageName: com.coded.capstone, current user: UserHandle{0}, packageChangeEvent: UPDATE, intent user: UserHandle{0}
06-17 16:23:15.894   546   546 D ActivityThread: Package [com.coded.capstone] reported as REPLACED, but missing application info. Assuming REMOVED.
06-17 16:23:15.897  1043  1043 D ActivityThread: Package [com.coded.capstone] reported as REPLACED, but missing application info. Assuming REMOVED.
06-17 16:23:15.897   546   599 W IPCThreadState: Sending oneway calls to frozen process.
06-17 16:23:15.897   546   599 W IPCThreadState: Sending oneway calls to frozen process.
06-17 16:23:15.897   546   599 W IPCThreadState: Sending oneway calls to frozen process.
06-17 16:23:15.897   546   599 W IPCThreadState: Sending oneway calls to frozen process.
06-17 16:23:15.897  1244  1244 D ActivityThread: Package [com.coded.capstone] reported as REPLACED, but missing application info. Assuming REMOVED.
06-17 16:23:15.897  2566  2566 D ActivityThread: Package [com.coded.capstone] reported as REPLACED, but missing application info. Assuming REMOVED.
06-17 16:23:15.898   546   599 W IPCThreadState: Sending oneway calls to frozen process.
06-17 16:23:15.898   546   599 W IPCThreadState: Sending oneway calls to frozen process.
06-17 16:23:15.898   941   941 D ActivityThread: Package [com.coded.capstone] reported as REPLACED, but missing application info. Assuming REMOVED.
06-17 16:23:15.898   546   599 W IPCThreadState: Sending oneway calls to frozen process.
06-17 16:23:15.898   546   599 W IPCThreadState: Sending oneway calls to frozen process.
06-17 16:23:15.898   546   599 W IPCThreadState: Sending oneway calls to frozen process.
06-17 16:23:15.898   546   599 W IPCThreadState: Sending oneway calls to frozen process.
06-17 16:23:15.898  2487  2487 D ActivityThread: Package [com.coded.capstone] reported as REPLACED, but missing application info. Assuming REMOVED.
06-17 16:23:15.898  1302  1302 D ActivityThread: Package [com.coded.capstone] reported as REPLACED, but missing application info. Assuming REMOVED.
06-17 16:23:15.899   926   926 D ActivityThread: Package [com.coded.capstone] reported as REPLACED, but missing application info. Assuming REMOVED.
06-17 16:23:15.900  1291  1291 D ActivityThread: Package [com.coded.capstone] reported as REPLACED, but missing application info. Assuming REMOVED.
06-17 16:23:15.900  1073  1073 D ActivityThread: Package [com.coded.capstone] reported as REPLACED, but missing application info. Assuming REMOVED.
06-17 16:23:15.900  1342  1342 D ActivityThread: Package [com.coded.capstone] reported as REPLACED, but missing application info. Assuming REMOVED.
06-17 16:23:15.901  1366  1366 D ActivityThread: Package [com.coded.capstone] reported as REPLACED, but missing application info. Assuming REMOVED.
06-17 16:23:15.901   845   845 D ActivityThread: Package [com.coded.capstone] reported as REPLACED, but missing application info. Assuming REMOVED.
06-17 16:23:15.902  1326  1326 D ActivityThread: Package [com.coded.capstone] reported as REPLACED, but missing application info. Assuming REMOVED.
06-17 16:23:15.903  1146  1146 D ActivityThread: Package [com.coded.capstone] reported as REPLACED, but missing application info. Assuming REMOVED.
06-17 16:23:15.904  1281  1281 D ActivityThread: Package [com.coded.capstone] reported as REPLACED, but missing application info. Assuming REMOVED.
06-17 16:23:15.905  1446  1446 D ActivityThread: Package [com.coded.capstone] reported as REPLACED, but missing application info. Assuming REMOVED.
06-17 16:23:15.906  1592  1592 D ActivityThread: Package [com.coded.capstone] reported as REPLACED, but missing application info. Assuming REMOVED.
06-17 16:23:15.907   546   546 W AlarmManager: Package com.coded.capstone, uid 10207 lost permission to set exact alarms!
06-17 16:23:15.908   546   576 D CompatChangeReporter: Compat change id reported: 151861875; UID 10207; state: ENABLED
06-17 16:23:15.908   546   576 V GrammaticalInflectionUtils: AttributionSource: android.content.AttributionSource@d0c17649 does not have READ_SYSTEM_GRAMMATICAL_GENDER permission.
06-17 16:23:15.909   546   599 D PackageInstallerSession: Marking session 416664169 as applied
06-17 16:23:15.913   938  1129 D ImsResolver: maybeAddedImsService, packageName: com.coded.capstone
06-17 16:23:15.914   938   938 D ActivityThread: Package [com.coded.capstone] reported as REPLACED, but missing application info. Assuming REMOVED.
06-17 16:23:15.914   546   546 D ActivityThread: Package [com.coded.capstone] reported as REPLACED, but missing application info. Assuming REMOVED.
06-17 16:23:15.924   546   744 I SdkSandboxManager: No SDKs used. Skipping SDK data reconcilation for CallingInfo{mUid=10207, mPackageName='com.coded.capstone, mAppProcessToken='null'}
06-17 16:23:15.924   546   744 I SdkSandboxManager: No SDKs used. Skipping SDK data reconcilation for CallingInfo{mUid=10207, mPackageName='com.coded.capstone, mAppProcessToken='null'}
06-17 16:23:15.951   546   732 D ShortcutService: received package broadcast intent: Intent { act=android.intent.action.PACKAGE_ADDED dat=package: flg=0x4000010 (has extras) }
06-17 16:23:15.951   546   732 D ShortcutService: replacing package: com.coded.capstone userId0
06-17 16:23:15.951   546   732 D ShortcutService: handlePackageUpdateFinished: com.coded.capstone user=0
06-17 16:23:15.952   546   732 D ShortcutService: rescanPackageIfNeeded 0@com.coded.capstone, forceRescan=true , isNewApp=true
06-17 16:23:15.953   320   320 D Zygote  : Forked child process 4314
06-17 16:23:15.953   546   732 D ShortcutService: Package com.coded.capstone has 0 manifest shortcut(s), and 0 share target(s)
06-17 16:23:15.957   938   938 D ActivityThread: Package [com.coded.capstone] reported as REPLACED, but missing application info. Assuming REMOVED.
06-17 16:23:15.963   546   577 W ActivityManager: Slow operation: 55ms so far, now at startProcess: returned from zygote!
06-17 16:23:15.963   546   577 W ActivityManager: Slow operation: 55ms so far, now at startProcess: done updating battery stats
06-17 16:23:15.963   546   577 W ActivityManager: Slow operation: 55ms so far, now at startProcess: building log message
06-17 16:23:15.963   546   577 I ActivityManager: Start proc 4314:com.coded.capstone/u0a207 for broadcast {com.coded.capstone/com.coded.capstone.MapAndGeofencing.GeofenceBroadcastReceiver}
06-17 16:23:15.963   546   577 W ActivityManager: Slow operation: 55ms so far, now at startProcess: starting to update pids map
06-17 16:23:15.963   546   577 W ActivityManager: Slow operation: 55ms so far, now at startProcess: done updating pids map
06-17 16:23:15.965  4314  4314 I .coded.capstone: Late-enabling -Xcheck:jni
06-17 16:23:15.975   546   612 W IPCThreadState: Sending oneway calls to frozen process.
06-17 16:23:15.980   968   968 D ActivityThread: Package [com.coded.capstone] reported as REPLACED, but missing application info. Assuming REMOVED.
06-17 16:23:15.995  4314  4314 I .coded.capstone: Using CollectorTypeCMC GC.
06-17 16:23:16.000   389   405 I adbd    : jdwp connection from 4314
06-17 16:23:16.004   968   968 D ActivityThread: Package [com.coded.capstone] reported as REPLACED, but missing application info. Assuming REMOVED.
06-17 16:23:16.020  4314  4314 D nativeloader: Load libframework-connectivity-tiramisu-jni.so using APEX ns com_android_tethering for caller /apex/com.android.tethering/javalib/framework-connectivity-t.jar: ok
06-17 16:23:16.022  1146  1154 I PermissionControllerServiceImpl: Updating user sensitive for uid 10207
06-17 16:23:16.025   779   779 D ActivityThread: Package [com.coded.capstone] reported as REPLACED, but missing application info. Assuming REMOVED.
06-17 16:23:16.148  4314  4314 D ApplicationLoaders: Returning zygote-cached class loader: /system/framework/org.apache.http.legacy.jar
06-17 16:23:16.149  4314  4314 W ziparchive: Unable to open '/data/app/~~Gwa6LKAgUD0wiIaVqDEU3A==/com.coded.capstone-DpNVqzoMhIiPDvyDnv0K7A==/base.dm': No such file or directory
06-17 16:23:16.149  4314  4314 W ziparchive: Unable to open '/data/app/~~Gwa6LKAgUD0wiIaVqDEU3A==/com.coded.capstone-DpNVqzoMhIiPDvyDnv0K7A==/base.dm': No such file or directory
06-17 16:23:16.174   968   972 I id.ext.services: Background concurrent mark compact GC freed 1880KB AllocSpace bytes, 0(0B) LOS objects, 49% free, 1984KB/3969KB, paused 64us,708us total 145.060ms
06-17 16:23:16.174   968   972 W id.ext.services: Reducing the number of considered missed Gc histogram windows from 103 to 100
06-17 16:23:16.297   546   576 D ActivityManager: sync unfroze 2002 com.android.vending for 3
06-17 16:23:16.300   546   576 D ActivityManager: sync unfroze 2344 com.android.vending:background for 3
06-17 16:23:16.303   779   779 D ControlsListingControllerImpl: ServiceConfig reloaded, count: 0
06-17 16:23:16.303   779   779 D ControlsListingControllerImpl: ServiceConfig reloaded, count: 0
06-17 16:23:16.303   779   779 D ControlsListingControllerImpl: ServiceConfig reloaded, count: 0
06-17 16:23:16.308  1281  1281 W MediaProvider: WorkProfileOwnerApps cache is empty
06-17 16:23:16.308  1281  1281 D PickerSyncLockManager: Trying to acquire lock com.android.providers.media.photopicker.sync.CloseableReentrantLock@c118d9a[Unlocked]. Lock Name = CLOUD_PROVIDER_LOCK. Threads that may be waiting to acquire this lock = []
06-17 16:23:16.308  1281  1281 D CloseableReentrantLock: Successfully acquired lock com.android.providers.media.photopicker.sync.CloseableReentrantLock@c118d9a[Locked by thread main]. Lock Name = CLOUD_PROVIDER_LOCK. Threads that may be waiting to acquire this lock = []
06-17 16:23:16.308  1281  1281 D CloseableReentrantLock: Successfully released lock com.android.providers.media.photopicker.sync.CloseableReentrantLock@c118d9a[Unlocked]. Lock Name = CLOUD_PROVIDER_LOCK. Threads that may be waiting to acquire this lock = []
06-17 16:23:16.309  2344  2344 D ActivityThread: Package [com.coded.capstone] reported as REPLACED, but missing application info. Assuming REMOVED.
06-17 16:23:16.325  2344  2344 D ActivityThread: Package [com.coded.capstone] reported as REPLACED, but missing application info. Assuming REMOVED.
06-17 16:23:16.326  2344  2344 I Finsky:background: [2] Memory trim requested to level 40
06-17 16:23:16.338  2002  2002 D ActivityThread: Package [com.coded.capstone] reported as REPLACED, but missing application info. Assuming REMOVED.
06-17 16:23:16.339  2344  2344 I Finsky:background: [2] Memory trim requested to level 40
06-17 16:23:16.339  2002  2002 D ActivityThread: Package [com.coded.capstone] reported as REPLACED, but missing application info. Assuming REMOVED.
06-17 16:23:16.342  2002  2002 I Finsky  : [2] Memory trim requested to level 40
06-17 16:23:16.343  2002  2002 I Finsky  : [2] Flushing in-memory image cache
06-17 16:23:16.345  1326  1326 I GsaVoiceInteractionSrv: (REDACTED) O received %s
06-17 16:23:16.347  2344  2344 I Finsky:background: [2] adpn - Received: android.intent.action.PACKAGE_REMOVED, [aQtctcXo_RtcB70ubLnUNruw8iU4vEnSAF2XfTPococ]
06-17 16:23:16.347  2002  2002 I Finsky  : [2] Memory trim requested to level 40
06-17 16:23:16.347  2002  2002 I Finsky  : [2] Flushing in-memory image cache
06-17 16:23:16.351  2002  2002 I Finsky  : [2] adpz - Received: android.intent.action.PACKAGE_REMOVED, [aQtctcXo_RtcB70ubLnUNruw8iU4vEnSAF2XfTPococ]
06-17 16:23:16.355   546  1772 D ActivityManager: sync unfroze 1490 com.google.android.gms for 6
06-17 16:23:16.379  1490  1490 D ActivityThread: Package [com.coded.capstone] reported as REPLACED, but missing application info. Assuming REMOVED.
06-17 16:23:16.383  1326  1326 I GsaVoiceInteractionSrv: (REDACTED) O received %s
06-17 16:23:16.384  1326  1326 I GsaVoiceInteractionSrv: (REDACTED) O received %s
06-17 16:23:16.393  2344  2344 I Finsky:background: [2] IQ: onPackageRemoved com.coded.capstone, replacing=true, uninstallingFromPlay=false
06-17 16:23:16.394  1490  1490 D ActivityThread: Package [com.coded.capstone] reported as REPLACED, but missing application info. Assuming REMOVED.
06-17 16:23:16.398  2344  2344 I Finsky:background: [2] adpn - Received: android.intent.action.PACKAGE_ADDED, [aQtctcXo_RtcB70ubLnUNruw8iU4vEnSAF2XfTPococ]
06-17 16:23:16.429  2002  2002 I Finsky  : [2] adpz - Received: android.intent.action.PACKAGE_ADDED, [aQtctcXo_RtcB70ubLnUNruw8iU4vEnSAF2XfTPococ]
06-17 16:23:16.430  2344  4332 I Finsky:background: [125] IQ: handled package removed
06-17 16:23:16.431  2344  4330 I Finsky:background: [123] Wrote row to frosting DB: 410
06-17 16:23:16.433  2344  2344 I Finsky:background: [2] adpn - Received: android.intent.action.PACKAGE_ADDED, [aQtctcXo_RtcB70ubLnUNruw8iU4vEnSAF2XfTPococ]
06-17 16:23:16.437  2002  4152 I Finsky  : [169] SCH: Received scheduling request: Id: 12-1, Constraints: [{ L: 15000, D: 86400000, C: CHARGING_NONE, I: IDLE_NONE, N: NET_ANY, B: BATTERY_ANY }]
06-17 16:23:16.476  2344  4330 I Finsky:background: [123] Wrote row to frosting DB: 411
06-17 16:23:16.484  2344  2344 I Finsky:background: [2] adpn - Deduping intent android.intent.action.PACKAGE_ADDED
06-17 16:23:16.487  2344  2344 I Finsky:background: [2] adpn - Received: android.intent.action.PACKAGE_ADDED, [aQtctcXo_RtcB70ubLnUNruw8iU4vEnSAF2XfTPococ]
06-17 16:23:16.493  2344  2344 I Finsky:background: [2] adpn - Deduping intent android.intent.action.PACKAGE_ADDED
06-17 16:23:16.493  2344  2424 I Finsky:background: [50] RECEIVER_PACKAGE_MONITOR_BACKGROUND#logWorkEndAndFinishGoAsync: SUCCESS
06-17 16:23:16.495  2002  2002 I Finsky  : [2] DTU: Received onPackageAdded, replacing: true
06-17 16:23:16.514  2002  2028 W android.vending: Couldn't lock the profile file /data/misc/profiles/cur/0/com.android.vending/primary.prof: Failed to lock file '/data/misc/profiles/cur/0/com.android.vending/primary.prof': Try again
06-17 16:23:16.515  1446  1793 W SearchServiceCore: Abort, client detached.
06-17 16:23:16.524  2002  2002 I Finsky  : [2] adpz - Received: android.intent.action.PACKAGE_ADDED, [aQtctcXo_RtcB70ubLnUNruw8iU4vEnSAF2XfTPococ]
06-17 16:23:16.524  2002  4152 I Finsky  : [169] SCH: Received scheduling request: Id: 12-1, Constraints: [{ L: 15000, D: 86400000, C: CHARGING_NONE, I: IDLE_NONE, N: NET_ANY, B: BATTERY_ANY }]
06-17 16:23:16.524  2002  2028 W android.vending: Could not forcefully load profile /data/misc/profiles/cur/0/com.android.vending/primary.prof
06-17 16:23:16.530  1073  4342 I ProximityAuth: [RecentAppsMediator] Package added: (user=UserHandle{0}) com.coded.capstone
06-17 16:23:16.533  1446  1793 W SearchServiceCore: Abort, client detached.
06-17 16:23:16.535  2002  2002 I Finsky  : [2] adpz - Deduping intent android.intent.action.PACKAGE_ADDED
06-17 16:23:16.539  2002  2002 I Finsky  : [2] adpz - Received: android.intent.action.PACKAGE_ADDED, [aQtctcXo_RtcB70ubLnUNruw8iU4vEnSAF2XfTPococ]
06-17 16:23:16.549  1446  1793 W SearchServiceCore: Abort, client detached.
06-17 16:23:16.564  2002  2002 I Finsky  : [2] adpz - Deduping intent android.intent.action.PACKAGE_ADDED
06-17 16:23:16.565  2002  2047 I Finsky  : [42] RECEIVER_PACKAGE_MONITOR#logWorkEndAndFinishGoAsync: SUCCESS
06-17 16:23:16.572  2002  4151 D TrafficStats: tagSocket(134) with statsTag=0xffffffff, statsUid=-1
06-17 16:23:16.573  2002  4180 D TrafficStats: tagSocket(139) with statsTag=0xffffffff, statsUid=-1
06-17 16:23:16.589   546   981 V SafetySourceDataValidat: Package: com.android.vending has expected signature
06-17 16:23:16.590  1073  4335 I Fitness : (REDACTED) FitCleanupIntentOperation received Intent %s
06-17 16:23:16.594   546   981 V SafetySourceDataValidat: Package: com.android.vending has expected signature
06-17 16:23:16.632  2344  4330 I Finsky:background: [123] Wrote row to frosting DB: 412
06-17 16:23:16.664  1490  4367 I Auth    : (REDACTED) [SupervisedAccountIntentOperationV2] onHandleIntent: %s
06-17 16:23:16.689  1490  4367 I NearbyDiscovery: (REDACTED) processGrantSlicePermission: %s
06-17 16:23:16.694  1073  1073 D BoundBrokerSvc: onUnbind: Intent { act=com.google.android.gms.auth.aang.events.services.START dat=chimera-action:/... cmp=com.google.android.gms/.chimera.PersistentApiService }
06-17 16:23:16.708  1490  1490 D BoundBrokerSvc: onUnbind: Intent { act=com.google.android.gms.auth.service.START pkg=com.google.android.gms }
06-17 16:23:16.744   546  1756 W ActivityTaskManager: callingPackage for (uid=2000, pid=4374) has no WPC
06-17 16:23:16.747   546  1756 W OptProp : Cannot read opt property android.window.PROPERTY_COMPAT_ALLOW_USER_ASPECT_RATIO_OVERRIDE
06-17 16:23:16.753  1490  4361 W SQLiteLog: (28) double-quoted string literal: "com.coded.capstone"
06-17 16:23:16.753  2344  4330 I Finsky:background: [123] Wrote row to frosting DB: 413
06-17 16:23:16.755   546  1756 W OptProp : Cannot read opt property android.window.PROPERTY_COMPAT_ALLOW_USER_ASPECT_RATIO_FULLSCREEN_OVERRIDE
06-17 16:23:16.755   546  1756 W OptProp : Cannot read opt property android.window.PROPERTY_COMPAT_ALLOW_ORIENTATION_OVERRIDE
06-17 16:23:16.759   546  1756 V GrammaticalInflectionUtils: AttributionSource: android.content.AttributionSource@d0c17649 does not have READ_SYSTEM_GRAMMATICAL_GENDER permission.
06-17 16:23:16.769  2344  4330 I Finsky:background: [123] Wrote row to frosting DB: 414
06-17 16:23:16.769   546  1756 W OptProp : Cannot read opt property android.window.PROPERTY_COMPAT_ALLOW_RESIZEABLE_ACTIVITY_OVERRIDES
06-17 16:23:16.769   546  1756 W OptProp : Cannot read opt property android.window.PROPERTY_COMPAT_ALLOW_MIN_ASPECT_RATIO_OVERRIDE
06-17 16:23:16.777  2344  4330 I Finsky:background: [123] Wrote row to frosting DB: 415
06-17 16:23:16.777  2002  2002 I Finsky  : [2] Memory trim requested to level 40
06-17 16:23:16.777  2002  2002 I Finsky  : [2] Flushing in-memory image cache
06-17 16:23:16.795   779   856 V WindowManagerShell: Transition requested (#13): android.os.BinderProxy@a28785e TransitionRequestInfo { type = OPEN, triggerTask = TaskInfo{userId=0 taskId=81 displayId=0 isRunning=true baseIntent=Intent { flg=0x10000000 cmp=com.coded.capstone/.MainActivity } baseActivity=ComponentInfo{com.coded.capstone/com.coded.capstone.MainActivity} topActivity=ComponentInfo{com.coded.capstone/com.coded.capstone.MainActivity} origActivity=null realActivity=ComponentInfo{com.coded.capstone/com.coded.capstone.MainActivity} numActivities=1 lastActiveTime=1080264 supportsMultiWindow=true resizeMode=1 isResizeable=true minWidth=-1 minHeight=-1 defaultMinSize=220 token=WCT{android.window.IWindowContainerToken$Stub$Proxy@e9c143f} topActivityType=1 pictureInPictureParams=null shouldDockBigOverlays=false launchIntoPipHostTaskId=-1 lastParentTaskIdBeforePip=-1 displayCutoutSafeInsets=null topActivityInfo=ActivityInfo{e5a010c com.coded.capstone.MainActivity} launchCookies=[] positionInParent=Point(0, 0) parentTaskId=-1 isFocused=false isVisible=false isVisibleRequested=false isSleeping=false locusId=null displayAreaFeatureId=1 isTopActivityTransparent=false appCompatTaskInfo=AppCompatTaskInfo { topActivityInSizeCompat=false topActivityEligibleForLetterboxEducation= falseisLetterboxEducationEnabled= true isLetterboxDoubleTapEnabled= false topActivityEligibleForUserAspectRatioButton= false topActivityBoundsLetterboxed= false isFromLetterboxDoubleTap= false topActivityLetterboxVerticalPosition= -1 topActivityLetterboxHorizontalPosition= -1 topActivityLetterboxWidth=1080 topActivityLetterboxHeight=2400 isUserFullscreenOverrideEnabled=false isSystemFullscreenOverrideEnabled=false cameraCompatTaskInfo=CameraCompatTaskInfo { cameraCompatControlState=hidden freeformCameraCompatMode=inactive}}}, pipTask = null, remoteTransition = null, displayChange = null, flags = 0, debugId = 13 }
06-17 16:23:16.796   546   981 D CompatChangeReporter: Compat change id reported: 309578419; UID 10207; state: ENABLED
06-17 16:23:16.796  2344  2344 I Finsky:background: [2] Memory trim requested to level 40
06-17 16:23:16.817   546  1756 I ActivityTaskManager: START u0 {flg=0x10000000 cmp=com.coded.capstone/.MainActivity} with LAUNCH_MULTIPLE from uid 2000 (BAL_ALLOW_PERMISSION) result code=0
06-17 16:23:16.823  1043  1043 W SplitSelectStateCtor: Missing session instanceIds
06-17 16:23:16.823  1043  1043 D StatsLog: LAUNCHER_SPLIT_SELECTION_EXIT_INTERRUPTED
06-17 16:23:16.824   384   384 I BpBinder: onLastStrongRef automatically unlinking death recipients: 
06-17 16:23:16.831   779   856 D WindowManagerShell: setLauncherKeepClearAreaHeight: visible=false, height=527
06-17 16:23:16.835   546  1772 W OptProp : Cannot read opt property android.window.PROPERTY_COMPAT_ENABLE_FAKE_FOCUS
06-17 16:23:16.835   546  1772 D CompatChangeReporter: Compat change id reported: 324203798; UID 10207; state: ENABLED
06-17 16:23:16.869  1043  1043 I TopTaskTracker: onTaskMovedToFront: (moved taskInfo to front) taskId=81, baseIntent=Intent { flg=0x10000000 cmp=com.coded.capstone/.MainActivity }
06-17 16:23:16.897   546   981 D CoreBackPreview: Window{7f0d082 u0 Splash Screen com.coded.capstone}: Setting back callback OnBackInvokedCallbackInfo{mCallback=android.window.IOnBackInvokedCallback$Stub$Proxy@70f63f4, mPriority=0, mIsAnimationCallback=false}
06-17 16:23:16.900  1043  1427 D EGL_emulation: app_time_stats: avg=199.05ms min=3.70ms max=1154.02ms count=6
06-17 16:23:16.908   384   384 E SurfaceFlinger: Out of order buffers detected for RequestedLayerState{com.google.android.apps.nexuslauncher/com.google.android.apps.nexuslauncher.NexusLauncherActivity#87 parentId=83} producedId=4 frameNumber=334 -> producedId=4 frameNumber=26
06-17 16:23:16.924   384   384 E SurfaceFlinger: Out of order buffers detected for RequestedLayerState{com.google.android.apps.nexuslauncher/com.google.android.apps.nexuslauncher.NexusLauncherActivity#87 parentId=83} producedId=4 frameNumber=334 -> producedId=4 frameNumber=27
06-17 16:23:16.941   384   384 E SurfaceFlinger: Out of order buffers detected for RequestedLayerState{com.google.android.apps.nexuslauncher/com.google.android.apps.nexuslauncher.NexusLauncherActivity#87 parentId=83} producedId=4 frameNumber=334 -> producedId=4 frameNumber=28
06-17 16:23:16.955  1490  1490 D BoundBrokerSvc: onBind: Intent { act=com.google.android.gms.feedback.internal.IFeedbackService dat=chimera-action:/... cmp=com.google.android.gms/.chimera.GmsBoundBrokerService }
06-17 16:23:16.955  1490  1490 D BoundBrokerSvc: Loading bound service for intent: Intent { act=com.google.android.gms.feedback.internal.IFeedbackService dat=chimera-action:/... cmp=com.google.android.gms/.chimera.GmsBoundBrokerService }
06-17 16:23:16.958   384   384 E SurfaceFlinger: Out of order buffers detected for RequestedLayerState{com.google.android.apps.nexuslauncher/com.google.android.apps.nexuslauncher.NexusLauncherActivity#87 parentId=83} producedId=4 frameNumber=334 -> producedId=4 frameNumber=29
06-17 16:23:16.971  2002  4152 I android.vending: IncrementDisableThreadFlip blocked for 8.225ms
06-17 16:23:16.974   384   384 E SurfaceFlinger: Out of order buffers detected for RequestedLayerState{com.google.android.apps.nexuslauncher/com.google.android.apps.nexuslauncher.NexusLauncherActivity#87 parentId=83} producedId=4 frameNumber=334 -> producedId=4 frameNumber=30
06-17 16:23:16.985  1490  2646 I Icing   : IndexChimeraService.getServiceInterface callingPackage=com.google.android.gms componentName=AppsCorpus serviceId=36
06-17 16:23:16.991   384   384 E SurfaceFlinger: Out of order buffers detected for RequestedLayerState{com.google.android.apps.nexuslauncher/com.google.android.apps.nexuslauncher.NexusLauncherActivity#87 parentId=83} producedId=4 frameNumber=334 -> producedId=4 frameNumber=31
06-17 16:23:17.008   384   384 E SurfaceFlinger: Out of order buffers detected for RequestedLayerState{com.google.android.apps.nexuslauncher/com.google.android.apps.nexuslauncher.NexusLauncherActivity#87 parentId=83} producedId=4 frameNumber=334 -> producedId=4 frameNumber=32
06-17 16:23:17.010   779   890 V WindowManagerShell: onTransitionReady(transaction=2345052144397)
06-17 16:23:17.010   779   856 V WindowManagerShell: onTransitionReady (#13) android.os.BinderProxy@a28785e: {id=13 t=OPEN f=0x0 trk=0 r=[0@Point(0, 0)] c=[{WCT{android.window.IWindowContainerToken$Stub$Proxy@e3357e6} m=OPEN f=NONE leash=Surface(name=Task=81)/@0x5b8141a sb=Rect(0, 0 - 1080, 2400) eb=Rect(0, 0 - 1080, 2400) d=0 taskParent=-1},{WCT{android.window.IWindowContainerToken$Stub$Proxy@288b127} m=TO_BACK f=SHOW_WALLPAPER leash=Surface(name=Task=1)/@0x4e7f928 sb=Rect(0, 0 - 1080, 2400) eb=Rect(0, 0 - 1080, 2400) d=0 taskParent=-1}]}
06-17 16:23:17.010   779   856 V WindowManagerShell: Playing animation for (#13) android.os.BinderProxy@a28785e@0
06-17 16:23:17.010   779   856 V WindowManagerShell:  try handler com.android.wm.shell.transition.DefaultMixedHandler@79313ec
06-17 16:23:17.010   779   856 V WindowManagerShell:  try handler com.android.wm.shell.keyguard.KeyguardTransitionHandler@e3993b5
06-17 16:23:17.010   779   856 V WindowManagerShell:  try handler com.android.wm.shell.pip.PipTransition@c833a4a
06-17 16:23:17.010   779   856 V WindowManagerShell:  try handler com.android.wm.shell.activityembedding.ActivityEmbeddingController@ede8dbb
06-17 16:23:17.010   779   856 V WindowManagerShell:  try handler com.android.wm.shell.recents.RecentsTransitionHandler@d9382d8
06-17 16:23:17.010   779   856 V ShellRecents: RecentsTransitionHandler.startAnimation: no controller found
06-17 16:23:17.010   779   856 V WindowManagerShell:  try handler com.android.wm.shell.splitscreen.StageCoordinator@4bcb631
06-17 16:23:17.010   779   856 V WindowManagerShell:  try handler com.android.wm.shell.transition.RemoteTransitionHandler@ec2b116
