--------- beginning of system
06-17 16:23:09.358   546   637 D ActivityManager: freezing 2002 com.android.vending
--------- beginning of main
06-17 16:23:09.371   546   687 D InetDiagMessage: Destroyed 0 sockets, proto=IPPROTO_TCP, family=AF_INET, states=14
06-17 16:23:09.375   546   687 D InetDiagMessage: Destroyed 0 sockets, proto=IPPROTO_TCP, family=AF_INET6, states=14
06-17 16:23:09.381   546   687 D InetDiagMessage: Destroyed live tcp sockets for uids={10141} in 11ms
06-17 16:23:10.606   546   637 D ActivityManager: freezing 1490 com.google.android.gms
06-17 16:23:12.697   546   637 D ActivityManager: freezing 1592 com.android.keychain
06-17 16:23:12.700   546   637 D ActivityManager: freezing 941 com.android.settings
06-17 16:23:12.701   546   637 D ActivityManager: freezing 2487 com.google.android.settings.intelligence
06-17 16:23:12.753   546   687 D InetDiagMessage: Destroyed 0 sockets, proto=IPPROTO_TCP, family=AF_INET, states=14
06-17 16:23:12.755   546   687 D InetDiagMessage: Destroyed 0 sockets, proto=IPPROTO_TCP, family=AF_INET6, states=14
06-17 16:23:12.755   546   687 D InetDiagMessage: Destroyed live tcp sockets for uids={10140} in 5ms
06-17 16:23:14.209  4298  4298 E Parcel  : Reading a NULL string not supported here.
06-17 16:23:14.210  4298  4298 W service : type=1400 audit(0.0:340): avc:  denied  { call } for  scontext=u:r:shell:s0 tcontext=u:r:hal_authsecret_default:s0 tclass=binder permissive=0
06-17 16:23:14.210  4298  4298 W service : type=1400 audit(0.0:341): avc:  denied  { call } for  scontext=u:r:shell:s0 tcontext=u:r:hal_face_default:s0 tclass=binder permissive=0
06-17 16:23:14.210  4298  4298 W service : type=1400 audit(0.0:342): avc:  denied  { call } for  scontext=u:r:shell:s0 tcontext=u:r:hal_fingerprint_default:s0 tclass=binder permissive=0
06-17 16:23:14.210  4298  4298 W service : type=1400 audit(0.0:343): avc:  denied  { call } for  scontext=u:r:shell:s0 tcontext=u:r:hal_bluetooth_default:s0 tclass=binder permissive=0
06-17 16:23:14.210  4298  4298 W service : type=1400 audit(0.0:344): avc:  denied  { call } for  scontext=u:r:shell:s0 tcontext=u:r:hal_audio_default:s0 tclass=binder permissive=0
06-17 16:23:14.210  4298  4298 W service : type=1400 audit(0.0:345): avc:  denied  { call } for  scontext=u:r:shell:s0 tcontext=u:r:hal_camera_default:s0 tclass=binder permissive=0
06-17 16:23:14.215  4298  4298 E IPCThreadState: Binder transaction failure. id: 291177, BR_*: 29201, error: -1 (Operation not permitted)
06-17 16:23:14.215  4298  4298 E IPCThreadState: Binder transaction failure. id: 291181, BR_*: 29201, error: -1 (Operation not permitted)
06-17 16:23:14.215  4298  4298 E IPCThreadState: Binder transaction failure. id: 291185, BR_*: 29201, error: -1 (Operation not permitted)
06-17 16:23:14.215  4298  4298 E IPCThreadState: Binder transaction failure. id: 291189, BR_*: 29201, error: -1 (Operation not permitted)
06-17 16:23:14.216  4298  4298 E IPCThreadState: Binder transaction failure. id: 291193, BR_*: 29201, error: -1 (Operation not permitted)
06-17 16:23:14.216  4298  4298 E IPCThreadState: Binder transaction failure. id: 291197, BR_*: 29201, error: -1 (Operation not permitted)
06-17 16:23:14.217  4298  4298 E IPCThreadState: Binder transaction failure. id: 291206, BR_*: 29201, error: -1 (Operation not permitted)
06-17 16:23:14.210  4298  4298 W service : type=1400 audit(0.0:346): avc:  denied  { call } for  scontext=u:r:shell:s0 tcontext=u:r:hal_camera_default:s0 tclass=binder permissive=0
06-17 16:23:14.214  4298  4298 W service : type=1400 audit(0.0:347): avc:  denied  { call } for  scontext=u:r:shell:s0 tcontext=u:r:hal_contexthub_default:s0 tclass=binder permissive=0
06-17 16:23:14.219  4298  4298 E IPCThreadState: Binder transaction failure. id: 291215, BR_*: 29201, error: -1 (Operation not permitted)
06-17 16:23:14.219  4298  4298 E IPCThreadState: Binder transaction failure. id: 291219, BR_*: 29201, error: -1 (Operation not permitted)
06-17 16:23:14.214  4298  4298 W service : type=1400 audit(0.0:348): avc:  denied  { call } for  scontext=u:r:shell:s0 tcontext=u:r:hal_gnss_default:s0 tclass=binder permissive=0
06-17 16:23:14.219  4298  4298 E IPCThreadState: Binder transaction failure. id: 291223, BR_*: 29201, error: -1 (Operation not permitted)
06-17 16:23:14.219  4298  4298 E IPCThreadState: Binder transaction failure. id: 291227, BR_*: 29201, error: -1 (Operation not permitted)
06-17 16:23:14.219  4298  4298 E IPCThreadState: Binder transaction failure. id: 291231, BR_*: 29201, error: -1 (Operation not permitted)
06-17 16:23:14.221  4298  4298 E IPCThreadState: Binder transaction failure. id: 291255, BR_*: 29201, error: -1 (Operation not permitted)
06-17 16:23:14.222  4298  4298 E IPCThreadState: Binder transaction failure. id: 291259, BR_*: 29201, error: -1 (Operation not permitted)
06-17 16:23:14.222  4298  4298 E IPCThreadState: Binder transaction failure. id: 291263, BR_*: 29201, error: -1 (Operation not permitted)
06-17 16:23:14.223  4298  4298 E IPCThreadState: Binder transaction failure. id: 291267, BR_*: 29201, error: -1 (Operation not permitted)
06-17 16:23:14.223  4298  4298 E IPCThreadState: Binder transaction failure. id: 291271, BR_*: 29201, error: -1 (Operation not permitted)
06-17 16:23:14.224  4298  4298 E IPCThreadState: Binder transaction failure. id: 291276, BR_*: 29201, error: -1 (Operation not permitted)
06-17 16:23:14.224  4298  4298 E IPCThreadState: Binder transaction failure. id: 291280, BR_*: 29201, error: -1 (Operation not permitted)
06-17 16:23:14.224  4298  4298 E IPCThreadState: Binder transaction failure. id: 291284, BR_*: 29201, error: -1 (Operation not permitted)
06-17 16:23:14.224  4298  4298 E IPCThreadState: Binder transaction failure. id: 291288, BR_*: 29201, error: -1 (Operation not permitted)
06-17 16:23:14.224  4298  4298 E IPCThreadState: Binder transaction failure. id: 291292, BR_*: 29201, error: -1 (Operation not permitted)
06-17 16:23:14.224  4298  4298 E IPCThreadState: Binder transaction failure. id: 291296, BR_*: 29201, error: -1 (Operation not permitted)
06-17 16:23:14.225  4298  4298 E IPCThreadState: Binder transaction failure. id: 291300, BR_*: 29201, error: -1 (Operation not permitted)
06-17 16:23:14.226  4298  4298 E IPCThreadState: Binder transaction failure. id: 291315, BR_*: 29201, error: -1 (Operation not permitted)
06-17 16:23:14.226  4298  4298 E IPCThreadState: Binder transaction failure. id: 291319, BR_*: 29201, error: -1 (Operation not permitted)
06-17 16:23:14.226  4298  4298 E IPCThreadState: Binder transaction failure. id: 291323, BR_*: 29201, error: -1 (Operation not permitted)
06-17 16:23:14.226  4298  4298 E IPCThreadState: Binder transaction failure. id: 291327, BR_*: 29201, error: -1 (Operation not permitted)
06-17 16:23:14.226  4298  4298 E IPCThreadState: Binder transaction failure. id: 291331, BR_*: 29201, error: -1 (Operation not permitted)
06-17 16:23:14.226  4298  4298 E IPCThreadState: Binder transaction failure. id: 291335, BR_*: 29201, error: -1 (Operation not permitted)
06-17 16:23:14.230  4298  4298 E IPCThreadState: Binder transaction failure. id: 291381, BR_*: 29201, error: -1 (Operation not permitted)
06-17 16:23:14.230  4298  4298 E IPCThreadState: Binder transaction failure. id: 291385, BR_*: 29201, error: -1 (Operation not permitted)
06-17 16:23:14.231  4298  4298 E Parcel  : Reading a NULL string not supported here.
06-17 16:23:14.238  4298  4298 E IPCThreadState: Binder transaction failure. id: 291424, BR_*: 29201, error: -1 (Operation not permitted)
06-17 16:23:14.243  4298  4298 E Parcel  : Reading a NULL string not supported here.
06-17 16:23:14.244  4298  4298 E Parcel  : Reading a NULL string not supported here.
06-17 16:23:14.245  4298  4298 E Parcel  : Reading a NULL string not supported here.
06-17 16:23:14.250  4298  4298 E Parcel  : Reading a NULL string not supported here.
06-17 16:23:14.251  4298  4298 E Parcel  : Reading a NULL string not supported here.
06-17 16:23:14.252  4298  4298 E Parcel  : Reading a NULL string not supported here.
06-17 16:23:14.253  4298  4298 E Parcel  : Reading a NULL string not supported here.
06-17 16:23:14.253  4298  4298 E Parcel  : Reading a NULL string not supported here.
06-17 16:23:14.256  4298  4298 E Parcel  : Reading a NULL string not supported here.
06-17 16:23:14.258  4298  4298 E Parcel  : Reading a NULL string not supported here.
06-17 16:23:14.263  4298  4298 E Parcel  : Reading a NULL string not supported here.
06-17 16:23:14.264  4298  4298 E Parcel  : Reading a NULL string not supported here.
06-17 16:23:14.269  4298  4298 E Parcel  : Reading a NULL string not supported here.
06-17 16:23:14.272  4298  4298 E Parcel  : Reading a NULL string not supported here.
06-17 16:23:14.276  4298  4298 E Parcel  : Reading a NULL string not supported here.
06-17 16:23:14.279  4298  4298 E Parcel  : Reading a NULL string not supported here.
06-17 16:23:14.282  4298  4298 E Parcel  : Reading a NULL string not supported here.
06-17 16:23:14.284  4298  4298 E Parcel  : Reading a NULL string not supported here.
06-17 16:23:14.287  4298  4298 E IPCThreadState: Binder transaction failure. id: 292483, BR_*: 29201, error: -1 (Operation not permitted)
06-17 16:23:14.332  4300  4300 E Parcel  : Reading a NULL string not supported here.
06-17 16:23:14.334  4300  4300 E IPCThreadState: Binder transaction failure. id: 292590, BR_*: 29201, error: -1 (Operation not permitted)
06-17 16:23:14.334  4300  4300 E IPCThreadState: Binder transaction failure. id: 292594, BR_*: 29201, error: -1 (Operation not permitted)
06-17 16:23:14.334  4300  4300 E IPCThreadState: Binder transaction failure. id: 292598, BR_*: 29201, error: -1 (Operation not permitted)
06-17 16:23:14.335  4300  4300 E IPCThreadState: Binder transaction failure. id: 292602, BR_*: 29201, error: -1 (Operation not permitted)
06-17 16:23:14.335  4300  4300 E IPCThreadState: Binder transaction failure. id: 292606, BR_*: 29201, error: -1 (Operation not permitted)
06-17 16:23:14.335  4300  4300 E IPCThreadState: Binder transaction failure. id: 292610, BR_*: 29201, error: -1 (Operation not permitted)
06-17 16:23:14.336  4300  4300 E IPCThreadState: Binder transaction failure. id: 292614, BR_*: 29201, error: -1 (Operation not permitted)
06-17 16:23:14.336  4300  4300 E IPCThreadState: Binder transaction failure. id: 292623, BR_*: 29201, error: -1 (Operation not permitted)
06-17 16:23:14.336  4300  4300 E IPCThreadState: Binder transaction failure. id: 292632, BR_*: 29201, error: -1 (Operation not permitted)
06-17 16:23:14.336  4300  4300 E IPCThreadState: Binder transaction failure. id: 292636, BR_*: 29201, error: -1 (Operation not permitted)
06-17 16:23:14.337  4300  4300 E IPCThreadState: Binder transaction failure. id: 292640, BR_*: 29201, error: -1 (Operation not permitted)
06-17 16:23:14.337  4300  4300 E IPCThreadState: Binder transaction failure. id: 292644, BR_*: 29201, error: -1 (Operation not permitted)
06-17 16:23:14.337  4300  4300 E IPCThreadState: Binder transaction failure. id: 292648, BR_*: 29201, error: -1 (Operation not permitted)
06-17 16:23:14.337  4300  4300 E IPCThreadState: Binder transaction failure. id: 292672, BR_*: 29201, error: -1 (Operation not permitted)
06-17 16:23:14.338  4300  4300 E IPCThreadState: Binder transaction failure. id: 292676, BR_*: 29201, error: -1 (Operation not permitted)
06-17 16:23:14.338  4300  4300 E IPCThreadState: Binder transaction failure. id: 292680, BR_*: 29201, error: -1 (Operation not permitted)
06-17 16:23:14.338  4300  4300 E IPCThreadState: Binder transaction failure. id: 292684, BR_*: 29201, error: -1 (Operation not permitted)
06-17 16:23:14.339  4300  4300 E IPCThreadState: Binder transaction failure. id: 292688, BR_*: 29201, error: -1 (Operation not permitted)
06-17 16:23:14.339  4300  4300 E IPCThreadState: Binder transaction failure. id: 292692, BR_*: 29201, error: -1 (Operation not permitted)
06-17 16:23:14.339  4300  4300 E IPCThreadState: Binder transaction failure. id: 292696, BR_*: 29201, error: -1 (Operation not permitted)
06-17 16:23:14.340  4300  4300 E IPCThreadState: Binder transaction failure. id: 292700, BR_*: 29201, error: -1 (Operation not permitted)
06-17 16:23:14.340  4300  4300 E IPCThreadState: Binder transaction failure. id: 292704, BR_*: 29201, error: -1 (Operation not permitted)
06-17 16:23:14.341  4300  4300 E IPCThreadState: Binder transaction failure. id: 292709, BR_*: 29201, error: -1 (Operation not permitted)
06-17 16:23:14.341  4300  4300 E IPCThreadState: Binder transaction failure. id: 292713, BR_*: 29201, error: -1 (Operation not permitted)
06-17 16:23:14.342  4300  4300 E IPCThreadState: Binder transaction failure. id: 292717, BR_*: 29201, error: -1 (Operation not permitted)
06-17 16:23:14.343  4300  4300 E IPCThreadState: Binder transaction failure. id: 292732, BR_*: 29201, error: -1 (Operation not permitted)
06-17 16:23:14.343  4300  4300 E IPCThreadState: Binder transaction failure. id: 292736, BR_*: 29201, error: -1 (Operation not permitted)
06-17 16:23:14.343  4300  4300 E IPCThreadState: Binder transaction failure. id: 292740, BR_*: 29201, error: -1 (Operation not permitted)
06-17 16:23:14.343  4300  4300 E IPCThreadState: Binder transaction failure. id: 292744, BR_*: 29201, error: -1 (Operation not permitted)
06-17 16:23:14.344  4300  4300 E IPCThreadState: Binder transaction failure. id: 292748, BR_*: 29201, error: -1 (Operation not permitted)
06-17 16:23:14.344  4300  4300 E IPCThreadState: Binder transaction failure. id: 292752, BR_*: 29201, error: -1 (Operation not permitted)
06-17 16:23:14.345  4300  4300 E IPCThreadState: Binder transaction failure. id: 292798, BR_*: 29201, error: -1 (Operation not permitted)
06-17 16:23:14.345  4300  4300 E IPCThreadState: Binder transaction failure. id: 292802, BR_*: 29201, error: -1 (Operation not permitted)
06-17 16:23:14.346  4300  4300 E Parcel  : Reading a NULL string not supported here.
06-17 16:23:14.347  4300  4300 E IPCThreadState: Binder transaction failure. id: 292841, BR_*: 29201, error: -1 (Operation not permitted)
06-17 16:23:14.348  4300  4300 E Parcel  : Reading a NULL string not supported here.
06-17 16:23:14.348  4300  4300 E Parcel  : Reading a NULL string not supported here.
06-17 16:23:14.349  4300  4300 E Parcel  : Reading a NULL string not supported here.
06-17 16:23:14.351  4300  4300 E Parcel  : Reading a NULL string not supported here.
06-17 16:23:14.351  4300  4300 E Parcel  : Reading a NULL string not supported here.
06-17 16:23:14.351  4300  4300 E Parcel  : Reading a NULL string not supported here.
06-17 16:23:14.352  4300  4300 E Parcel  : Reading a NULL string not supported here.
06-17 16:23:14.353  4300  4300 E Parcel  : Reading a NULL string not supported here.
06-17 16:23:14.353  4300  4300 E Parcel  : Reading a NULL string not supported here.
06-17 16:23:14.354  4300  4300 E Parcel  : Reading a NULL string not supported here.
06-17 16:23:14.356  4300  4300 E Parcel  : Reading a NULL string not supported here.
06-17 16:23:14.357  4300  4300 E Parcel  : Reading a NULL string not supported here.
06-17 16:23:14.359  4300  4300 E Parcel  : Reading a NULL string not supported here.
06-17 16:23:14.360  4300  4300 E Parcel  : Reading a NULL string not supported here.
06-17 16:23:14.362  4300  4300 E Parcel  : Reading a NULL string not supported here.
06-17 16:23:14.363  4300  4300 E Parcel  : Reading a NULL string not supported here.
06-17 16:23:14.364  4300  4300 E Parcel  : Reading a NULL string not supported here.
06-17 16:23:14.365  4300  4300 E Parcel  : Reading a NULL string not supported here.
06-17 16:23:14.366  4300  4300 E IPCThreadState: Binder transaction failure. id: 293898, BR_*: 29201, error: -1 (Operation not permitted)
06-17 16:23:14.508   546   637 D ActivityManager: freezing 2636 com.google.android.gms.unstable
06-17 16:23:14.847   546   612 W IPCThreadState: Sending oneway calls to frozen process.
06-17 16:23:14.848   546   612 W IPCThreadState: Sending oneway calls to frozen process.
06-17 16:23:14.855   546   612 W IPCThreadState: Sending oneway calls to frozen process.
06-17 16:23:14.856   546   612 W IPCThreadState: Sending oneway calls to frozen process.
06-17 16:23:14.858   546   612 W IPCThreadState: Sending oneway calls to frozen process.
06-17 16:23:14.859   546   612 W IPCThreadState: Sending oneway calls to frozen process.
06-17 16:23:14.859   546   612 W IPCThreadState: Sending oneway calls to frozen process.
06-17 16:23:14.861   546   612 W IPCThreadState: Sending oneway calls to frozen process.
06-17 16:23:14.861   546   612 W IPCThreadState: Sending oneway calls to frozen process.
06-17 16:23:14.862   546   612 W IPCThreadState: Sending oneway calls to frozen process.
06-17 16:23:14.863   546   612 W IPCThreadState: Sending oneway calls to frozen process.
06-17 16:23:14.864   546   612 W IPCThreadState: Sending oneway calls to frozen process.
06-17 16:23:14.866   546   612 W IPCThreadState: Sending oneway calls to frozen process.
06-17 16:23:14.866   546   612 W IPCThreadState: Sending oneway calls to frozen process.
06-17 16:23:14.867   546   612 W IPCThreadState: Sending oneway calls to frozen process.
06-17 16:23:14.868   546   612 W IPCThreadState: Sending oneway calls to frozen process.
06-17 16:23:14.870   546   612 W IPCThreadState: Sending oneway calls to frozen process.
06-17 16:23:14.872   546   612 W IPCThreadState: Sending oneway calls to frozen process.
06-17 16:23:14.874   546   612 W IPCThreadState: Sending oneway calls to frozen process.
06-17 16:23:14.876   546   612 W IPCThreadState: Sending oneway calls to frozen process.
06-17 16:23:14.879   546   612 W IPCThreadState: Sending oneway calls to frozen process.
06-17 16:23:14.881   546   612 W IPCThreadState: Sending oneway calls to frozen process.
06-17 16:23:14.883   546   612 W IPCThreadState: Sending oneway calls to frozen process.
06-17 16:23:14.885   546   612 W IPCThreadState: Sending oneway calls to frozen process.
06-17 16:23:14.887   546   612 W IPCThreadState: Sending oneway calls to frozen process.
06-17 16:23:14.890   546   612 W IPCThreadState: Sending oneway calls to frozen process.
06-17 16:23:14.896   546   612 W IPCThreadState: Sending oneway calls to frozen process.
06-17 16:23:14.897   546   612 W IPCThreadState: Sending oneway calls to frozen process.
06-17 16:23:14.897   546   612 W IPCThreadState: Sending oneway calls to frozen process.
06-17 16:23:14.899   546   612 W IPCThreadState: Sending oneway calls to frozen process.
06-17 16:23:14.901   546   612 W IPCThreadState: Sending oneway calls to frozen process.
06-17 16:23:14.903   546   612 W IPCThreadState: Sending oneway calls to frozen process.
06-17 16:23:14.905   546   612 W IPCThreadState: Sending oneway calls to frozen process.
06-17 16:23:14.908   546   612 W IPCThreadState: Sending oneway calls to frozen process.
06-17 16:23:14.910   546   612 W IPCThreadState: Sending oneway calls to frozen process.
06-17 16:23:14.914   546   612 W IPCThreadState: Sending oneway calls to frozen process.
06-17 16:23:14.927   546   612 W IPCThreadState: Sending oneway calls to frozen process.
06-17 16:23:14.936   546   612 W IPCThreadState: Sending oneway calls to frozen process.
06-17 16:23:14.944   546   612 W IPCThreadState: Sending oneway calls to frozen process.
06-17 16:23:14.947   546   612 W IPCThreadState: Sending oneway calls to frozen process.
06-17 16:23:14.954   546   612 W IPCThreadState: Sending oneway calls to frozen process.
06-17 16:23:14.958   546   612 W IPCThreadState: Sending oneway calls to frozen process.
06-17 16:23:14.962   546   612 W IPCThreadState: Sending oneway calls to frozen process.
06-17 16:23:14.964   546   612 W IPCThreadState: Sending oneway calls to frozen process.
06-17 16:23:14.967   546   612 W IPCThreadState: Sending oneway calls to frozen process.
06-17 16:23:14.970   546   612 W IPCThreadState: Sending oneway calls to frozen process.
06-17 16:23:14.977   546   612 W IPCThreadState: Sending oneway calls to frozen process.
06-17 16:23:14.982   546   612 W IPCThreadState: Sending oneway calls to frozen process.
06-17 16:23:14.984   546   612 W IPCThreadState: Sending oneway calls to frozen process.
06-17 16:23:14.987   546   612 W IPCThreadState: Sending oneway calls to frozen process.
06-17 16:23:14.989   546   612 W IPCThreadState: Sending oneway calls to frozen process.
06-17 16:23:14.990   546   612 W IPCThreadState: Sending oneway calls to frozen process.
06-17 16:23:14.992   546   612 W IPCThreadState: Sending oneway calls to frozen process.
06-17 16:23:14.996   546   612 W IPCThreadState: Sending oneway calls to frozen process.
06-17 16:23:14.999   546   612 W IPCThreadState: Sending oneway calls to frozen process.
06-17 16:23:15.012   546   612 W IPCThreadState: Sending oneway calls to frozen process.
06-17 16:23:15.017   546   612 W IPCThreadState: Sending oneway calls to frozen process.
06-17 16:23:15.024   546   612 W IPCThreadState: Sending oneway calls to frozen process.
06-17 16:23:15.036   546   612 W IPCThreadState: Sending oneway calls to frozen process.
06-17 16:23:15.037   546   612 W IPCThreadState: Sending oneway calls to frozen process.
06-17 16:23:15.037   546   612 W IPCThreadState: Sending oneway calls to frozen process.
06-17 16:23:15.042   546   612 W IPCThreadState: Sending oneway calls to frozen process.
06-17 16:23:15.048   546   612 W IPCThreadState: Sending oneway calls to frozen process.
06-17 16:23:15.073   546   612 W IPCThreadState: Sending oneway calls to frozen process.
06-17 16:23:15.075   546   612 W IPCThreadState: Sending oneway calls to frozen process.
06-17 16:23:15.076   546   612 W IPCThreadState: Sending oneway calls to frozen process.
06-17 16:23:15.081   546  1768 E SystemServiceRegistry: No service published for: persistent_data_block
06-17 16:23:15.081   546  1768 E SystemServiceRegistry: android.os.ServiceManager$ServiceNotFoundException: No service published for: persistent_data_block
06-17 16:23:15.081   546  1768 E SystemServiceRegistry: 	at android.os.ServiceManager.getServiceOrThrow(ServiceManager.java:203)
06-17 16:23:15.081   546  1768 E SystemServiceRegistry: 	at android.app.SystemServiceRegistry$81.createService(SystemServiceRegistry.java:1071)
06-17 16:23:15.081   546  1768 E SystemServiceRegistry: 	at android.app.SystemServiceRegistry$81.createService(SystemServiceRegistry.java:1068)
06-17 16:23:15.081   546  1768 E SystemServiceRegistry: 	at android.app.SystemServiceRegistry$StaticServiceFetcher.getService(SystemServiceRegistry.java:2293)
06-17 16:23:15.081   546  1768 E SystemServiceRegistry: 	at android.app.SystemServiceRegistry.getSystemService(SystemServiceRegistry.java:1812)
06-17 16:23:15.081   546  1768 E SystemServiceRegistry: 	at android.app.ContextImpl.getSystemService(ContextImpl.java:2241)
06-17 16:23:15.081   546  1768 E SystemServiceRegistry: 	at android.content.Context.getSystemService(Context.java:4503)
06-17 16:23:15.081   546  1768 E SystemServiceRegistry: 	at com.android.server.pm.PackageInstallerSession.markAsSealed(PackageInstallerSession.java:2394)
06-17 16:23:15.081   546  1768 E SystemServiceRegistry: 	at com.android.server.pm.PackageInstallerSession.commit(PackageInstallerSession.java:2143)
06-17 16:23:15.081   546  1768 E SystemServiceRegistry: 	at android.content.pm.PackageInstaller$Session.commit(PackageInstaller.java:1977)
06-17 16:23:15.081   546  1768 E SystemServiceRegistry: 	at com.android.server.pm.PackageManagerShellCommand.doCommitSession(PackageManagerShellCommand.java:4298)
06-17 16:23:15.081   546  1768 E SystemServiceRegistry: 	at com.android.server.pm.PackageManagerShellCommand.doRunInstall(PackageManagerShellCommand.java:1634)
06-17 16:23:15.081   546  1768 E SystemServiceRegistry: 	at com.android.server.pm.PackageManagerShellCommand.runInstall(PackageManagerShellCommand.java:1561)
06-17 16:23:15.081   546  1768 E SystemServiceRegistry: 	at com.android.server.pm.PackageManagerShellCommand.onCommand(PackageManagerShellCommand.java:245)
06-17 16:23:15.081   546  1768 E SystemServiceRegistry: 	at com.android.modules.utils.BasicShellCommandHandler.exec(BasicShellCommandHandler.java:97)
06-17 16:23:15.081   546  1768 E SystemServiceRegistry: 	at android.os.ShellCommand.exec(ShellCommand.java:38)
06-17 16:23:15.081   546  1768 E SystemServiceRegistry: 	at com.android.server.pm.PackageManagerService$IPackageManagerImpl.onShellCommand(PackageManagerService.java:6561)
06-17 16:23:15.081   546  1768 E SystemServiceRegistry: 	at android.os.Binder.shellCommand(Binder.java:1230)
06-17 16:23:15.081   546  1768 E SystemServiceRegistry: 	at android.os.Binder.onTransact(Binder.java:1043)
06-17 16:23:15.081   546  1768 E SystemServiceRegistry: 	at android.content.pm.IPackageManager$Stub.onTransact(IPackageManager.java:4620)
06-17 16:23:15.081   546  1768 E SystemServiceRegistry: 	at com.android.server.pm.PackageManagerService$IPackageManagerImpl.onTransact(PackageManagerService.java:6545)
06-17 16:23:15.081   546  1768 E SystemServiceRegistry: 	at android.os.Binder.execTransactInternal(Binder.java:1505)
06-17 16:23:15.081   546  1768 E SystemServiceRegistry: 	at android.os.Binder.execTransact(Binder.java:1444)
06-17 16:23:15.081   546  1768 E SystemServiceRegistry: Manager wrapper not available: persistent_data_block
06-17 16:23:15.140   546   612 W IPCThreadState: Sending oneway calls to frozen process.
06-17 16:23:15.142   546   612 D FileSystemUtils: Punching holes in file: /data/app/vmdl416664169.tmp/base.apk programHeaderOffset: 64 programHeaderNum: 9
06-17 16:23:15.142   546   612 D FileSystemUtils: Total number of LOAD segments 3
06-17 16:23:15.142   546   612 D FileSystemUtils: Size before punching holes st_blocks: 126744, st_blksize: 4096, st_size: 64888696
06-17 16:23:15.142   546   612 D FileSystemUtils: Size after punching holes st_blocks: 126744, st_blksize: 4096, st_size: 64888696
06-17 16:23:15.142   546   612 D FileSystemUtils: Extra field length: 8340,  Size before punching holes st_blocks: 126744, st_blksize: 4096, st_size: 64888696
06-17 16:23:15.142   546   612 D FileSystemUtils: Extra field length: 8340 content near offset: 00000000000000000000000000000000000000000000000000000000000000000000000000000000000000000000000000000000000000000000000000000000000000000000000000000000000000000000000000000000000000000000000000000000000000000000000000000000000000000000000000000000000000000000000000000000000000000000000000000000000000000000000000000000000000000000000000000000000000000000000000000000000000000000000000000000000000000000000000000000000000000000000000000000000000000000000000000000000000000000000000000000000000000000000000000000000000000000000000000000000000000000000000000000000000000000000000000000000000000000000000000000000000000000000000000000000000000000000000000000000000000000000000000000000000000000000000000000000000000000000000000000000000000000000000000000000000000000000000000000000000000000000000000000000000000000000000000000000000000000000000000000000000000000000000000000000000000000000000000000000000000000000000000000000000000000000000000000000000000000000000000000000000000
06-17 16:23:15.142   546   612 D FileSystemUtils: Punching hole in file - start: 64053248 len:8192
06-17 16:23:15.142   546   612 D FileSystemUtils: punchHolesInApk:: Size after punching holes st_blocks: 126728, st_blksize: 4096, st_size: 64888696
06-17 16:23:15.143   546   612 W IPCThreadState: Sending oneway calls to frozen process.
06-17 16:23:15.151   546   652 W PackageParsing: Ignoring duplicate uses-permissions/uses-permissions-sdk-m: android.permission.INTERNET in package: com.coded.capstone at: Binary XML file line #21
06-17 16:23:15.154   546   599 I PackageManager: Integrity check passed for file:///data/app/vmdl416664169.tmp
06-17 16:23:15.158   546   599 W PackageParsing: Ignoring duplicate uses-permissions/uses-permissions-sdk-m: android.permission.INTERNET in package: com.coded.capstone at: Binary XML file line #21
06-17 16:23:15.161   546   576 I ActivityManager: Force stopping com.coded.capstone appid=10207 user=-1: installPackageLI
06-17 16:23:15.162   546   576 E ActivityManager: Unable to freeze binder for 4259: -11
06-17 16:23:15.166   546   566 D DisplayManagerService: Drop pending events for gone uid 10207
06-17 16:23:15.172   546   599 I PackageManager: Update package com.coded.capstone code path from /data/app/~~zD4r9133Lz0d6OH0O7mcSg==/com.coded.capstone-rtc-rnQNrohSg4DUOx8m-w== to /data/app/~~Gwa6LKAgUD0wiIaVqDEU3A==/com.coded.capstone-DpNVqzoMhIiPDvyDnv0K7A==; Retain data and using new
06-17 16:23:15.173   546   687 D InetDiagMessage: Destroyed 0 sockets, proto=IPPROTO_TCP, family=AF_INET, states=14
06-17 16:23:15.176   546   576 I ActivityManager: Killing 4259:com.coded.capstone/u0a207 (adj 0): stop com.coded.capstone due to installPackageLI
06-17 16:23:15.177   546   687 D InetDiagMessage: Destroyed 0 sockets, proto=IPPROTO_TCP, family=AF_INET6, states=14
06-17 16:23:15.180   546   687 D InetDiagMessage: Destroyed live tcp sockets for uids={10207} in 8ms
06-17 16:23:15.181   546   687 D InetDiagMessage: Destroyed 0 sockets, proto=IPPROTO_TCP, family=AF_INET, states=14
06-17 16:23:15.181   546   687 D InetDiagMessage: Destroyed 0 sockets, proto=IPPROTO_TCP, family=AF_INET6, states=14
06-17 16:23:15.181   546   687 D InetDiagMessage: Destroyed live tcp sockets for uids={20207} in 0ms
06-17 16:23:15.189   546   576 D CompatChangeReporter: Compat change id reported: 311208629; UID 10207; state: ENABLED
06-17 16:23:15.192   546   566 W WindowOnBackDispatcher: sendCancelIfRunning: isInProgress=false callback=android.view.ViewRootImpl$$ExternalSyntheticLambda11@4909960
06-17 16:23:15.192   546   566 D CoreBackPreview: Window{517e948 u0 Application Error: com.coded.capstone}: Setting back callback null
06-17 16:23:15.199   546  2374 W ActivityManager: Ignoring remove of inactive process: ProcessRecord{9439ced 0:com.coded.capstone/u0a207}
06-17 16:23:15.272   546  1766 V ActivityManager: Got obituary of 4259:com.coded.capstone
06-17 16:23:15.273   389   389 I adbd    : Remote process closed the socket (on MSG_PEEK)
06-17 16:23:15.278   546   566 W InputManager-JNI: Input channel object '517e948 Application Error: com.coded.capstone (client)' was disposed without first being removed with the input manager!
06-17 16:23:15.280   546   578 I libprocessgroup: Removed cgroup /sys/fs/cgroup/uid_10207/pid_4259
06-17 16:23:15.336   320   320 I Zygote  : Process 4259 exited due to signal 9 (Killed)
06-17 16:23:15.446  1244  1255 W .apps.wellbeing: ApkAssets: Deleting an ApkAssets object '<empty> and /product/app/YouTube/YouTube.apk' with 1 weak references
06-17 16:23:15.530   546   566 W Looper  : Slow dispatch took 319ms android.ui h=com.android.server.am.ActivityManagerService$UiHandler c=com.android.server.am.ErrorDialogController$$ExternalSyntheticLambda4@397515 m=0
06-17 16:23:15.530   546   566 W Looper  : Slow delivery took 340ms android.ui h=com.android.server.am.ActivityManagerService$UiHandler c=null m=32
06-17 16:23:15.537  1244  1255 W .apps.wellbeing: ApkAssets: Deleting an ApkAssets object '<empty> and /product/overlay/DisplayCutoutEmulationCorner/DisplayCutoutEmulationCornerOverlay.apk' with 1 weak references
06-17 16:23:15.539  1244  1255 W .apps.wellbeing: ApkAssets: Deleting an ApkAssets object '<empty> and /apex/com.android.extservices/priv-app/GoogleExtServices@350820300/GoogleExtServices.apk' with 1 weak references
06-17 16:23:15.540  1244  1255 W .apps.wellbeing: ApkAssets: Deleting an ApkAssets object '<empty> and /product/overlay/DisplayCutoutEmulationDouble/DisplayCutoutEmulationDoubleOverlay.apk' with 1 weak references
06-17 16:23:15.540  1244  1255 W .apps.wellbeing: ApkAssets: Deleting an ApkAssets object '<empty> and /system/priv-app/TelephonyProvider/TelephonyProvider.apk' with 1 weak references
06-17 16:23:15.540  1244  1255 W .apps.wellbeing: ApkAssets: Deleting an ApkAssets object '/product/overlay/TelephonyProvider__sdk_gphone64_arm64__auto_generated_rro_product.apk' with 1 weak references
06-17 16:23:15.544   546   566 W Looper  : Drained
06-17 16:23:15.545  1244  1255 W .apps.wellbeing: ApkAssets: Deleting an ApkAssets object '<empty> and /system/priv-app/DynamicSystemInstallationService/DynamicSystemInstallationService.apk' with 1 weak references
06-17 16:23:15.545  1244  1255 W .apps.wellbeing: ApkAssets: Deleting an ApkAssets object '<empty> and /product/priv-app/Velvet/Velvet.apk' with 1 weak references
06-17 16:23:15.546  1244  1255 W .apps.wellbeing: ApkAssets: Deleting an ApkAssets object '<empty> and /system/priv-app/CalendarProvider/CalendarProvider.apk' with 1 weak references
06-17 16:23:15.546  1244  1255 W .apps.wellbeing: ApkAssets: Deleting an ApkAssets object '<empty> and /product/priv-app/GoogleOneTimeInitializer/GoogleOneTimeInitializer.apk' with 1 weak references
06-17 16:23:15.546  1244  1255 W .apps.wellbeing: ApkAssets: Deleting an ApkAssets object '<empty> and /system/app/GoogleExtShared/GoogleExtShared.apk' with 1 weak references
06-17 16:23:15.547  1244  1255 W .apps.wellbeing: ApkAssets: Deleting an ApkAssets object '<empty> and /system/priv-app/ExternalStorageProvider/ExternalStorageProvider.apk' with 1 weak references
06-17 16:23:15.547  1244  1255 W .apps.wellbeing: ApkAssets: Deleting an ApkAssets object '<empty> and /system/app/HTMLViewer/HTMLViewer.apk' with 1 weak references
06-17 16:23:15.547  1244  1255 W .apps.wellbeing: ApkAssets: Deleting an ApkAssets object '<empty> and /system/app/CompanionDeviceManager/CompanionDeviceManager.apk' with 1 weak references
06-17 16:23:15.547  1244  1255 W .apps.wellbeing: ApkAssets: Deleting an ApkAssets object '<empty> and /system/priv-app/DownloadProvider/DownloadProvider.apk' with 1 weak references
06-17 16:23:15.547  1244  1255 W .apps.wellbeing: ApkAssets: Deleting an ApkAssets object '<empty> and /product/priv-app/PrebuiltBugle/PrebuiltBugle.apk' with 1 weak references
06-17 16:23:15.547  1244  1255 W .apps.wellbeing: ApkAssets: Deleting an ApkAssets object '<empty> and /product/app/SoundPickerPrebuilt/SoundPickerPrebuilt.apk' with 1 weak references
06-17 16:23:15.548  1244  1255 W .apps.wellbeing: ApkAssets: Deleting an ApkAssets object '<empty> and /apex/com.android.mediaprovider/priv-app/MediaProviderGoogle@350820300/MediaProviderGoogle.apk' with 1 weak references
06-17 16:23:15.548  1244  1255 W .apps.wellbeing: ApkAssets: Deleting an ApkAssets object '<empty> and /product/priv-app/SafetyHubPrebuilt/SafetyHubPrebuilt.apk' with 1 weak references
06-17 16:23:15.551   546   568 V WindowManager: Unknown focus tokens, dropping reportFocusChanged
06-17 16:23:15.561  1244  1255 W .apps.wellbeing: ApkAssets: Deleting an ApkAssets object '<empty> and /data/app/~~zD4r9133Lz0d6OH0O7mcSg==/com.coded.capstone-rtc-rnQNrohSg4DUOx8m-w==/base.apk' with 1 weak references
06-17 16:23:15.563  1244  1255 W .apps.wellbeing: ApkAssets: Deleting an ApkAssets object '<empty> and /system/priv-app/DownloadProviderUi/DownloadProviderUi.apk' with 1 weak references
06-17 16:23:15.565  1244  1255 W .apps.wellbeing: ApkAssets: Deleting an ApkAssets object '<empty> and /apex/com.android.wifi/app/OsuLoginGoogle@350820300/OsuLoginGoogle.apk' with 1 weak references
06-17 16:23:15.566  1244  1255 W .apps.wellbeing: ApkAssets: Deleting an ApkAssets object '<empty> and /data/app/~~-0Ow9N3_oRoELwyFkSyVkQ==/com.android.vending-SJxcQmb395VWksHRRSeXcw==/base.apk' with 1 weak references
06-17 16:23:15.566  1244  1255 W .apps.wellbeing: ApkAssets: Deleting an ApkAssets object '<empty> and /data/app/~~-0Ow9N3_oRoELwyFkSyVkQ==/com.android.vending-SJxcQmb395VWksHRRSeXcw==/split_config.arm64_v8a.apk' with 1 weak references
06-17 16:23:15.567  1244  1255 W .apps.wellbeing: ApkAssets: Deleting an ApkAssets object '<empty> and /data/app/~~-0Ow9N3_oRoELwyFkSyVkQ==/com.android.vending-SJxcQmb395VWksHRRSeXcw==/split_config.en.apk' with 1 weak references
06-17 16:23:15.567  1244  1255 W .apps.wellbeing: ApkAssets: Deleting an ApkAssets object '<empty> and /data/app/~~-0Ow9N3_oRoELwyFkSyVkQ==/com.android.vending-SJxcQmb395VWksHRRSeXcw==/split_phonesky_data_loader.apk' with 1 weak references
06-17 16:23:15.567  1244  1255 W .apps.wellbeing: ApkAssets: Deleting an ApkAssets object '<empty> and /data/app/~~-0Ow9N3_oRoELwyFkSyVkQ==/com.android.vending-SJxcQmb395VWksHRRSeXcw==/split_phonesky_data_loader.config.arm64_v8a.apk' with 1 weak references
06-17 16:23:15.568  1244  1255 W .apps.wellbeing: ApkAssets: Deleting an ApkAssets object '<empty> and /system/app/PacProcessor/PacProcessor.apk' with 1 weak references
06-17 16:23:15.569  1244  1255 W .apps.wellbeing: ApkAssets: Deleting an ApkAssets object '<empty> and /system/app/SimAppDialog/SimAppDialog.apk' with 1 weak references
06-17 16:23:15.569   546   653 I ImeTracker: com.google.android.apps.nexuslauncher:3013545a: onRequestHide at ORIGIN_SERVER reason HIDE_SAME_WINDOW_FOCUSED_WITHOUT_EDITOR fromUser false
06-17 16:23:15.569  1244  1255 W .apps.wellbeing: ApkAssets: Deleting an ApkAssets object '/product/overlay/SimAppDialog__sdk_gphone64_arm64__auto_generated_rro_product.apk' with 1 weak references
06-17 16:23:15.569  1244  1255 W .apps.wellbeing: ApkAssets: Deleting an ApkAssets object '<empty> and /apex/com.android.adservices/priv-app/AdServicesApkGoogle@350820260/AdServicesApkGoogle.apk' with 1 weak references
06-17 16:23:15.570  1244  1255 W .apps.wellbeing: ApkAssets: Deleting an ApkAssets object '<empty> and /product/overlay/DisplayCutoutEmulationHole/DisplayCutoutEmulationHoleOverlay.apk' with 1 weak references
06-17 16:23:15.570   546   653 I ImeTracker: com.google.android.apps.nexuslauncher:3013545a: onCancelled at PHASE_SERVER_SHOULD_HIDE
06-17 16:23:15.573  1244  1255 W .apps.wellbeing: ApkAssets: Deleting an ApkAssets object '<empty> and /product/overlay/DisplayCutoutEmulationTall/DisplayCutoutEmulationTallOverlay.apk' with 1 weak references
06-17 16:23:15.573  1244  1255 W .apps.wellbeing: ApkAssets: Deleting an ApkAssets object '<empty> and /system/app/CertInstaller/CertInstaller.apk' with 1 weak references
06-17 16:23:15.573  1244  1255 W .apps.wellbeing: ApkAssets: Deleting an ApkAssets object '<empty> and /product/app/talkback/talkback.apk' with 1 weak references
06-17 16:23:15.574  1244  1255 W .apps.wellbeing: ApkAssets: Deleting an ApkAssets object '/vendor/overlay/EmulatorTalkBackOverlay/EmulatorTalkBackOverlay.apk' with 1 weak references
06-17 16:23:15.577  1244  1255 W .apps.wellbeing: ApkAssets: Deleting an ApkAssets object '<empty> and /product/overlay/NavigationBarMode3Button/NavigationBarMode3ButtonOverlay.apk' with 1 weak references
06-17 16:23:15.577  1244  1255 W .apps.wellbeing: ApkAssets: Deleting an ApkAssets object '<empty> and /product/app/Camera2/Camera2.apk' with 1 weak references
06-17 16:23:15.578  1244  1255 W .apps.wellbeing: ApkAssets: Deleting an ApkAssets object '<empty> and /system/app/EasterEgg/EasterEgg.apk' with 1 weak references
06-17 16:23:15.578  1244  1255 W .apps.wellbeing: ApkAssets: Deleting an ApkAssets object '<empty> and /system/priv-app/MtpService/MtpService.apk' with 1 weak references
06-17 16:23:15.579  1244  1255 W .apps.wellbeing: ApkAssets: Deleting an ApkAssets object '<empty> and /apex/com.android.nfcservices/priv-app/NfcNciApexGoogle@AE3A.240806.036/NfcNciApexGoogle.apk' with 1 weak references
06-17 16:23:15.591  1244  1255 W .apps.wellbeing: ApkAssets: Deleting an ApkAssets object '<empty> and /system/app/Stk/Stk.apk' with 1 weak references
06-17 16:23:15.594  1244  1255 W .apps.wellbeing: ApkAssets: Deleting an ApkAssets object '<empty> and /product/app/PrebuiltDeskClockGoogle/PrebuiltDeskClockGoogle.apk' with 1 weak references
06-17 16:23:15.596  1244  1255 W .apps.wellbeing: ApkAssets: Deleting an ApkAssets object '<empty> and /product/overlay/NavigationBarMode2Button/NavigationBarMode2ButtonOverlay.apk' with 1 weak references
06-17 16:23:15.597  1244  1255 W .apps.wellbeing: ApkAssets: Deleting an ApkAssets object '<empty> and /product/priv-app/DevicePersonalizationPrebuiltPixel2021-aiai_20240329.00_RC16/DevicePersonalizationPrebuiltPixel2021-aiai_20240329.00_RC16.apk' with 1 weak references
06-17 16:23:15.601  1244  1255 W .apps.wellbeing: ApkAssets: Deleting an ApkAssets object '<empty> and /product/app/PrebuiltGmail/PrebuiltGmail.apk' with 1 weak references
06-17 16:23:15.605  1244  1255 W .apps.wellbeing: ApkAssets: Deleting an ApkAssets object '<empty> and /apex/com.android.permission/priv-app/GooglePermissionController@350820360/GooglePermissionController.apk' with 1 weak references
06-17 16:23:15.605  1244  1255 W .apps.wellbeing: ApkAssets: Deleting an ApkAssets object '/product/overlay/GooglePermissionControllerOverlay.apk' with 1 weak references
06-17 16:23:15.605  1244  1255 W .apps.wellbeing: ApkAssets: Deleting an ApkAssets object '<empty> and /apex/com.android.btservices/app/BluetoothGoogle@342010060/BluetoothGoogle.apk' with 1 weak references
06-17 16:23:15.605  1244  1255 W .apps.wellbeing: ApkAssets: Deleting an ApkAssets object '<empty> and /system/priv-app/SettingsProvider/SettingsProvider.apk' with 1 weak references
06-17 16:23:15.605  1244  1255 W .apps.wellbeing: ApkAssets: Deleting an ApkAssets object '/product/overlay/LargeScreenSettingsProviderOverlay.apk' with 1 weak references
06-17 16:23:15.605  1244  1255 W .apps.wellbeing: ApkAssets: Deleting an ApkAssets object '/product/overlay/SettingsProvider__sdk_gphone64_arm64__auto_generated_rro_product.apk' with 1 weak references
06-17 16:23:15.605  1244  1255 W .apps.wellbeing: ApkAssets: Deleting an ApkAssets object '<empty> and /system/app/PrintSpooler/PrintSpooler.apk' with 1 weak references
06-17 16:23:15.606  1244  1255 W .apps.wellbeing: ApkAssets: Deleting an ApkAssets object '<empty> and /system/app/BasicDreams/BasicDreams.apk' with 1 weak references
06-17 16:23:15.606  1244  1255 W .apps.wellbeing: ApkAssets: Deleting an ApkAssets object '<empty> and /product/priv-app/DeviceIntelligenceNetworkPrebuilt-astrea_20240329.00_RC02/DeviceIntelligenceNetworkPrebuilt-astrea_20240329.00_RC02.apk' with 1 weak references
06-17 16:23:15.606  1244  1255 W .apps.wellbeing: ApkAssets: Deleting an ApkAssets object '<empty> and /system/priv-app/InputDevices/InputDevices.apk' with 1 weak references
06-17 16:23:15.606  1244  1255 W .apps.wellbeing: ApkAssets: Deleting an ApkAssets object '<empty> and /apex/com.android.devicelock/priv-app/DeviceLockControllerGoogle@AE3A.240806.036/DeviceLockControllerGoogle.apk' with 1 weak references
06-17 16:23:15.606  1244  1255 W .apps.wellbeing: ApkAssets: Deleting an ApkAssets object '<empty> and /product/priv-app/GoogleDialer/GoogleDialer.apk' with 1 weak references
06-17 16:23:15.606  1244  1255 W .apps.wellbeing: ApkAssets: Deleting an ApkAssets object '<empty> and /system/priv-app/BuiltInPrintService/BuiltInPrintService.apk' with 1 weak references
06-17 16:23:15.606  1244  1255 W .apps.wellbeing: ApkAssets: Deleting an ApkAssets object '/product/overlay/BuiltInPrintService__sdk_gphone64_arm64__auto_generated_rro_product.apk' with 1 weak references
06-17 16:23:15.607  1244  1255 W .apps.wellbeing: ApkAssets: Deleting an ApkAssets object '<empty> and /system/app/CaptivePortalLoginGoogle/CaptivePortalLoginGoogle.apk' with 1 weak references
06-17 16:23:15.614  1302  1302 I GoogleInputMethodService: GoogleInputMethodService.onFinishInput():3157 
06-17 16:23:15.616  1244  1255 W .apps.wellbeing: ApkAssets: Deleting an ApkAssets object '<empty> and /system/priv-app/MusicFX/MusicFX.apk' with 1 weak references
06-17 16:23:15.616  1244  1255 W .apps.wellbeing: ApkAssets: Deleting an ApkAssets object '<empty> and /product/app/Drive/Drive.apk' with 1 weak references
06-17 16:23:15.618  1244  1255 W .apps.wellbeing: ApkAssets: Deleting an ApkAssets object '<empty> and /product/app/Maps/Maps.apk' with 1 weak references
06-17 16:23:15.619  1244  1255 W .apps.wellbeing: ApkAssets: Deleting an ApkAssets object '<empty> and /product/app/ModuleMetadataGoogle/ModuleMetadataGoogle.apk' with 1 weak references
06-17 16:23:15.619  1244  1255 W .apps.wellbeing: ApkAssets: Deleting an ApkAssets object '<empty> and /product/overlay/DisplayCutoutEmulationEmu01/DisplayCutoutEmulationEmu01Overlay.apk' with 1 weak references
06-17 16:23:15.619  1244  1255 W .apps.wellbeing: ApkAssets: Deleting an ApkAssets object '<empty> and /system_ext/priv-app/AvatarPickerGoogle/AvatarPickerGoogle.apk' with 1 weak references
06-17 16:23:15.619  1244  1255 W .apps.wellbeing: ApkAssets: Deleting an ApkAssets object '<empty> and /product/app/MarkupGoogle_v2/MarkupGoogle_v2.apk' with 1 weak references
06-17 16:23:15.620  1244  1255 W .apps.wellbeing: ApkAssets: Deleting an ApkAssets object '<empty> and /system/priv-app/NetworkStackGoogle/NetworkStackGoogle.apk' with 1 weak references
06-17 16:23:15.620  1244  1255 W .apps.wellbeing: ApkAssets: Deleting an ApkAssets object '<empty> and /apex/com.android.rkpd/priv-app/rkpdapp.google@350820300/rkpdapp.google.apk' with 1 weak references
06-17 16:23:15.620  1244  1255 W .apps.wellbeing: ApkAssets: Deleting an ApkAssets object '<empty> and /product/app/GoogleContacts/GoogleContacts.apk' with 1 weak references
06-17 16:23:15.623  1244  1255 W .apps.wellbeing: ApkAssets: Deleting an ApkAssets object '<empty> and /system/priv-app/Telecom/Telecom.apk' with 1 weak references
06-17 16:23:15.626  1244  1255 W .apps.wellbeing: ApkAssets: Deleting an ApkAssets object '/product/overlay/Telecom__sdk_gphone64_arm64__auto_generated_rro_product.apk' with 1 weak references
06-17 16:23:15.627  1244  1255 W .apps.wellbeing: ApkAssets: Deleting an ApkAssets object '<empty> and /system/app/KeyChain/KeyChain.apk' with 1 weak references
06-17 16:23:15.627  1244  1255 W .apps.wellbeing: ApkAssets: Deleting an ApkAssets object '<empty> and /data/app/~~_MGoreFcpih9hUDKAyUjRA==/com.android.chrome-8PX9sBsTn4GwWSNRzaWuEQ==/Chrome.apk' with 1 weak references
06-17 16:23:15.631  1244  1255 W .apps.wellbeing: ApkAssets: Deleting an ApkAssets object '<empty> and /data/app/~~xLF8iYaC-c79sSSSiLn8Bw==/com.google.android.trichromelibrary_636771932-W2p1GGUGQdX1iZvqA36tHw==/TrichromeLibrary.apk' with 1 weak references
06-17 16:23:15.631  1244  1255 W .apps.wellbeing: ApkAssets: Deleting an ApkAssets object '<empty> and /system/priv-app/GooglePackageInstaller/GooglePackageInstaller.apk' with 1 weak references
06-17 16:23:15.631  1244  1255 W .apps.wellbeing: ApkAssets: Deleting an ApkAssets object '<empty> and /product/app/PixelThemesStub/PixelThemesStub.apk' with 1 weak references
06-17 16:23:15.631  1244  1255 W .apps.wellbeing: ApkAssets: Deleting an ApkAssets object '<empty> and /system_ext/priv-app/GoogleServicesFramework/GoogleServicesFramework.apk' with 1 weak references
06-17 16:23:15.631  1244  1255 W .apps.wellbeing: ApkAssets: Deleting an ApkAssets object '<empty> and /system/priv-app/TagGoogle/TagGoogle.apk' with 1 weak references
06-17 16:23:15.631  1244  1255 W .apps.wellbeing: ApkAssets: Deleting an ApkAssets object '<empty> and /product/app/GoogleTTS/GoogleTTS.apk' with 1 weak references
06-17 16:23:15.632  1244  1255 W .apps.wellbeing: ApkAssets: Deleting an ApkAssets object '<empty> and /system/priv-app/CallLogBackup/CallLogBackup.apk' with 1 weak references
06-17 16:23:15.632  1244  1255 W .apps.wellbeing: ApkAssets: Deleting an ApkAssets object '<empty> and /product/priv-app/PartnerSetupPrebuilt/PartnerSetupPrebuilt.apk' with 1 weak references
06-17 16:23:15.632  1244  1255 W .apps.wellbeing: ApkAssets: Deleting an ApkAssets object '<empty> and /system/app/CameraExtensionsProxy/CameraExtensionsProxy.apk' with 1 weak references
06-17 16:23:15.653  1244  1255 W .apps.wellbeing: ApkAssets: Deleting an ApkAssets object '<empty> and /product/app/NexusWallpapersStubPrebuilt2018/NexusWallpapersStubPrebuilt2018.apk' with 1 weak references
06-17 16:23:15.654  1244  1255 W .apps.wellbeing: ApkAssets: Deleting an ApkAssets object '<empty> and /system_ext/priv-app/NexusLauncherRelease/NexusLauncherRelease.apk' with 1 weak references
06-17 16:23:15.655  1244  1255 W .apps.wellbeing: ApkAssets: Deleting an ApkAssets object '<empty> and /system/app/CarrierDefaultApp/CarrierDefaultApp.apk' with 1 weak references
06-17 16:23:15.655  1244  1255 W .apps.wellbeing: ApkAssets: Deleting an ApkAssets object '<empty> and /system/priv-app/CredentialManager/CredentialManager.apk' with 1 weak references
06-17 16:23:15.655  1244  1255 W .apps.wellbeing: ApkAssets: Deleting an ApkAssets object '<empty> and /product/overlay/FontNotoSerifSource/FontNotoSerifSourceOverlay.apk' with 1 weak references
06-17 16:23:15.656  1244  1255 W .apps.wellbeing: ApkAssets: Deleting an ApkAssets object '<empty> and /system/priv-app/DeviceAsWebcam/DeviceAsWebcam.apk' with 1 weak references
06-17 16:23:15.658  1073  1073 D BoundBrokerSvc: onUnbind: Intent { act=com.google.android.gms.libs.gmscorelogger.service.START dat=chimera-action:/... cmp=com.google.android.gms/.chimera.PersistentDirectBootAwareApiService }
06-17 16:23:15.660  1244  1255 W .apps.wellbeing: ApkAssets: Deleting an ApkAssets object '<empty> and /system/priv-app/ProxyHandler/ProxyHandler.apk' with 1 weak references
06-17 16:23:15.661  1244  1255 W .apps.wellbeing: ApkAssets: Deleting an ApkAssets object '<empty> and /apex/com.android.permission/priv-app/GoogleSafetyCenterResources@350820360/GoogleSafetyCenterResources.apk' with 1 weak references
06-17 16:23:15.663  1244  1255 W .apps.wellbeing: ApkAssets: Deleting an ApkAssets object '<empty> and /product/overlay/DisplayCutoutEmulationWaterfall/DisplayCutoutEmulationWaterfallOverlay.apk' with 1 weak references
06-17 16:23:15.663  1244  1255 W .apps.wellbeing: ApkAssets: Deleting an ApkAssets object '<empty> and /system/priv-app/IntentResolver/IntentResolver.apk' with 1 weak references
06-17 16:23:15.664  1244  1255 W .apps.wellbeing: ApkAssets: Deleting an ApkAssets object '<empty> and /product/overlay/TransparentNavigationBar/TransparentNavigationBarOverlay.apk' with 1 weak references
